Component: ARM Compiler 5.06 update 6 (build 750) Tool: armlink [4d35ed]

==============================================================================

Section Cross References

    startup_stm32f103xb.o(STACK) refers (Special) to heapauxi.o(.text) for __use_two_region_memory
    startup_stm32f103xb.o(HEAP) refers (Special) to heapauxi.o(.text) for __use_two_region_memory
    startup_stm32f103xb.o(RESET) refers (Special) to heapauxi.o(.text) for __use_two_region_memory
    startup_stm32f103xb.o(RESET) refers to startup_stm32f103xb.o(STACK) for __initial_sp
    startup_stm32f103xb.o(RESET) refers to startup_stm32f103xb.o(.text) for Reset_Handler
    startup_stm32f103xb.o(RESET) refers to stm32f1xx_it.o(i.NMI_Handler) for NMI_Handler
    startup_stm32f103xb.o(RESET) refers to stm32f1xx_it.o(i.HardFault_Handler) for HardFault_Handler
    startup_stm32f103xb.o(RESET) refers to stm32f1xx_it.o(i.MemManage_Handler) for MemManage_Handler
    startup_stm32f103xb.o(RESET) refers to stm32f1xx_it.o(i.BusFault_Handler) for BusFault_Handler
    startup_stm32f103xb.o(RESET) refers to stm32f1xx_it.o(i.UsageFault_Handler) for UsageFault_Handler
    startup_stm32f103xb.o(RESET) refers to stm32f1xx_it.o(i.SVC_Handler) for SVC_Handler
    startup_stm32f103xb.o(RESET) refers to stm32f1xx_it.o(i.DebugMon_Handler) for DebugMon_Handler
    startup_stm32f103xb.o(RESET) refers to stm32f1xx_it.o(i.PendSV_Handler) for PendSV_Handler
    startup_stm32f103xb.o(RESET) refers to stm32f1xx_it.o(i.SysTick_Handler) for SysTick_Handler
    startup_stm32f103xb.o(RESET) refers to stm32f1xx_it.o(i.DMA1_Channel4_IRQHandler) for DMA1_Channel4_IRQHandler
    startup_stm32f103xb.o(RESET) refers to stm32f1xx_it.o(i.DMA1_Channel5_IRQHandler) for DMA1_Channel5_IRQHandler
    startup_stm32f103xb.o(RESET) refers to stm32f1xx_it.o(i.TIM4_IRQHandler) for TIM4_IRQHandler
    startup_stm32f103xb.o(RESET) refers to stm32f1xx_it.o(i.SPI1_IRQHandler) for SPI1_IRQHandler
    startup_stm32f103xb.o(RESET) refers to stm32f1xx_it.o(i.USART1_IRQHandler) for USART1_IRQHandler
    startup_stm32f103xb.o(.text) refers (Special) to heapauxi.o(.text) for __use_two_region_memory
    startup_stm32f103xb.o(.text) refers to system_stm32f1xx.o(i.SystemInit) for SystemInit
    startup_stm32f103xb.o(.text) refers to __main.o(!!!main) for __main
    startup_stm32f103xb.o(.text) refers to startup_stm32f103xb.o(HEAP) for Heap_Mem
    startup_stm32f103xb.o(.text) refers to startup_stm32f103xb.o(STACK) for Stack_Mem
    main.o(i.SystemClock_Config) refers to rt_memclr_w.o(.text) for __aeabi_memclr4
    main.o(i.SystemClock_Config) refers to stm32f1xx_hal_rcc.o(i.HAL_RCC_OscConfig) for HAL_RCC_OscConfig
    main.o(i.SystemClock_Config) refers to stm32f1xx_hal_rcc.o(i.HAL_RCC_ClockConfig) for HAL_RCC_ClockConfig
    main.o(i.main) refers to stm32f1xx_hal.o(i.HAL_Init) for HAL_Init
    main.o(i.main) refers to main.o(i.SystemClock_Config) for SystemClock_Config
    main.o(i.main) refers to gpio.o(i.MX_GPIO_Init) for MX_GPIO_Init
    main.o(i.main) refers to dma.o(i.MX_DMA_Init) for MX_DMA_Init
    main.o(i.main) refers to usart.o(i.MX_USART1_UART_Init) for MX_USART1_UART_Init
    main.o(i.main) refers to tim.o(i.MX_TIM4_Init) for MX_TIM4_Init
    main.o(i.main) refers to usart.o(i.MX_USART2_UART_Init) for MX_USART2_UART_Init
    main.o(i.main) refers to spi.o(i.MX_SPI1_Init) for MX_SPI1_Init
    main.o(i.main) refers to rc522.o(i.PCD_Reset) for PCD_Reset
    main.o(i.main) refers to rc522.o(i.PCD_AntennaOff) for PCD_AntennaOff
    main.o(i.main) refers to rc522.o(i.PCD_AntennaOn) for PCD_AntennaOn
    main.o(i.main) refers to delay.o(i.Delay_Init) for Delay_Init
    main.o(i.main) refers to oled.o(i.OLED_Init) for OLED_Init
    main.o(i.main) refers to ds1302.o(i.DS1302_Init) for DS1302_Init
    main.o(i.main) refers to uln2003.o(i.ULN2003_Init) for ULN2003_Init
    main.o(i.main) refers to esp8266.o(i.ESP8266_Init) for ESP8266_Init
    main.o(i.main) refers to stm32f1xx_hal_uart.o(i.HAL_UART_Transmit) for HAL_UART_Transmit
    main.o(i.main) refers to delay.o(i.delay_ms) for delay_ms
    main.o(i.main) refers to esp8266.o(i.ESP8266_ConnectWiFi) for ESP8266_ConnectWiFi
    main.o(i.main) refers to esp8266.o(i.ESP8266_ConnectCloud) for ESP8266_ConnectCloud
    main.o(i.main) refers to esp8266.o(i.ESP8266_MQTT_Subscribe) for ESP8266_MQTT_Subscribe
    main.o(i.main) refers to esp8266.o(i.ESP8266_ProcessMessages) for ESP8266_ProcessMessages
    main.o(i.main) refers to usart.o(.bss) for huart2
    gpio.o(i.MX_GPIO_Init) refers to stm32f1xx_hal_gpio.o(i.HAL_GPIO_WritePin) for HAL_GPIO_WritePin
    gpio.o(i.MX_GPIO_Init) refers to stm32f1xx_hal_gpio.o(i.HAL_GPIO_Init) for HAL_GPIO_Init
    dma.o(i.MX_DMA_Init) refers to stm32f1xx_hal_cortex.o(i.HAL_NVIC_SetPriority) for HAL_NVIC_SetPriority
    dma.o(i.MX_DMA_Init) refers to stm32f1xx_hal_cortex.o(i.HAL_NVIC_EnableIRQ) for HAL_NVIC_EnableIRQ
[...]
    global_hooks                             0x20000018   Data          12  cjson.o(.data)
    .data                                    0x20000024   Section        4  esp8266.o(.data)
    .data                                    0x20000028   Section       24  mqtt_publisher.o(.data)
    mqtt_pub_flag                            0x20000028   Data           1  mqtt_publisher.o(.data)
    last_pub                                 0x2000002c   Data           4  mqtt_publisher.o(.data)
    .data                                    0x20000040   Section        8  delay.o(.data)
    fac_us                                   0x20000040   Data           4  delay.o(.data)
    fac_ms                                   0x20000044   Data           4  delay.o(.data)
    .bss                                     0x20000048   Section       88  spi.o(.bss)
    .bss                                     0x200000a0   Section       72  tim.o(.bss)
    .bss                                     0x200000e8   Section      280  usart.o(.bss)
    .bss                                     0x20000200   Section      512  esp8266.o(.bss)
    .bss                                     0x20000400   Section     1152  oled.o(.bss)
    .bss                                     0x20000880   Section       96  libspace.o(.bss)
    HEAP                                     0x200008e0   Section      512  startup_stm32f103xb.o(HEAP)
    Heap_Mem                                 0x200008e0   Data         512  startup_stm32f103xb.o(HEAP)
    STACK                                    0x20000ae0   Section     1024  startup_stm32f103xb.o(STACK)
    Stack_Mem                                0x20000ae0   Data        1024  startup_stm32f103xb.o(STACK)
    __initial_sp                             0x20000ee0   Data           0  startup_stm32f103xb.o(STACK)

    Global Symbols

    Symbol Name                              Value     Ov Type        Size  Object(Section)

    BuildAttributes$$THM_ISAv4$P$D$K$B$S$PE$A:L22UL41UL21$X:L11$S22US41US21$IEEE1$IW$USESV6$~STKCKD$USESV7$~SHL$OTIME$ROPI$IEEEX$EBA8$UX$STANDARDLIB$REQ8$PRES8$EABIv2 0x00000000   Number         0  anon$$obj.o ABSOLUTE
    __ARM_use_no_argv                        0x00000000   Number         0  main.o ABSOLUTE
    _printf_flags                            0x00000000   Number         0  printf_stubs.o ABSOLUTE
    _printf_return_value                     0x00000000   Number         0  printf_stubs.o ABSOLUTE
    _printf_sizespec                         0x00000000   Number         0  printf_stubs.o ABSOLUTE
    _printf_widthprec                        0x00000000   Number         0  printf_stubs.o ABSOLUTE
    __ARM_exceptions_init                     - Undefined Weak Reference
    __alloca_initialize                       - Undefined Weak Reference
    __arm_preinit_                            - Undefined Weak Reference
    __cpp_initialize__aeabi_                  - Undefined Weak Reference
    __cxa_finalize                            - Undefined Weak Reference
    __sigvec_lookup                           - Undefined Weak Reference
    __user_heap_extent                        - Undefined Weak Reference
    _atexit_init                              - Undefined Weak Reference
    _call_atexit_fns                          - Undefined Weak Reference
    _clock_init                               - Undefined Weak Reference
    _fp_trap_init                             - Undefined Weak Reference
    _fp_trap_shutdown                         - Undefined Weak Reference
    _get_lc_collate                           - Undefined Weak Reference
    _get_lc_monetary                          - Undefined Weak Reference
    _get_lc_time                              - Undefined Weak Reference
    _getenv_init                              - Undefined Weak Reference
    _handle_redirection                       - Undefined Weak Reference
    _initio                                   - Undefined Weak Reference
    _mutex_acquire                            - Undefined Weak Reference
    _mutex_free                               - Undefined Weak Reference
    _mutex_release                            - Undefined Weak Reference
    _printf_mbtowc                            - Undefined Weak Reference
    _printf_truncate_signed                   - Undefined Weak Reference
    _printf_truncate_unsigned                 - Undefined Weak Reference
    _rand_init                                - Undefined Weak Reference
    _scanf_int                                - Undefined Weak Reference
    _scanf_longlong                           - Undefined Weak Reference
    _scanf_mbtowc                             - Undefined Weak Reference
    _scanf_string                             - Undefined Weak Reference
    _scanf_wctomb                             - Undefined Weak Reference
    _scanf_wstring                            - Undefined Weak Reference
    _signal_finish                            - Undefined Weak Reference
    _signal_init                              - Undefined Weak Reference
    _terminateio                              - Undefined Weak Reference
    __Vectors_Size                           0x000000ec   Number         0  startup_stm32f103xb.o ABSOLUTE
    __Vectors                                0x08000000   Data           4  startup_stm32f103xb.o(RESET)
    __Vectors_End                            0x080000ec   Data           0  startup_stm32f103xb.o(RESET)
    __main                                   0x080000ed   Thumb Code     8  __main.o(!!!main)
    __scatterload                            0x080000f5   Thumb Code     0  __scatter.o(!!!scatter)
    __scatterload_rt2                        0x080000f5   Thumb Code    44  __scatter.o(!!!scatter)
    __scatterload_rt2_thumb_only             0x080000f5   Thumb Code     0  __scatter.o(!!!scatter)
    __scatterload_null                       0x08000103   Thumb Code     0  __scatter.o(!!!scatter)
    __scatterload_copy                       0x08000129   Thumb Code    26  __scatter_copy.o(!!handler_copy)
    __scatterload_zeroinit                   0x08000145   Thumb Code    28  __scatter_zi.o(!!handler_zi)
    _printf_d                                0x08000161   Thumb Code     0  _printf_d.o(.ARM.Collect$$_printf_percent$$00000009)
    _printf_percent                          0x08000161   Thumb Code     0  _printf_percent.o(.ARM.Collect$$_printf_percent$$00000000)
    _printf_u                                0x08000167   Thumb Code     0  _printf_u.o(.ARM.Collect$$_printf_percent$$0000000A)
    _printf_s                                0x0800016d   Thumb Code     0  _printf_s.o(.ARM.Collect$$_printf_percent$$00000014)
    _printf_percent_end                      0x08000173   Thumb Code     0  _printf_percent_end.o(.ARM.Collect$$_printf_percent$$00000017)
    __rt_lib_init                            0x08000177   Thumb Code     0  libinit.o(.ARM.Collect$$libinit$$00000000)
    __rt_lib_init_fp_1                       0x08000179   Thumb Code     0  libinit2.o(.ARM.Collect$$libinit$$00000002)
    __rt_lib_init_heap_2                     0x08000179   Thumb Code     0  libinit2.o(.ARM.Collect$$libinit$$00000005)
    __rt_lib_init_preinit_1                  0x08000179   Thumb Code     0  libinit2.o(.ARM.Collect$$libinit$$00000004)
    __rt_lib_init_heap_1                     0x08000181   Thumb Code     0  libinit2.o(.ARM.Collect$$libinit$$0000000A)
    __rt_lib_init_lc_common                  0x08000181   Thumb Code     0  libinit2.o(.ARM.Collect$$libinit$$0000000F)
    __rt_lib_init_rand_1                     0x08000181   Thumb Code     0  libinit2.o(.ARM.Collect$$libinit$$0000000E)
    __rt_lib_init_user_alloc_1               0x08000181   Thumb Code     0  libinit2.o(.ARM.Collect$$libinit$$0000000C)
    __rt_lib_init_lc_collate_1               0x08000187   Thumb Code     0  libinit2.o(.ARM.Collect$$libinit$$00000011)
    __rt_lib_init_lc_ctype_2                 0x08000187   Thumb Code     0  libinit2.o(.ARM.Collect$$libinit$$00000012)
    __rt_lib_init_lc_ctype_1                 0x08000193   Thumb Code     0  libinit2.o(.ARM.Collect$$libinit$$00000013)
    __rt_lib_init_lc_monetary_1              0x08000193   Thumb Code     0  libinit2.o(.ARM.Collect$$libinit$$00000015)
    __rt_lib_init_lc_numeric_2               0x08000193   Thumb Code     0  libinit2.o(.ARM.Collect$$libinit$$00000016)
    __rt_lib_init_alloca_1                   0x0800019d   Thumb Code     0  libinit2.o(.ARM.Collect$$libinit$$0000002E)
    __rt_lib_init_argv_1                     0x0800019d   Thumb Code     0  libinit2.o(.ARM.Collect$$libinit$$0000002C)
    __rt_lib_init_atexit_1                   0x0800019d   Thumb Code     0  libinit2.o(.ARM.Collect$$libinit$$0000001B)
    __rt_lib_init_clock_1                    0x0800019d   Thumb Code     0  libinit2.o(.ARM.Collect$$libinit$$00000021)
    __rt_lib_init_cpp_1                      0x0800019d   Thumb Code     0  libinit2.o(.ARM.Collect$$libinit$$00000032)
    __rt_lib_init_exceptions_1               0x0800019d   Thumb Code     0  libinit2.o(.ARM.Collect$$libinit$$00000030)
    __rt_lib_init_fp_trap_1                  0x0800019d   Thumb Code     0  libinit2.o(.ARM.Collect$$libinit$$0000001F)
    __rt_lib_init_getenv_1                   0x0800019d   Thumb Code     0  libinit2.o(.ARM.Collect$$libinit$$00000023)
    __rt_lib_init_lc_numeric_1               0x0800019d   Thumb Code     0  libinit2.o(.ARM.Collect$$libinit$$00000017)
    __rt_lib_init_lc_time_1                  0x0800019d   Thumb Code     0  libinit2.o(.ARM.Collect$$libinit$$00000019)
    __rt_lib_init_return                     0x0800019d   Thumb Code     0  libinit2.o(.ARM.Collect$$libinit$$00000033)
    __rt_lib_init_signal_1                   0x0800019d   Thumb Code     0  libinit2.o(.ARM.Collect$$libinit$$0000001D)
    __rt_lib_init_stdio_1                    0x0800019d   Thumb Code     0  libinit2.o(.ARM.Collect$$libinit$$00000025)
    __rt_lib_shutdown                        0x0800019f   Thumb Code     0  libshutdown.o(.ARM.Collect$$libshutdown$$00000000)
    __rt_lib_shutdown_cpp_1                  0x080001a1   Thumb Code     0  libshutdown2.o(.ARM.Collect$$libshutdown$$00000002)
    __rt_lib_shutdown_fp_trap_1              0x080001a1   Thumb Code     0  libshutdown2.o(.ARM.Collect$$libshutdown$$00000007)
    __rt_lib_shutdown_heap_1                 0x080001a1   Thumb Code     0  libshutdown2.o(.ARM.Collect$$libshutdown$$0000000F)
    __rt_lib_shutdown_return                 0x080001a1   Thumb Code     0  libshutdown2.o(.ARM.Collect$$libshutdown$$00000010)
    __rt_lib_shutdown_signal_1               0x080001a1   Thumb Code     0  libshutdown2.o(.ARM.Collect$$libshutdown$$0000000A)
    __rt_lib_shutdown_stdio_1                0x080001a1   Thumb Code     0  libshutdown2.o(.ARM.Collect$$libshutdown$$00000004)
    __rt_lib_shutdown_user_alloc_1           0x080001a1   Thumb Code     0  libshutdown2.o(.ARM.Collect$$libshutdown$$0000000C)
    __rt_entry                               0x080001a3   Thumb Code     0  __rtentry.o(.ARM.Collect$$rtentry$$00000000)
    __rt_entry_presh_1                       0x080001a3   Thumb Code     0  __rtentry2.o(.ARM.Collect$$rtentry$$00000002)
    __rt_entry_sh                            0x080001a3   Thumb Code     0  __rtentry4.o(.ARM.Collect$$rtentry$$00000004)
    __rt_entry_li                            0x080001a9   Thumb Code     0  __rtentry2.o(.ARM.Collect$$rtentry$$0000000A)
    __rt_entry_postsh_1                      0x080001a9   Thumb Code     0  __rtentry2.o(.ARM.Collect$$rtentry$$00000009)
    __rt_entry_main                          0x080001ad   Thumb Code     0  __rtentry2.o(.ARM.Collect$$rtentry$$0000000D)
    __rt_entry_postli_1                      0x080001ad   Thumb Code     0  __rtentry2.o(.ARM.Collect$$rtentry$$0000000C)
    __rt_exit                                0x080001b5   Thumb Code     0  rtexit.o(.ARM.Collect$$rtexit$$00000000)
    __rt_exit_ls                             0x080001b7   Thumb Code     0  rtexit2.o(.ARM.Collect$$rtexit$$00000003)
    __rt_exit_prels_1                        0x080001b7   Thumb Code     0  rtexit2.o(.ARM.Collect$$rtexit$$00000002)
    __rt_exit_exit                           0x080001bb   Thumb Code     0  rtexit2.o(.ARM.Collect$$rtexit$$00000004)
    Reset_Handler                            0x080001c1   Thumb Code     8  startup_stm32f103xb.o(.text)
    _maybe_terminate_alloc                   0x080001c1   Thumb Code     0  maybetermalloc1.o(.emb_text)
    ADC1_2_IRQHandler                        0x080001db   Thumb Code     0  startup_stm32f103xb.o(.text)
    CAN1_RX1_IRQHandler                      0x080001db   Thumb Code     0  startup_stm32f103xb.o(.text)
    CAN1_SCE_IRQHandler                      0x080001db   Thumb Code     0  startup_stm32f103xb.o(.text)
    DMA1_Channel1_IRQHandler                 0x080001db   Thumb Code     0  startup_stm32f103xb.o(.text)
    DMA1_Channel2_IRQHandler                 0x080001db   Thumb Code     0  startup_stm32f103xb.o(.text)
    DMA1_Channel3_IRQHandler                 0x080001db   Thumb Code     0  startup_stm32f103xb.o(.text)
    DMA1_Channel6_IRQHandler                 0x080001db   Thumb Code     0  startup_stm32f103xb.o(.text)
    DMA1_Channel7_IRQHandler                 0x080001db   Thumb Code     0  startup_stm32f103xb.o(.text)
    EXTI0_IRQHandler                         0x080001db   Thumb Code     0  startup_stm32f103xb.o(.text)
    EXTI15_10_IRQHandler                     0x080001db   Thumb Code     0  startup_stm32f103xb.o(.text)
    EXTI1_IRQHandler                         0x080001db   Thumb Code     0  startup_stm32f103xb.o(.text)
    EXTI2_IRQHandler                         0x080001db   Thumb Code     0  startup_stm32f103xb.o(.text)
    EXTI3_IRQHandler                         0x080001db   Thumb Code     0  startup_stm32f103xb.o(.text)
    EXTI4_IRQHandler                         0x080001db   Thumb Code     0  startup_stm32f103xb.o(.text)
    EXTI9_5_IRQHandler                       0x080001db   Thumb Code     0  startup_stm32f103xb.o(.text)
    FLASH_IRQHandler                         0x080001db   Thumb Code     0  startup_stm32f103xb.o(.text)
    I2C1_ER_IRQHandler                       0x080001db   Thumb Code     0  startup_stm32f103xb.o(.text)
    I2C1_EV_IRQHandler                       0x080001db   Thumb Code     0  startup_stm32f103xb.o(.text)
    I2C2_ER_IRQHandler                       0x080001db   Thumb Code     0  startup_stm32f103xb.o(.text)
    I2C2_EV_IRQHandler                       0x080001db   Thumb Code     0  startup_stm32f103xb.o(.text)
    PVD_IRQHandler                           0x080001db   Thumb Code     0  startup_stm32f103xb.o(.text)
    RCC_IRQHandler                           0x080001db   Thumb Code     0  startup_stm32f103xb.o(.text)
    RTC_Alarm_IRQHandler                     0x080001db   Thumb Code     0  startup_stm32f103xb.o(.text)
    RTC_IRQHandler                           0x080001db   Thumb Code     0  startup_stm32f103xb.o(.text)
    SPI2_IRQHandler                          0x080001db   Thumb Code     0  startup_stm32f103xb.o(.text)
    TAMPER_IRQHandler                        0x080001db   Thumb Code     0  startup_stm32f103xb.o(.text)
    TIM1_BRK_IRQHandler                      0x080001db   Thumb Code     0  startup_stm32f103xb.o(.text)
    TIM1_CC_IRQHandler                       0x080001db   Thumb Code     0  startup_stm32f103xb.o(.text)
    TIM1_TRG_COM_IRQHandler                  0x080001db   Thumb Code     0  startup_stm32f103xb.o(.text)
    TIM1_UP_IRQHandler                       0x080001db   Thumb Code     0  startup_stm32f103xb.o(.text)
    TIM2_IRQHandler                          0x080001db   Thumb Code     0  startup_stm32f103xb.o(.text)
    TIM3_IRQHandler                          0x080001db   Thumb Code     0  startup_stm32f103xb.o(.text)
    USART2_IRQHandler                        0x080001db   Thumb Code     0  startup_stm32f103xb.o(.text)
    USART3_IRQHandler                        0x080001db   Thumb Code     0  startup_stm32f103xb.o(.text)
    USBWakeUp_IRQHandler                     0x080001db   Thumb Code     0  startup_stm32f103xb.o(.text)
    USB_HP_CAN1_TX_IRQHandler                0x080001db   Thumb Code     0  startup_stm32f103xb.o(.text)
    USB_LP_CAN1_RX0_IRQHandler               0x080001db   Thumb Code     0  startup_stm32f103xb.o(.text)
    WWDG_IRQHandler                          0x080001db   Thumb Code     0  startup_stm32f103xb.o(.text)
    __user_initial_stackheap                 0x080001dd   Thumb Code     0  startup_stm32f103xb.o(.text)
    malloc                                   0x08000201   Thumb Code    94  h1_alloc.o(.text)
    free                                     0x0800025f   Thumb Code    78  h1_free.o(.text)
    realloc                                  0x080002ad   Thumb Code   184  h1_realloc.o(.text)
    tolower                                  0x08000365   Thumb Code    26  tolower.o(.text)
    __2sprintf                               0x08000381   Thumb Code    38  __2sprintf.o(.text)
    __2snprintf                              0x080003ad   Thumb Code    50  __2snprintf.o(.text)
    _printf_str                              0x080003e5   Thumb Code    82  _printf_str.o(.text)
    _printf_int_dec                          0x08000439   Thumb Code   104  _printf_dec.o(.text)
    __printf                                 0x080004b1   Thumb Code   388  __printf_flags_ss_wp.o(.text)
    atoi                                     0x08000639   Thumb Code    26  atoi.o(.text)
    strchr                                   0x08000653   Thumb Code    20  strchr.o(.text)
    strstr                                   0x08000667   Thumb Code    36  strstr.o(.text)
    strlen                                   0x0800068b   Thumb Code    62  strlen.o(.text)
    strncmp                                  0x080006c9   Thumb Code   150  strncmp.o(.text)
    __aeabi_memcpy                           0x0800075f   Thumb Code     0  rt_memcpy_v6.o(.text)
    __rt_memcpy                              0x0800075f   Thumb Code   138  rt_memcpy_v6.o(.text)
    _memcpy_lastbytes                        0x080007c5   Thumb Code     0  rt_memcpy_v6.o(.text)
    __aeabi_memcpy4                          0x080007e9   Thumb Code     0  rt_memcpy_w.o(.text)
    __aeabi_memcpy8                          0x080007e9   Thumb Code     0  rt_memcpy_w.o(.text)
    __rt_memcpy_w                            0x080007e9   Thumb Code   100  rt_memcpy_w.o(.text)
    _memcpy_lastbytes_aligned                0x08000831   Thumb Code     0  rt_memcpy_w.o(.text)
    __aeabi_memclr                           0x0800084d   Thumb Code     0  rt_memclr.o(.text)
    __rt_memclr                              0x0800084d   Thumb Code    68  rt_memclr.o(.text)
    _memset                                  0x08000851   Thumb Code     0  rt_memclr.o(.text)
    __aeabi_memclr4                          0x08000891   Thumb Code     0  rt_memclr_w.o(.text)
    __aeabi_memclr8                          0x08000891   Thumb Code     0  rt_memclr_w.o(.text)
    __rt_memclr_w                            0x08000891   Thumb Code    78  rt_memclr_w.o(.text)
    _memset_w                                0x08000895   Thumb Code     0  rt_memclr_w.o(.text)
    strcmp                                   0x080008e1   Thumb Code   128  strcmpv7m.o(.text)
    __use_two_region_memory                  0x08000961   Thumb Code     2  heapauxi.o(.text)
    __rt_heap_escrow                         0x08000963   Thumb Code     2  heapauxi.o(.text)
    __rt_heap_expand                         0x08000965   Thumb Code     2  heapauxi.o(.text)
    __rt_ctype_table                         0x08000969   Thumb Code    16  rt_ctype_table.o(.text)
    __rt_heap_descriptor                     0x08000979   Thumb Code     8  rt_heap_descriptor_intlibspace.o(.text)
    __aeabi_errno_addr                       0x08000981   Thumb Code     8  rt_errno_addr_intlibspace.o(.text)
    __errno$intlibspace                      0x08000981   Thumb Code     0  rt_errno_addr_intlibspace.o(.text)
    __rt_errno_addr$intlibspace              0x08000981   Thumb Code     0  rt_errno_addr_intlibspace.o(.text)
    __use_no_heap                            0x08000989   Thumb Code     2  hguard.o(.text)
    __heap$guard                             0x0800098b   Thumb Code     2  hguard.o(.text)
    _terminate_user_alloc                    0x0800098d   Thumb Code     2  init_alloc.o(.text)
    _init_user_alloc                         0x0800098f   Thumb Code     2  init_alloc.o(.text)
    __Heap_Full                              0x08000991   Thumb Code    34  init_alloc.o(.text)
    __Heap_Broken                            0x080009b3   Thumb Code     6  init_alloc.o(.text)
    _init_alloc                              0x080009b9   Thumb Code    94  init_alloc.o(.text)
    __Heap_Initialize                        0x08000a17   Thumb Code    10  h1_init.o(.text)
    __Heap_DescSize                          0x08000a21   Thumb Code     4  h1_init.o(.text)
    _printf_int_common                       0x08000a25   Thumb Code   178  _printf_intcommon.o(.text)
    _printf_char_common                      0x08000ae3   Thumb Code    32  _printf_char_common.o(.text)
    _sputc                                   0x08000b09   Thumb Code    10  _sputc.o(.text)
    _snputc                                  0x08000b13   Thumb Code    16  _snputc.o(.text)
    _printf_cs_common                        0x08000b23   Thumb Code    20  _printf_char.o(.text)
    _printf_char                             0x08000b37   Thumb Code    16  _printf_char.o(.text)
    _printf_string                           0x08000b47   Thumb Code     8  _printf_char.o(.text)
    _scanf_really_real                       0x08000d9d   Thumb Code   684  scanf_fp.o(.text)
    _sgetc                                   0x08001049   Thumb Code    30  _sgetc.o(.text)
    _sbackspace                              0x08001067   Thumb Code    34  _sgetc.o(.text)
    __strtod_int                             0x080010c5   Thumb Code    90  strtod.o(.text)
    strtol                                   0x0800112d   Thumb Code   112  strtol.o(.text)
    __user_libspace                          0x0800119d   Thumb Code     8  libspace.o(.text)
    __user_perproc_libspace                  0x0800119d   Thumb Code     0  libspace.o(.text)
    __user_perthread_libspace                0x0800119d   Thumb Code     0  libspace.o(.text)
    __rt_locale                              0x080011a5   Thumb Code     8  rt_locale_intlibspace.o(.text)
    __Heap_ProvideMemory                     0x080011ad   Thumb Code    52  h1_extend.o(.text)
    isspace                                  0x080011e1   Thumb Code    18  isspace.o(.text)
    _strtoul                                 0x080011f3   Thumb Code   158  _strtoul.o(.text)
    _btod_etento                             0x08001291   Thumb Code   224  bigflt0.o(.text)
    __rt_SIGRTMEM                            0x08001375   Thumb Code    14  defsig_rtmem_outer.o(.text)
    __I$use$semihosting                      0x08001383   Thumb Code     0  use_no_semi.o(.text)
    __use_no_semihosting_swi                 0x08001383   Thumb Code     2  use_no_semi.o(.text)
    __semihosting_library_function           0x08001385   Thumb Code     0  indicate_semi.o(.text)
    __user_setup_stackheap                   0x08001385   Thumb Code    74  sys_stackheap_outer.o(.text)
    __read_errno                             0x080013cf   Thumb Code    10  _rserrno.o(.text)
    __set_errno                              0x080013d9   Thumb Code    12  _rserrno.o(.text)
    _chval                                   0x080013e5   Thumb Code    28  _chval.o(.text)
    _scanf_really_hex_real                   0x08001401   Thumb Code   786  scanf_hexfp.o(.text)
    _scanf_really_infnan                     0x08001721   Thumb Code   292  scanf_infnan.o(.text)
    exit                                     0x08001855   Thumb Code    18  exit.o(.text)
    __sig_exit                               0x08001867   Thumb Code    10  defsig_exit.o(.text)
    __rt_SIGRTMEM_inner                      0x08001871   Thumb Code    22  defsig_rtmem_inner.o(.text)
    _sys_exit                                0x080018c1   Thumb Code     8  sys_exit.o(.text)
    __aeabi_llsl                             0x080018cd   Thumb Code     0  llshl.o(.text)
    _ll_shift_l                              0x080018cd   Thumb Code    38  llshl.o(.text)
    __default_signal_display                 0x080018f3   Thumb Code    50  defsig_general.o(.text)
    _ttywrch                                 0x08001925   Thumb Code    14  sys_wrch.o(.text)
    __btod_div_common                        0x08001933   Thumb Code   696  btod.o(CL$$btod_div_common)
    _e2d                                     0x08001c6d   Thumb Code   122  btod.o(CL$$btod_e2d)
    _e2e                                     0x08001cf1   Thumb Code   220  btod.o(CL$$btod_e2e)
    _btod_ediv                               0x08001dcd   Thumb Code    42  btod.o(CL$$btod_ediv)
    _btod_edivd                              0x08001df7   Thumb Code    42  btod.o(CL$$btod_edivd)
    _btod_emul                               0x08001e21   Thumb Code    42  btod.o(CL$$btod_emul)
    _btod_emuld                              0x08001e4b   Thumb Code    42  btod.o(CL$$btod_emuld)
    __btod_mult_common                       0x08001e75   Thumb Code   580  btod.o(CL$$btod_mult_common)
    BusFault_Handler                         0x080020b9   Thumb Code     2  stm32f1xx_it.o(i.BusFault_Handler)
    DMA1_Channel4_IRQHandler                 0x080020bd   Thumb Code     6  stm32f1xx_it.o(i.DMA1_Channel4_IRQHandler)
    DMA1_Channel5_IRQHandler                 0x080020c9   Thumb Code     6  stm32f1xx_it.o(i.DMA1_Channel5_IRQHandler)
    DS1302_Init                              0x08002101   Thumb Code    96  ds1302.o(i.DS1302_Init)
    DebugMon_Handler                         0x08002169   Thumb Code     2  stm32f1xx_it.o(i.DebugMon_Handler)
    Delay_Init                               0x0800216d   Thumb Code    24  delay.o(i.Delay_Init)
    ESP8266_Clear                            0x08002191   Thumb Code    20  esp8266.o(i.ESP8266_Clear)
    ESP8266_ConnectCloud                     0x080021ad   Thumb Code   496  esp8266.o(i.ESP8266_ConnectCloud)
    ESP8266_ConnectWiFi                      0x0800258d   Thumb Code    76  esp8266.o(i.ESP8266_ConnectWiFi)
    ESP8266_Init                             0x08002659   Thumb Code   210  esp8266.o(i.ESP8266_Init)
    ESP8266_MQTT_Publish                     0x08002849   Thumb Code   206  esp8266.o(i.ESP8266_MQTT_Publish)
    ESP8266_MQTT_Subscribe                   0x080029a9   Thumb Code   156  esp8266.o(i.ESP8266_MQTT_Subscribe)
    ESP8266_ProcessMessages                  0x08002b1d   Thumb Code   780  esp8266.o(i.ESP8266_ProcessMessages)
    ESP8266_SendCmd                          0x080030d5   Thumb Code   284  esp8266.o(i.ESP8266_SendCmd)
    ESP8266_WaitRecive                       0x080032a1   Thumb Code    32  esp8266.o(i.ESP8266_WaitRecive)
    Error_Handler                            0x080032c5   Thumb Code     4  main.o(i.Error_Handler)
    HAL_DMA_Abort                            0x080032c9   Thumb Code    70  stm32f1xx_hal_dma.o(i.HAL_DMA_Abort)
    HAL_DMA_Abort_IT                         0x08003311   Thumb Code   148  stm32f1xx_hal_dma.o(i.HAL_DMA_Abort_IT)
    HAL_DMA_IRQHandler                       0x080033a9   Thumb Code   316  stm32f1xx_hal_dma.o(i.HAL_DMA_IRQHandler)
    HAL_DMA_Init                             0x080034fd   Thumb Code    84  stm32f1xx_hal_dma.o(i.HAL_DMA_Init)
    HAL_DMA_Start_IT                         0x08003559   Thumb Code   112  stm32f1xx_hal_dma.o(i.HAL_DMA_Start_IT)
    HAL_Delay                                0x080035c9   Thumb Code    32  stm32f1xx_hal.o(i.HAL_Delay)
    HAL_GPIO_Init                            0x080035ed   Thumb Code   446  stm32f1xx_hal_gpio.o(i.HAL_GPIO_Init)
    HAL_GPIO_WritePin                        0x080037cd   Thumb Code    10  stm32f1xx_hal_gpio.o(i.HAL_GPIO_WritePin)
    HAL_GetTick                              0x080037d9   Thumb Code     6  stm32f1xx_hal.o(i.HAL_GetTick)
    HAL_IncTick                              0x080037e5   Thumb Code    12  stm32f1xx_hal.o(i.HAL_IncTick)
    HAL_Init                                 0x080037f5   Thumb Code    32  stm32f1xx_hal.o(i.HAL_Init)
    HAL_InitTick                             0x08003819   Thumb Code    54  stm32f1xx_hal.o(i.HAL_InitTick)
    HAL_MspInit                              0x08003859   Thumb Code    52  stm32f1xx_hal_msp.o(i.HAL_MspInit)
    HAL_NVIC_EnableIRQ                       0x08003895   Thumb Code    26  stm32f1xx_hal_cortex.o(i.HAL_NVIC_EnableIRQ)
    HAL_NVIC_SetPriority                     0x080038b1   Thumb Code    60  stm32f1xx_hal_cortex.o(i.HAL_NVIC_SetPriority)
    HAL_NVIC_SetPriorityGrouping             0x080038f1   Thumb Code    26  stm32f1xx_hal_cortex.o(i.HAL_NVIC_SetPriorityGrouping)
    HAL_RCC_ClockConfig                      0x08003915   Thumb Code   280  stm32f1xx_hal_rcc.o(i.HAL_RCC_ClockConfig)
    HAL_RCC_GetPCLK1Freq                     0x08003a41   Thumb Code    20  stm32f1xx_hal_rcc.o(i.HAL_RCC_GetPCLK1Freq)
    HAL_RCC_GetPCLK2Freq                     0x08003a61   Thumb Code    20  stm32f1xx_hal_rcc.o(i.HAL_RCC_GetPCLK2Freq)
    HAL_RCC_GetSysClockFreq                  0x08003a81   Thumb Code    58  stm32f1xx_hal_rcc.o(i.HAL_RCC_GetSysClockFreq)
    HAL_RCC_OscConfig                        0x08003acd   Thumb Code   778  stm32f1xx_hal_rcc.o(i.HAL_RCC_OscConfig)
    HAL_SPI_ErrorCallback                    0x08003ded   Thumb Code     2  stm32f1xx_hal_spi.o(i.HAL_SPI_ErrorCallback)
    HAL_SPI_IRQHandler                       0x08003df1   Thumb Code   220  stm32f1xx_hal_spi.o(i.HAL_SPI_IRQHandler)
    HAL_SPI_Init                             0x08003ed1   Thumb Code   178  stm32f1xx_hal_spi.o(i.HAL_SPI_Init)
    HAL_SPI_MspInit                          0x08003f85   Thumb Code   114  spi.o(i.HAL_SPI_MspInit)
    HAL_SPI_TransmitReceive                  0x08004005   Thumb Code   496  stm32f1xx_hal_spi.o(i.HAL_SPI_TransmitReceive)
    HAL_SYSTICK_Config                       0x080041f5   Thumb Code    40  stm32f1xx_hal_cortex.o(i.HAL_SYSTICK_Config)
    HAL_TIMEx_BreakCallback                  0x0800421d   Thumb Code     2  stm32f1xx_hal_tim_ex.o(i.HAL_TIMEx_BreakCallback)
    HAL_TIMEx_CommutCallback                 0x0800421f   Thumb Code     2  stm32f1xx_hal_tim_ex.o(i.HAL_TIMEx_CommutCallback)
    HAL_TIMEx_MasterConfigSynchronization    0x08004221   Thumb Code    92  stm32f1xx_hal_tim_ex.o(i.HAL_TIMEx_MasterConfigSynchronization)
    HAL_TIM_Base_Init                        0x08004289   Thumb Code    90  stm32f1xx_hal_tim.o(i.HAL_TIM_Base_Init)
    HAL_TIM_Base_MspInit                     0x080042e5   Thumb Code    50  tim.o(i.HAL_TIM_Base_MspInit)
    HAL_TIM_ConfigClockSource                0x08004321   Thumb Code   220  stm32f1xx_hal_tim.o(i.HAL_TIM_ConfigClockSource)
    HAL_TIM_IC_CaptureCallback               0x080043fd   Thumb Code     2  stm32f1xx_hal_tim.o(i.HAL_TIM_IC_CaptureCallback)
    HAL_TIM_IRQHandler                       0x080043ff   Thumb Code   304  stm32f1xx_hal_tim.o(i.HAL_TIM_IRQHandler)
    HAL_TIM_OC_DelayElapsedCallback          0x0800452f   Thumb Code     2  stm32f1xx_hal_tim.o(i.HAL_TIM_OC_DelayElapsedCallback)
    HAL_TIM_PWM_PulseFinishedCallback        0x08004531   Thumb Code     2  stm32f1xx_hal_tim.o(i.HAL_TIM_PWM_PulseFinishedCallback)
    HAL_TIM_PeriodElapsedCallback            0x08004535   Thumb Code    16  mqtt_publisher.o(i.HAL_TIM_PeriodElapsedCallback)
    HAL_TIM_TriggerCallback                  0x0800454d   Thumb Code     2  stm32f1xx_hal_tim.o(i.HAL_TIM_TriggerCallback)
    HAL_UARTEx_RxEventCallback               0x0800454f   Thumb Code     2  stm32f1xx_hal_uart.o(i.HAL_UARTEx_RxEventCallback)
    HAL_UART_DMAStop                         0x08004551   Thumb Code   112  stm32f1xx_hal_uart.o(i.HAL_UART_DMAStop)
    HAL_UART_ErrorCallback                   0x080045c1   Thumb Code     2  stm32f1xx_hal_uart.o(i.HAL_UART_ErrorCallback)
    HAL_UART_IRQHandler                      0x080045c5   Thumb Code   616  stm32f1xx_hal_uart.o(i.HAL_UART_IRQHandler)
    HAL_UART_Init                            0x08004831   Thumb Code   100  stm32f1xx_hal_uart.o(i.HAL_UART_Init)
    HAL_UART_MspInit                         0x08004895   Thumb Code   266  usart.o(i.HAL_UART_MspInit)
    HAL_UART_Receive_DMA                     0x080049b9   Thumb Code    28  stm32f1xx_hal_uart.o(i.HAL_UART_Receive_DMA)
    HAL_UART_RxCpltCallback                  0x080049d5   Thumb Code    32  esp8266.o(i.HAL_UART_RxCpltCallback)
    HAL_UART_RxHalfCpltCallback              0x08004a01   Thumb Code     2  stm32f1xx_hal_uart.o(i.HAL_UART_RxHalfCpltCallback)
    HAL_UART_Transmit                        0x08004a03   Thumb Code   160  stm32f1xx_hal_uart.o(i.HAL_UART_Transmit)
    HAL_UART_TxCpltCallback                  0x08004aa3   Thumb Code     2  stm32f1xx_hal_uart.o(i.HAL_UART_TxCpltCallback)
    HardFault_Handler                        0x08004aa5   Thumb Code     2  stm32f1xx_it.o(i.HardFault_Handler)
    I2C_Start                                0x08004aa9   Thumb Code    64  oled.o(i.I2C_Start)
    I2C_Stop                                 0x08004aed   Thumb Code    46  oled.o(i.I2C_Stop)
    I2C_WaitAck                              0x08004b21   Thumb Code    52  oled.o(i.I2C_WaitAck)
    IIC_delay                                0x08004b59   Thumb Code    10  oled.o(i.IIC_delay)
    MFRC_ClrBitMask                          0x08004b63   Thumb Code    24  rc522.o(i.MFRC_ClrBitMask)
    MFRC_ReadReg                             0x08004b7d   Thumb Code    52  rc522.o(i.MFRC_ReadReg)
    MFRC_SetBitMask                          0x08004bb5   Thumb Code    24  rc522.o(i.MFRC_SetBitMask)
    MFRC_WriteReg                            0x08004bcd   Thumb Code    48  rc522.o(i.MFRC_WriteReg)
    MX_DMA_Init                              0x08004c01   Thumb Code    56  dma.o(i.MX_DMA_Init)
    MX_GPIO_Init                             0x08004c3d   Thumb Code   278  gpio.o(i.MX_GPIO_Init)
    MX_SPI1_Init                             0x08004d65   Thumb Code    62  spi.o(i.MX_SPI1_Init)
    MX_TIM4_Init                             0x08004dad   Thumb Code    96  tim.o(i.MX_TIM4_Init)
    MX_USART1_UART_Init                      0x08004e15   Thumb Code    54  usart.o(i.MX_USART1_UART_Init)
    MX_USART2_UART_Init                      0x08004e55   Thumb Code    48  usart.o(i.MX_USART2_UART_Init)
    MemManage_Handler                        0x08004e8d   Thumb Code     2  stm32f1xx_it.o(i.MemManage_Handler)
    NMI_Handler                              0x08004e8f   Thumb Code     2  stm32f1xx_it.o(i.NMI_Handler)
    OLED_Clear                               0x08004e91   Thumb Code    40  oled.o(i.OLED_Clear)
    OLED_Init                                0x08004ebd   Thumb Code   218  oled.o(i.OLED_Init)
    OLED_Refresh                             0x08004f99   Thumb Code   100  oled.o(i.OLED_Refresh)
    OLED_WR_Byte                             0x08005001   Thumb Code    54  oled.o(i.OLED_WR_Byte)
    PCD_AntennaOff                           0x08005037   Thumb Code     8  rc522.o(i.PCD_AntennaOff)
    PCD_AntennaOn                            0x0800503f   Thumb Code    26  rc522.o(i.PCD_AntennaOn)
    PCD_Reset                                0x08005059   Thumb Code   132  rc522.o(i.PCD_Reset)
    PendSV_Handler                           0x080050e1   Thumb Code     2  stm32f1xx_it.o(i.PendSV_Handler)
    SPI1_IRQHandler                          0x080050e5   Thumb Code     6  stm32f1xx_it.o(i.SPI1_IRQHandler)
    SPI1_RW_Byte                             0x080050f1   Thumb Code    26  rc522.o(i.SPI1_RW_Byte)
    SVC_Handler                              0x0800520d   Thumb Code     2  stm32f1xx_it.o(i.SVC_Handler)
    Send_Byte                                0x08005211   Thumb Code    78  oled.o(i.Send_Byte)
    SysTick_Handler                          0x08005265   Thumb Code     4  stm32f1xx_it.o(i.SysTick_Handler)
    SystemClock_Config                       0x08005269   Thumb Code    94  main.o(i.SystemClock_Config)
    SystemInit                               0x080052c7   Thumb Code     2  system_stm32f1xx.o(i.SystemInit)
    TIM4_IRQHandler                          0x080052c9   Thumb Code     6  stm32f1xx_it.o(i.TIM4_IRQHandler)
    TIM_Base_SetConfig                       0x080052d5   Thumb Code   108  stm32f1xx_hal_tim.o(i.TIM_Base_SetConfig)
    TIM_ETR_SetConfig                        0x0800534d   Thumb Code    20  stm32f1xx_hal_tim.o(i.TIM_ETR_SetConfig)
    UART_Start_Receive_DMA                   0x08005699   Thumb Code   130  stm32f1xx_hal_uart.o(i.UART_Start_Receive_DMA)
    ULN2003_Init                             0x0800579d   Thumb Code    74  uln2003.o(i.ULN2003_Init)
    ULN2003_SetPhase                         0x080057ed   Thumb Code    90  uln2003.o(i.ULN2003_SetPhase)
    USART1_IRQHandler                        0x0800584d   Thumb Code    76  stm32f1xx_it.o(i.USART1_IRQHandler)
    UsageFault_Handler                       0x080058a5   Thumb Code     2  stm32f1xx_it.o(i.UsageFault_Handler)
    __mathlib_dbl_overflow                   0x080058c7   Thumb Code    14  dunder.o(i.__mathlib_dbl_overflow)
    __mathlib_dbl_underflow                  0x080058d5   Thumb Code    10  dunder.o(i.__mathlib_dbl_underflow)
    __mathlib_narrow                         0x080058e5   Thumb Code    16  narrow.o(i.__mathlib_narrow)
    __mathlib_tofloat                        0x080058f5   Thumb Code   184  narrow.o(i.__mathlib_tofloat)
    __support_ldexp                          0x080059b1   Thumb Code    22  ldexp.o(i.__support_ldexp)
    _is_digit                                0x080059c7   Thumb Code    14  __printf_wp.o(i._is_digit)
    cJSON_Delete                             0x08005a05   Thumb Code    66  cjson.o(i.cJSON_Delete)
    cJSON_GetNumberValue                     0x08005a4d   Thumb Code    22  cjson.o(i.cJSON_GetNumberValue)
    cJSON_GetObjectItem                      0x08005a69   Thumb Code     6  cjson.o(i.cJSON_GetObjectItem)
    cJSON_IsBool                             0x08005a6f   Thumb Code    14  cjson.o(i.cJSON_IsBool)
    cJSON_IsNumber                           0x08005a7d   Thumb Code    18  cjson.o(i.cJSON_IsNumber)
    cJSON_IsObject                           0x08005a8f   Thumb Code    18  cjson.o(i.cJSON_IsObject)
    cJSON_IsString                           0x08005aa1   Thumb Code    18  cjson.o(i.cJSON_IsString)
    cJSON_IsTrue                             0x08005ab3   Thumb Code    18  cjson.o(i.cJSON_IsTrue)
    cJSON_Parse                              0x08005adb   Thumb Code     8  cjson.o(i.cJSON_Parse)
    cJSON_ParseWithLengthOpts                0x08005ae5   Thumb Code   210  cjson.o(i.cJSON_ParseWithLengthOpts)
    cJSON_ParseWithOpts                      0x08005bc1   Thumb Code    34  cjson.o(i.cJSON_ParseWithOpts)
    delay_ms                                 0x08005be3   Thumb Code    26  delay.o(i.delay_ms)
    delay_us                                 0x08005bfd   Thumb Code    46  delay.o(i.delay_us)
    frexp                                    0x08005c31   Thumb Code    80  frexp.o(i.frexp)
    ldexp                                    0x08005d03   Thumb Code   116  ldexp.o(i.ldexp)
    main                                     0x08005d79   Thumb Code   140  main.o(i.main)
    strtod                                   0x08006375   Thumb Code    28  strtod.o(i.strtod)
    _get_lc_ctype                            0x08006465   Thumb Code    44  lc_ctype_c.o(locale$$code)
    _get_lc_numeric                          0x08006491   Thumb Code    44  lc_numeric_c.o(locale$$code)
    __aeabi_d2f                              0x080064bd   Thumb Code     0  d2f.o(x$fpl$d2f)
    _d2f                                     0x080064bd   Thumb Code    98  d2f.o(x$fpl$d2f)
    __fpl_dcheck_NaN1                        0x08006521   Thumb Code    10  dcheck1.o(x$fpl$dcheck1)
    __fpl_dcmp_Inf                           0x08006531   Thumb Code    24  dcmpi.o(x$fpl$dcmpinf)
    __aeabi_cdcmpeq                          0x08006549   Thumb Code     0  deqf.o(x$fpl$deqf)
    _dcmpeq                                  0x08006549   Thumb Code   120  deqf.o(x$fpl$deqf)
    __aeabi_d2iz                             0x080065c1   Thumb Code     0  dfix.o(x$fpl$dfix)
    _dfix                                    0x080065c1   Thumb Code    94  dfix.o(x$fpl$dfix)
    __aeabi_cdcmple                          0x08006621   Thumb Code     0  dleqf.o(x$fpl$dleqf)
    _dcmple                                  0x08006621   Thumb Code   120  dleqf.o(x$fpl$dleqf)
    __fpl_dcmple_InfNaN                      0x08006683   Thumb Code     0  dleqf.o(x$fpl$dleqf)
    __fpl_dnaninf                            0x08006699   Thumb Code   156  dnaninf.o(x$fpl$dnaninf)
    __aeabi_cdrcmple                         0x08006735   Thumb Code     0  drleqf.o(x$fpl$drleqf)
    _drcmple                                 0x08006735   Thumb Code   108  drleqf.o(x$fpl$drleqf)
    __fpl_fretinf                            0x080067a1   Thumb Code    10  fretinf.o(x$fpl$fretinf)
    __ieee_status                            0x080067ab   Thumb Code     6  istatus.o(x$fpl$ieeestatus)
    __fpl_return_NaN                         0x080067b1   Thumb Code   100  retnan.o(x$fpl$retnan)
    __ARM_scalbn                             0x08006815   Thumb Code    92  scalbn.o(x$fpl$scalbn)
    _scanf_real                              0x08006871   Thumb Code     4  scanf1.o(x$fpl$scanf1)
    _scanf_hex_real                          0x08006875   Thumb Code     4  scanf2.o(x$fpl$scanf2)
    _scanf_infnan                            0x08006879   Thumb Code     4  scanf2.o(x$fpl$scanf2)
    __fpl_cmpreturn                          0x0800687d   Thumb Code    48  trapv.o(x$fpl$trapveneer)
    __I$use$fp                               0x080068ac   Number         0  usenofp.o(x$fpl$usenofp)
    AHBPrescTable                            0x080068be   Data          16  system_stm32f1xx.o(.constdata)
    APBPrescTable                            0x080068ce   Data           8  system_stm32f1xx.o(.constdata)
    Region$$Table$$Base                      0x080069f8   Number         0  anon$$obj.o(Region$$Table)
    Region$$Table$$Limit                     0x08006a18   Number         0  anon$$obj.o(Region$$Table)
    __aeabi_HUGE_VAL                         0x08006a18   Data           0  fpconst.o(c$$dinf)
    __aeabi_HUGE_VALL                        0x08006a18   Data           0  fpconst.o(c$$dinf)
    __aeabi_INFINITY                         0x08006a18   Data           0  fpconst.o(c$$dinf)
    __dInf                                   0x08006a18   Data           0  fpconst.o(c$$dinf)
    __huge_val                               0x08006a18   Data           0  fpconst.o(c$$dinf)
    __dbl_max                                0x08006a20   Data           0  fpconst.o(c$$dmax)
    __ctype                                  0x08006a35   Data           0  lc_ctype_c.o(locale$$data)
    uwTickFreq                               0x20000000   Data           1  stm32f1xx_hal.o(.data)
    uwTickPrio                               0x20000004   Data           4  stm32f1xx_hal.o(.data)
    uwTick                                   0x20000008   Data           4  stm32f1xx_hal.o(.data)
    SystemCoreClock                          0x2000000c   Data           4  system_stm32f1xx.o(.data)
    esp8266_cnt                              0x20000024   Data           2  esp8266.o(.data)
    esp8266_cntPre                           0x20000026   Data           2  esp8266.o(.data)
    msg_id                                   0x20000030   Data           4  mqtt_publisher.o(.data)
    g_light_value                            0x20000034   Data           4  mqtt_publisher.o(.data)
    temp                                     0x20000038   Data           4  mqtt_publisher.o(.data)
    humi                                     0x2000003c   Data           4  mqtt_publisher.o(.data)
    hspi1                                    0x20000048   Data          88  spi.o(.bss)
    htim4                                    0x200000a0   Data          72  tim.o(.bss)
    huart1                                   0x200000e8   Data          72  usart.o(.bss)
    huart2                                   0x20000130   Data          72  usart.o(.bss)
    hdma_usart1_tx                           0x20000178   Data          68  usart.o(.bss)
    hdma_usart1_rx                           0x200001bc   Data          68  usart.o(.bss)
    esp8266_buf                              0x20000200   Data         512  esp8266.o(.bss)
    OLED_GRAM                                0x20000400   Data        1152  oled.o(.bss)
    __libspace_start                         0x20000880   Data          96  libspace.o(.bss)
    __temporary_stack_top$libspace           0x200008e0   Data           0  libspace.o(.bss)



==============================================================================

Memory Map of the image

  Image Entry point : 0x080000ed

  Load Region LR_IROM1 (Base: 0x08000000, Size: 0x00006b9c, Max: 0x00010000, ABSOLUTE)

    Execution Region ER_IROM1 (Exec base: 0x08000000, Load base: 0x08000000, Size: 0x00006b54, Max: 0x00010000, ABSOLUTE)

    Exec Addr    Load Addr    Size         Type   Attr      Idx    E Section Name        Object

    0x08000000   0x08000000   0x000000ec   Data   RO            3    RESET               startup_stm32f103xb.o
    0x080000ec   0x080000ec   0x00000008   Code   RO         4654  * !!!main             c_w.l(__main.o)
    0x080000f4   0x080000f4   0x00000034   Code   RO         5057    !!!scatter          c_w.l(__scatter.o)
    0x08000128   0x08000128   0x0000001a   Code   RO         5059    !!handler_copy      c_w.l(__scatter_copy.o)
    0x08000142   0x08000142   0x00000002   PAD
    0x08000144   0x08000144   0x0000001c   Code   RO         5061    !!handler_zi        c_w.l(__scatter_zi.o)
    0x08000160   0x08000160   0x00000000   Code   RO         4627    .ARM.Collect$$_printf_percent$$00000000  c_w.l(_printf_percent.o)
    0x08000160   0x08000160   0x00000006   Code   RO         4624    .ARM.Collect$$_printf_percent$$00000009  c_w.l(_printf_d.o)
    0x08000166   0x08000166   0x00000006   Code   RO         4625    .ARM.Collect$$_printf_percent$$0000000A  c_w.l(_printf_u.o)
    0x0800016c   0x0800016c   0x00000006   Code   RO         4621    .ARM.Collect$$_printf_percent$$00000014  c_w.l(_printf_s.o)
    0x08000172   0x08000172   0x00000004   Code   RO         4745    .ARM.Collect$$_printf_percent$$00000017  c_w.l(_printf_percent_end.o)
    0x08000176   0x08000176   0x00000002   Code   RO         4955    .ARM.Collect$$libinit$$00000000  c_w.l(libinit.o)
    0x08000178   0x08000178   0x00000000   Code   RO         4759    .ARM.Collect$$libinit$$00000002  c_w.l(libinit2.o)
    0x08000178   0x08000178   0x00000000   Code   RO         4761    .ARM.Collect$$libinit$$00000004  c_w.l(libinit2.o)
    0x08000178   0x08000178   0x00000008   Code   RO         4762    .ARM.Collect$$libinit$$00000005  c_w.l(libinit2.o)
    0x08000180   0x08000180   0x00000000   Code   RO         4764    .ARM.Collect$$libinit$$0000000A  c_w.l(libinit2.o)
    0x08000180   0x08000180   0x00000000   Code   RO         4766    .ARM.Collect$$libinit$$0000000C  c_w.l(libinit2.o)
    0x08000180   0x08000180   0x00000000   Code   RO         4768    .ARM.Collect$$libinit$$0000000E  c_w.l(libinit2.o)
    0x08000180   0x08000180   0x00000006   Code   RO         4769    .ARM.Collect$$libinit$$0000000F  c_w.l(libinit2.o)
    0x08000186   0x08000186   0x00000000   Code   RO         4771    .ARM.Collect$$libinit$$00000011  c_w.l(libinit2.o)
    0x08000186   0x08000186   0x0000000c   Code   RO         4772    .ARM.Collect$$libinit$$00000012  c_w.l(libinit2.o)
    0x08000192   0x08000192   0x00000000   Code   RO         4773    .ARM.Collect$$libinit$$00000013  c_w.l(libinit2.o)
    0x08000192   0x08000192   0x00000000   Code   RO         4775    .ARM.Collect$$libinit$$00000015  c_w.l(libinit2.o)
    0x08000192   0x08000192   0x0000000a   Code   RO         4776    .ARM.Collect$$libinit$$00000016  c_w.l(libinit2.o)
    0x0800019c   0x0800019c   0x00000000   Code   RO         4777    .ARM.Collect$$libinit$$00000017  c_w.l(libinit2.o)
    0x0800019c   0x0800019c   0x00000000   Code   RO         4779    .ARM.Collect$$libinit$$00000019  c_w.l(libinit2.o)
    0x0800019c   0x0800019c   0x00000000   Code   RO         4781    .ARM.Collect$$libinit$$0000001B  c_w.l(libinit2.o)
    0x0800019c   0x0800019c   0x00000000   Code   RO         4783    .ARM.Collect$$libinit$$0000001D  c_w.l(libinit2.o)
    0x0800019c   0x0800019c   0x00000000   Code   RO         4785    .ARM.Collect$$libinit$$0000001F  c_w.l(libinit2.o)
    0x0800019c   0x0800019c   0x00000000   Code   RO         4787    .ARM.Collect$$libinit$$00000021  c_w.l(libinit2.o)
    0x0800019c   0x0800019c   0x00000000   Code   RO         4789    .ARM.Collect$$libinit$$00000023  c_w.l(libinit2.o)
    0x0800019c   0x0800019c   0x00000000   Code   RO         4791    .ARM.Collect$$libinit$$00000025  c_w.l(libinit2.o)
    0x0800019c   0x0800019c   0x00000000   Code   RO         4795    .ARM.Collect$$libinit$$0000002C  c_w.l(libinit2.o)
    0x0800019c   0x0800019c   0x00000000   Code   RO         4797    .ARM.Collect$$libinit$$0000002E  c_w.l(libinit2.o)
    0x0800019c   0x0800019c   0x00000000   Code   RO         4799    .ARM.Collect$$libinit$$00000030  c_w.l(libinit2.o)
    0x0800019c   0x0800019c   0x00000000   Code   RO         4801    .ARM.Collect$$libinit$$00000032  c_w.l(libinit2.o)
    0x0800019c   0x0800019c   0x00000002   Code   RO         4802    .ARM.Collect$$libinit$$00000033  c_w.l(libinit2.o)
    0x0800019e   0x0800019e   0x00000002   Code   RO         5052    .ARM.Collect$$libshutdown$$00000000  c_w.l(libshutdown.o)
    0x080001a0   0x080001a0   0x00000000   Code   RO         4979    .ARM.Collect$$libshutdown$$00000002  c_w.l(libshutdown2.o)
    0x080001a0   0x080001a0   0x00000000   Code   RO         4981    .ARM.Collect$$libshutdown$$00000004  c_w.l(libshutdown2.o)
    0x080001a0   0x080001a0   0x00000000   Code   RO         4984    .ARM.Collect$$libshutdown$$00000007  c_w.l(libshutdown2.o)
    0x080001a0   0x080001a0   0x00000000   Code   RO         4987    .ARM.Collect$$libshutdown$$0000000A  c_w.l(libshutdown2.o)
    0x080001a0   0x080001a0   0x00000000   Code   RO         4989    .ARM.Collect$$libshutdown$$0000000C  c_w.l(libshutdown2.o)
    0x080001a0   0x080001a0   0x00000000   Code   RO         4992    .ARM.Collect$$libshutdown$$0000000F  c_w.l(libshutdown2.o)
    0x080001a0   0x080001a0   0x00000002   Code   RO         4993    .ARM.Collect$$libshutdown$$00000010  c_w.l(libshutdown2.o)
    0x080001a2   0x080001a2   0x00000000   Code   RO         4700    .ARM.Collect$$rtentry$$00000000  c_w.l(__rtentry.o)
    0x080001a2   0x080001a2   0x00000000   Code   RO         4820    .ARM.Collect$$rtentry$$00000002  c_w.l(__rtentry2.o)
    0x080001a2   0x080001a2   0x00000006   Code   RO         4832    .ARM.Collect$$rtentry$$00000004  c_w.l(__rtentry4.o)
    0x080001a8   0x080001a8   0x00000000   Code   RO         4822    .ARM.Collect$$rtentry$$00000009  c_w.l(__rtentry2.o)
    0x080001a8   0x080001a8   0x00000004   Code   RO         4823    .ARM.Collect$$rtentry$$0000000A  c_w.l(__rtentry2.o)
    0x080001ac   0x080001ac   0x00000000   Code   RO         4825    .ARM.Collect$$rtentry$$0000000C  c_w.l(__rtentry2.o)
    0x080001ac   0x080001ac   0x00000008   Code   RO         4826    .ARM.Collect$$rtentry$$0000000D  c_w.l(__rtentry2.o)
    0x080001b4   0x080001b4   0x00000002   Code   RO         4966    .ARM.Collect$$rtexit$$00000000  c_w.l(rtexit.o)
    0x080001b6   0x080001b6   0x00000000   Code   RO         5011    .ARM.Collect$$rtexit$$00000002  c_w.l(rtexit2.o)
    0x080001b6   0x080001b6   0x00000004   Code   RO         5012    .ARM.Collect$$rtexit$$00000003  c_w.l(rtexit2.o)
    0x080001ba   0x080001ba   0x00000006   Code   RO         5013    .ARM.Collect$$rtexit$$00000004  c_w.l(rtexit2.o)
    0x080001c0   0x080001c0   0x00000000   Code   RO         4841    .emb_text           c_w.l(maybetermalloc1.o)
    0x080001c0   0x080001c0   0x00000040   Code   RO            4    .text               startup_stm32f103xb.o
    0x08000200   0x08000200   0x0000005e   Code   RO         4498    .text               c_w.l(h1_alloc.o)
    0x0800025e   0x0800025e   0x0000004e   Code   RO         4500    .text               c_w.l(h1_free.o)
    0x080002ac   0x080002ac   0x000000b8   Code   RO         4502    .text               c_w.l(h1_realloc.o)
    0x08000364   0x08000364   0x0000001a   Code   RO         4562    .text               c_w.l(tolower.o)
    0x0800037e   0x0800037e   0x00000002   PAD
    0x08000380   0x08000380   0x0000002c   Code   RO         4564    .text               c_w.l(__2sprintf.o)
    0x080003ac   0x080003ac   0x00000038   Code   RO         4566    .text               c_w.l(__2snprintf.o)
    0x080003e4   0x080003e4   0x00000052   Code   RO         4576    .text               c_w.l(_printf_str.o)
    0x08000436   0x08000436   0x00000002   PAD
    0x08000438   0x08000438   0x00000078   Code   RO         4578    .text               c_w.l(_printf_dec.o)
    0x080004b0   0x080004b0   0x00000188   Code   RO         4618    .text               c_w.l(__printf_flags_ss_wp.o)
    0x08000638   0x08000638   0x0000001a   Code   RO         4630    .text               c_w.l(atoi.o)
    0x08000652   0x08000652   0x00000014   Code   RO         4632    .text               c_w.l(strchr.o)
    0x08000666   0x08000666   0x00000024   Code   RO         4634    .text               c_w.l(strstr.o)
    0x0800068a   0x0800068a   0x0000003e   Code   RO         4638    .text               c_w.l(strlen.o)
    0x080006c8   0x080006c8   0x00000096   Code   RO         4640    .text               c_w.l(strncmp.o)
    0x0800075e   0x0800075e   0x0000008a   Code   RO         4642    .text               c_w.l(rt_memcpy_v6.o)
    0x080007e8   0x080007e8   0x00000064   Code   RO         4644    .text               c_w.l(rt_memcpy_w.o)
    0x0800084c   0x0800084c   0x00000044   Code   RO         4646    .text               c_w.l(rt_memclr.o)
    0x08000890   0x08000890   0x0000004e   Code   RO         4648    .text               c_w.l(rt_memclr_w.o)
    0x080008de   0x080008de   0x00000002   PAD
    0x080008e0   0x080008e0   0x00000080   Code   RO         4650    .text               c_w.l(strcmpv7m.o)
    0x08000960   0x08000960   0x00000006   Code   RO         4652    .text               c_w.l(heapauxi.o)
    0x08000966   0x08000966   0x00000002   PAD
    0x08000968   0x08000968   0x00000010   Code   RO         4701    .text               c_w.l(rt_ctype_table.o)
    0x08000978   0x08000978   0x00000008   Code   RO         4706    .text               c_w.l(rt_heap_descriptor_intlibspace.o)
    0x08000980   0x08000980   0x00000008   Code   RO         4711    .text               c_w.l(rt_errno_addr_intlibspace.o)
    0x08000988   0x08000988   0x00000004   Code   RO         4713    .text               c_w.l(hguard.o)
    0x0800098c   0x0800098c   0x0000008a   Code   RO         4715    .text               c_w.l(init_alloc.o)
    0x08000a16   0x08000a16   0x0000000e   Code   RO         4719    .text               c_w.l(h1_init.o)
    0x08000a24   0x08000a24   0x000000b2   Code   RO         4733    .text               c_w.l(_printf_intcommon.o)
    0x08000ad6   0x08000ad6   0x00000002   PAD
    0x08000ad8   0x08000ad8   0x00000030   Code   RO         4737    .text               c_w.l(_printf_char_common.o)
    0x08000b08   0x08000b08   0x0000000a   Code   RO         4739    .text               c_w.l(_sputc.o)
    0x08000b12   0x08000b12   0x00000010   Code   RO         4741    .text               c_w.l(_snputc.o)
    0x08000b22   0x08000b22   0x0000002c   Code   RO         4743    .text               c_w.l(_printf_char.o)
    0x08000b4e   0x08000b4e   0x00000002   PAD
    0x08000b50   0x08000b50   0x000004f8   Code   RO         4746    .text               c_w.l(scanf_fp.o)
    0x08001048   0x08001048   0x00000040   Code   RO         4750    .text               c_w.l(_sgetc.o)
    0x08001088   0x08001088   0x000000a4   Code   RO         4752    .text               c_w.l(strtod.o)
    0x0800112c   0x0800112c   0x00000070   Code   RO         4754    .text               c_w.l(strtol.o)
    0x0800119c   0x0800119c   0x00000008   Code   RO         4816    .text               c_w.l(libspace.o)
    0x080011a4   0x080011a4   0x00000008   Code   RO         4837    .text               c_w.l(rt_locale_intlibspace.o)
    0x080011ac   0x080011ac   0x00000034   Code   RO         4843    .text               c_w.l(h1_extend.o)
    0x080011e0   0x080011e0   0x00000012   Code   RO         4849    .text               c_w.l(isspace.o)
    0x080011f2   0x080011f2   0x0000009e   Code   RO         4857    .text               c_w.l(_strtoul.o)
    0x08001290   0x08001290   0x000000e4   Code   RO         4859    .text               c_w.l(bigflt0.o)
    0x08001374   0x08001374   0x0000000e   Code   RO         4890    .text               c_w.l(defsig_rtmem_outer.o)
    0x08001382   0x08001382   0x00000002   Code   RO         4923    .text               c_w.l(use_no_semi.o)
    0x08001384   0x08001384   0x00000000   Code   RO         4925    .text               c_w.l(indicate_semi.o)
    0x08001384   0x08001384   0x0000004a   Code   RO         4926    .text               c_w.l(sys_stackheap_outer.o)
    0x080013ce   0x080013ce   0x00000016   Code   RO         4932    .text               c_w.l(_rserrno.o)
    0x080013e4   0x080013e4   0x0000001c   Code   RO         4934    .text               c_w.l(_chval.o)
    0x08001400   0x08001400   0x00000320   Code   RO         4936    .text               c_w.l(scanf_hexfp.o)
    0x08001720   0x08001720   0x00000134   Code   RO         4938    .text               c_w.l(scanf_infnan.o)
    0x08001854   0x08001854   0x00000012   Code   RO         4940    .text               c_w.l(exit.o)
    0x08001866   0x08001866   0x0000000a   Code   RO         4942    .text               c_w.l(defsig_exit.o)
    0x08001870   0x08001870   0x00000050   Code   RO         4944    .text               c_w.l(defsig_rtmem_inner.o)
    0x080018c0   0x080018c0   0x0000000c   Code   RO         4964    .text               c_w.l(sys_exit.o)
    0x080018cc   0x080018cc   0x00000026   Code   RO         4972    .text               c_w.l(llshl.o)
    0x080018f2   0x080018f2   0x00000032   Code   RO         4976    .text               c_w.l(defsig_general.o)
    0x08001924   0x08001924   0x0000000e   Code   RO         5008    .text               c_w.l(sys_wrch.o)
    0x08001932   0x08001932   0x00000338   Code   RO         4872    CL$$btod_div_common  c_w.l(btod.o)
    0x08001c6a   0x08001c6a   0x00000002   PAD
    0x08001c6c   0x08001c6c   0x00000084   Code   RO         4870    CL$$btod_e2d        c_w.l(btod.o)
    0x08001cf0   0x08001cf0   0x000000dc   Code   RO         4869    CL$$btod_e2e        c_w.l(btod.o)
    0x08001dcc   0x08001dcc   0x0000002a   Code   RO         4866    CL$$btod_ediv       c_w.l(btod.o)
    0x08001df6   0x08001df6   0x0000002a   Code   RO         4868    CL$$btod_edivd      c_w.l(btod.o)
    0x08001e20   0x08001e20   0x0000002a   Code   RO         4865    CL$$btod_emul       c_w.l(btod.o)
    0x08001e4a   0x08001e4a   0x0000002a   Code   RO         4867    CL$$btod_emuld      c_w.l(btod.o)
    0x08001e74   0x08001e74   0x00000244   Code   RO         4871    CL$$btod_mult_common  c_w.l(btod.o)
    0x080020b8   0x080020b8   0x00000002   Code   RO          367    i.BusFault_Handler  stm32f1xx_it.o
    0x080020ba   0x080020ba   0x00000002   PAD
    0x080020bc   0x080020bc   0x0000000c   Code   RO          368    i.DMA1_Channel4_IRQHandler  stm32f1xx_it.o
    0x080020c8   0x080020c8   0x0000000c   Code   RO          369    i.DMA1_Channel5_IRQHandler  stm32f1xx_it.o
    0x080020d4   0x080020d4   0x0000002a   Code   RO         1235    i.DMA_SetConfig     stm32f1xx_hal_dma.o
    0x080020fe   0x080020fe   0x00000002   PAD
    0x08002100   0x08002100   0x00000068   Code   RO         4030    i.DS1302_Init       ds1302.o
    0x08002168   0x08002168   0x00000002   Code   RO          370    i.DebugMon_Handler  stm32f1xx_it.o
    0x0800216a   0x0800216a   0x00000002   PAD
    0x0800216c   0x0800216c   0x00000024   Code   RO         3988    i.Delay_Init        delay.o
    0x08002190   0x08002190   0x0000001c   Code   RO         3828    i.ESP8266_Clear     esp8266.o
    0x080021ac   0x080021ac   0x000003e0   Code   RO         3829    i.ESP8266_ConnectCloud  esp8266.o
    0x0800258c   0x0800258c   0x000000cc   Code   RO         3830    i.ESP8266_ConnectWiFi  esp8266.o
    0x08002658   0x08002658   0x000001f0   Code   RO         3831    i.ESP8266_Init      esp8266.o
    0x08002848   0x08002848   0x00000160   Code   RO         3832    i.ESP8266_MQTT_Publish  esp8266.o
    0x080029a8   0x080029a8   0x00000174   Code   RO         3833    i.ESP8266_MQTT_Subscribe  esp8266.o
    0x08002b1c   0x08002b1c   0x000005b8   Code   RO         3834    i.ESP8266_ProcessMessages  esp8266.o
    0x080030d4   0x080030d4   0x00000164   Code   RO         3835    i.ESP8266_SendCmd   esp8266.o
    0x08003238   0x08003238   0x00000068   Code   RO         3836    i.ESP8266_WaitForStr  esp8266.o
    0x080032a0   0x080032a0   0x00000024   Code   RO         3837    i.ESP8266_WaitRecive  esp8266.o
    0x080032c4   0x080032c4   0x00000004   Code   RO           13    i.Error_Handler     main.o
    0x080032c8   0x080032c8   0x00000046   Code   RO         1236    i.HAL_DMA_Abort     stm32f1xx_hal_dma.o
    0x0800330e   0x0800330e   0x00000002   PAD
    0x08003310   0x08003310   0x00000098   Code   RO         1237    i.HAL_DMA_Abort_IT  stm32f1xx_hal_dma.o
    0x080033a8   0x080033a8   0x00000154   Code   RO         1241    i.HAL_DMA_IRQHandler  stm32f1xx_hal_dma.o
    0x080034fc   0x080034fc   0x0000005c   Code   RO         1242    i.HAL_DMA_Init      stm32f1xx_hal_dma.o
    0x08003558   0x08003558   0x00000070   Code   RO         1246    i.HAL_DMA_Start_IT  stm32f1xx_hal_dma.o
    0x080035c8   0x080035c8   0x00000024   Code   RO          862    i.HAL_Delay         stm32f1xx_hal.o
    0x080035ec   0x080035ec   0x000001e0   Code   RO         1172    i.HAL_GPIO_Init     stm32f1xx_hal_gpio.o
    0x080037cc   0x080037cc   0x0000000a   Code   RO         1176    i.HAL_GPIO_WritePin  stm32f1xx_hal_gpio.o
    0x080037d6   0x080037d6   0x00000002   PAD
    0x080037d8   0x080037d8   0x0000000c   Code   RO          866    i.HAL_GetTick       stm32f1xx_hal.o
    0x080037e4   0x080037e4   0x00000010   Code   RO          872    i.HAL_IncTick       stm32f1xx_hal.o
    0x080037f4   0x080037f4   0x00000024   Code   RO          873    i.HAL_Init          stm32f1xx_hal.o
    0x08003818   0x08003818   0x00000040   Code   RO          874    i.HAL_InitTick      stm32f1xx_hal.o
    0x08003858   0x08003858   0x0000003c   Code   RO          473    i.HAL_MspInit       stm32f1xx_hal_msp.o
    0x08003894   0x08003894   0x0000001a   Code   RO         1332    i.HAL_NVIC_EnableIRQ  stm32f1xx_hal_cortex.o
    0x080038ae   0x080038ae   0x00000002   PAD
    0x080038b0   0x080038b0   0x00000040   Code   RO         1338    i.HAL_NVIC_SetPriority  stm32f1xx_hal_cortex.o
    0x080038f0   0x080038f0   0x00000024   Code   RO         1339    i.HAL_NVIC_SetPriorityGrouping  stm32f1xx_hal_cortex.o
    0x08003914   0x08003914   0x0000012c   Code   RO         1030    i.HAL_RCC_ClockConfig  stm32f1xx_hal_rcc.o
    0x08003a40   0x08003a40   0x00000020   Code   RO         1037    i.HAL_RCC_GetPCLK1Freq  stm32f1xx_hal_rcc.o
    0x08003a60   0x08003a60   0x00000020   Code   RO         1038    i.HAL_RCC_GetPCLK2Freq  stm32f1xx_hal_rcc.o
    0x08003a80   0x08003a80   0x0000004c   Code   RO         1039    i.HAL_RCC_GetSysClockFreq  stm32f1xx_hal_rcc.o
    0x08003acc   0x08003acc   0x00000320   Code   RO         1042    i.HAL_RCC_OscConfig  stm32f1xx_hal_rcc.o
    0x08003dec   0x08003dec   0x00000002   Code   RO          540    i.HAL_SPI_ErrorCallback  stm32f1xx_hal_spi.o
    0x08003dee   0x08003dee   0x00000002   PAD
    0x08003df0   0x08003df0   0x000000e0   Code   RO          543    i.HAL_SPI_IRQHandler  stm32f1xx_hal_spi.o
    0x08003ed0   0x08003ed0   0x000000b2   Code   RO          544    i.HAL_SPI_Init      stm32f1xx_hal_spi.o
    0x08003f82   0x08003f82   0x00000002   PAD
    0x08003f84   0x08003f84   0x00000080   Code   RO          236    i.HAL_SPI_MspInit   spi.o
    0x08004004   0x08004004   0x000001f0   Code   RO          553    i.HAL_SPI_TransmitReceive  stm32f1xx_hal_spi.o
    0x080041f4   0x080041f4   0x00000028   Code   RO         1343    i.HAL_SYSTICK_Config  stm32f1xx_hal_cortex.o
    0x0800421c   0x0800421c   0x00000002   Code   RO         2538    i.HAL_TIMEx_BreakCallback  stm32f1xx_hal_tim_ex.o
    0x0800421e   0x0800421e   0x00000002   Code   RO         2539    i.HAL_TIMEx_CommutCallback  stm32f1xx_hal_tim_ex.o
    0x08004220   0x08004220   0x00000068   Code   RO         2557    i.HAL_TIMEx_MasterConfigSynchronization  stm32f1xx_hal_tim_ex.o
    0x08004288   0x08004288   0x0000005a   Code   RO         1834    i.HAL_TIM_Base_Init  stm32f1xx_hal_tim.o
    0x080042e2   0x080042e2   0x00000002   PAD
    0x080042e4   0x080042e4   0x0000003c   Code   RO          278    i.HAL_TIM_Base_MspInit  tim.o
    0x08004320   0x08004320   0x000000dc   Code   RO         1843    i.HAL_TIM_ConfigClockSource  stm32f1xx_hal_tim.o
    0x080043fc   0x080043fc   0x00000002   Code   RO         1868    i.HAL_TIM_IC_CaptureCallback  stm32f1xx_hal_tim.o
    0x080043fe   0x080043fe   0x00000130   Code   RO         1882    i.HAL_TIM_IRQHandler  stm32f1xx_hal_tim.o
    0x0800452e   0x0800452e   0x00000002   Code   RO         1885    i.HAL_TIM_OC_DelayElapsedCallback  stm32f1xx_hal_tim.o
    0x08004530   0x08004530   0x00000002   Code   RO         1912    i.HAL_TIM_PWM_PulseFinishedCallback  stm32f1xx_hal_tim.o
    0x08004532   0x08004532   0x00000002   PAD
    0x08004534   0x08004534   0x00000018   Code   RO         3937    i.HAL_TIM_PeriodElapsedCallback  mqtt_publisher.o
    0x0800454c   0x0800454c   0x00000002   Code   RO         1925    i.HAL_TIM_TriggerCallback  stm32f1xx_hal_tim.o
    0x0800454e   0x0800454e   0x00000002   Code   RO         2817    i.HAL_UARTEx_RxEventCallback  stm32f1xx_hal_uart.o
    0x08004550   0x08004550   0x00000070   Code   RO         2829    i.HAL_UART_DMAStop  stm32f1xx_hal_uart.o
    0x080045c0   0x080045c0   0x00000002   Code   RO         2831    i.HAL_UART_ErrorCallback  stm32f1xx_hal_uart.o
    0x080045c2   0x080045c2   0x00000002   PAD
    0x080045c4   0x080045c4   0x0000026c   Code   RO         2834    i.HAL_UART_IRQHandler  stm32f1xx_hal_uart.o
    0x08004830   0x08004830   0x00000064   Code   RO         2835    i.HAL_UART_Init     stm32f1xx_hal_uart.o
    0x08004894   0x08004894   0x00000124   Code   RO          320    i.HAL_UART_MspInit  usart.o
    0x080049b8   0x080049b8   0x0000001c   Code   RO         2839    i.HAL_UART_Receive_DMA  stm32f1xx_hal_uart.o
    0x080049d4   0x080049d4   0x0000002c   Code   RO         3838    i.HAL_UART_RxCpltCallback  esp8266.o
    0x08004a00   0x08004a00   0x00000002   Code   RO         2842    i.HAL_UART_RxHalfCpltCallback  stm32f1xx_hal_uart.o
    0x08004a02   0x08004a02   0x000000a0   Code   RO         2843    i.HAL_UART_Transmit  stm32f1xx_hal_uart.o
    0x08004aa2   0x08004aa2   0x00000002   Code   RO         2846    i.HAL_UART_TxCpltCallback  stm32f1xx_hal_uart.o
    0x08004aa4   0x08004aa4   0x00000002   Code   RO          371    i.HardFault_Handler  stm32f1xx_it.o
    0x08004aa6   0x08004aa6   0x00000002   PAD
    0x08004aa8   0x08004aa8   0x00000044   Code   RO         4094    i.I2C_Start         oled.o
    0x08004aec   0x08004aec   0x00000034   Code   RO         4095    i.I2C_Stop          oled.o
    0x08004b20   0x08004b20   0x00000038   Code   RO         4096    i.I2C_WaitAck       oled.o
    0x08004b58   0x08004b58   0x0000000a   Code   RO         4097    i.IIC_delay         oled.o
    0x08004b62   0x08004b62   0x00000018   Code   RO         4250    i.MFRC_ClrBitMask   rc522.o
    0x08004b7a   0x08004b7a   0x00000002   PAD
    0x08004b7c   0x08004b7c   0x00000038   Code   RO         4253    i.MFRC_ReadReg      rc522.o
    0x08004bb4   0x08004bb4   0x00000018   Code   RO         4254    i.MFRC_SetBitMask   rc522.o
    0x08004bcc   0x08004bcc   0x00000034   Code   RO         4255    i.MFRC_WriteReg     rc522.o
    0x08004c00   0x08004c00   0x0000003c   Code   RO          211    i.MX_DMA_Init       dma.o
    0x08004c3c   0x08004c3c   0x00000128   Code   RO          187    i.MX_GPIO_Init      gpio.o
    0x08004d64   0x08004d64   0x00000048   Code   RO          237    i.MX_SPI1_Init      spi.o
    0x08004dac   0x08004dac   0x00000068   Code   RO          279    i.MX_TIM4_Init      tim.o
    0x08004e14   0x08004e14   0x00000040   Code   RO          321    i.MX_USART1_UART_Init  usart.o
    0x08004e54   0x08004e54   0x00000038   Code   RO          322    i.MX_USART2_UART_Init  usart.o
    0x08004e8c   0x08004e8c   0x00000002   Code   RO          372    i.MemManage_Handler  stm32f1xx_it.o
    0x08004e8e   0x08004e8e   0x00000002   Code   RO          373    i.NMI_Handler       stm32f1xx_it.o
    0x08004e90   0x08004e90   0x0000002c   Code   RO         4098    i.OLED_Clear        oled.o
    0x08004ebc   0x08004ebc   0x000000da   Code   RO         4106    i.OLED_Init         oled.o
    0x08004f96   0x08004f96   0x00000002   PAD
    0x08004f98   0x08004f98   0x00000068   Code   RO         4108    i.OLED_Refresh      oled.o
    0x08005000   0x08005000   0x00000036   Code   RO         4113    i.OLED_WR_Byte      oled.o
    0x08005036   0x08005036   0x00000008   Code   RO         4256    i.PCD_AntennaOff    rc522.o
    0x0800503e   0x0800503e   0x0000001a   Code   RO         4257    i.PCD_AntennaOn     rc522.o
    0x08005058   0x08005058   0x00000088   Code   RO         4265    i.PCD_Reset         rc522.o
    0x080050e0   0x080050e0   0x00000002   Code   RO          374    i.PendSV_Handler    stm32f1xx_it.o
    0x080050e2   0x080050e2   0x00000002   PAD
    0x080050e4   0x080050e4   0x0000000c   Code   RO          375    i.SPI1_IRQHandler   stm32f1xx_it.o
    0x080050f0   0x080050f0   0x00000020   Code   RO         4269    i.SPI1_RW_Byte      rc522.o
    0x08005110   0x08005110   0x00000010   Code   RO          571    i.SPI_DMAAbortOnError  stm32f1xx_hal_spi.o
    0x08005120   0x08005120   0x00000034   Code   RO          582    i.SPI_EndRxTxTransaction  stm32f1xx_hal_spi.o
    0x08005154   0x08005154   0x000000b8   Code   RO          587    i.SPI_WaitFlagStateUntilTimeout  stm32f1xx_hal_spi.o
    0x0800520c   0x0800520c   0x00000002   Code   RO          376    i.SVC_Handler       stm32f1xx_it.o
    0x0800520e   0x0800520e   0x00000002   PAD
    0x08005210   0x08005210   0x00000054   Code   RO         4114    i.Send_Byte         oled.o
    0x08005264   0x08005264   0x00000004   Code   RO          377    i.SysTick_Handler   stm32f1xx_it.o
    0x08005268   0x08005268   0x0000005e   Code   RO           14    i.SystemClock_Config  main.o
    0x080052c6   0x080052c6   0x00000002   Code   RO         3169    i.SystemInit        system_stm32f1xx.o
    0x080052c8   0x080052c8   0x0000000c   Code   RO          378    i.TIM4_IRQHandler   stm32f1xx_it.o
    0x080052d4   0x080052d4   0x00000078   Code   RO         1927    i.TIM_Base_SetConfig  stm32f1xx_hal_tim.o
    0x0800534c   0x0800534c   0x00000014   Code   RO         1938    i.TIM_ETR_SetConfig  stm32f1xx_hal_tim.o
    0x08005360   0x08005360   0x00000010   Code   RO         1939    i.TIM_ITRx_SetConfig  stm32f1xx_hal_tim.o
    0x08005370   0x08005370   0x00000022   Code   RO         1945    i.TIM_TI1_ConfigInputStage  stm32f1xx_hal_tim.o
    0x08005392   0x08005392   0x00000024   Code   RO         1947    i.TIM_TI2_ConfigInputStage  stm32f1xx_hal_tim.o
    0x080053b6   0x080053b6   0x00000010   Code   RO         2848    i.UART_DMAAbortOnError  stm32f1xx_hal_uart.o
    0x080053c6   0x080053c6   0x0000004a   Code   RO         2849    i.UART_DMAError     stm32f1xx_hal_uart.o
    0x08005410   0x08005410   0x00000086   Code   RO         2850    i.UART_DMAReceiveCplt  stm32f1xx_hal_uart.o
    0x08005496   0x08005496   0x0000001e   Code   RO         2852    i.UART_DMARxHalfCplt  stm32f1xx_hal_uart.o
    0x080054b4   0x080054b4   0x0000004e   Code   RO         2858    i.UART_EndRxTransfer  stm32f1xx_hal_uart.o
    0x08005502   0x08005502   0x0000001c   Code   RO         2859    i.UART_EndTxTransfer  stm32f1xx_hal_uart.o
    0x0800551e   0x0800551e   0x000000c2   Code   RO         2860    i.UART_Receive_IT   stm32f1xx_hal_uart.o
    0x080055e0   0x080055e0   0x000000b8   Code   RO         2861    i.UART_SetConfig    stm32f1xx_hal_uart.o
    0x08005698   0x08005698   0x00000090   Code   RO         2862    i.UART_Start_Receive_DMA  stm32f1xx_hal_uart.o
    0x08005728   0x08005728   0x00000072   Code   RO         2864    i.UART_WaitOnFlagUntilTimeout  stm32f1xx_hal_uart.o
    0x0800579a   0x0800579a   0x00000002   PAD
    0x0800579c   0x0800579c   0x00000050   Code   RO         4393    i.ULN2003_Init      uln2003.o
    0x080057ec   0x080057ec   0x00000060   Code   RO         4395    i.ULN2003_SetPhase  uln2003.o
    0x0800584c   0x0800584c   0x00000058   Code   RO          379    i.USART1_IRQHandler  stm32f1xx_it.o
    0x080058a4   0x080058a4   0x00000002   Code   RO          380    i.UsageFault_Handler  stm32f1xx_it.o
    0x080058a6   0x080058a6   0x00000020   Code   RO         1345    i.__NVIC_SetPriority  stm32f1xx_hal_cortex.o
    0x080058c6   0x080058c6   0x0000000e   Code   RO         5023    i.__mathlib_dbl_overflow  m_ws.l(dunder.o)
    0x080058d4   0x080058d4   0x00000010   Code   RO         5025    i.__mathlib_dbl_underflow  m_ws.l(dunder.o)
    0x080058e4   0x080058e4   0x00000010   Code   RO         4917    i.__mathlib_narrow  m_ws.l(narrow.o)
    0x080058f4   0x080058f4   0x000000bc   Code   RO         4918    i.__mathlib_tofloat  m_ws.l(narrow.o)
    0x080059b0   0x080059b0   0x00000016   Code   RO         4997    i.__support_ldexp   m_ws.l(ldexp.o)
    0x080059c6   0x080059c6   0x0000000e   Code   RO         4611    i._is_digit         c_w.l(__printf_wp.o)
    0x080059d4   0x080059d4   0x00000030   Code   RO         3205    i.buffer_skip_whitespace  cjson.o
    0x08005a04   0x08005a04   0x00000048   Code   RO         3237    i.cJSON_Delete      cjson.o
    0x08005a4c   0x08005a4c   0x0000001c   Code   RO         3249    i.cJSON_GetNumberValue  cjson.o
    0x08005a68   0x08005a68   0x00000006   Code   RO         3250    i.cJSON_GetObjectItem  cjson.o
    0x08005a6e   0x08005a6e   0x0000000e   Code   RO         3257    i.cJSON_IsBool      cjson.o
    0x08005a7c   0x08005a7c   0x00000012   Code   RO         3261    i.cJSON_IsNumber    cjson.o
    0x08005a8e   0x08005a8e   0x00000012   Code   RO         3262    i.cJSON_IsObject    cjson.o
    0x08005aa0   0x08005aa0   0x00000012   Code   RO         3264    i.cJSON_IsString    cjson.o
    0x08005ab2   0x08005ab2   0x00000012   Code   RO         3265    i.cJSON_IsTrue      cjson.o
    0x08005ac4   0x08005ac4   0x00000016   Code   RO         3267    i.cJSON_New_Item    cjson.o
    0x08005ada   0x08005ada   0x00000008   Code   RO         3268    i.cJSON_Parse       cjson.o
    0x08005ae2   0x08005ae2   0x00000002   PAD
    0x08005ae4   0x08005ae4   0x000000dc   Code   RO         3270    i.cJSON_ParseWithLengthOpts  cjson.o
    0x08005bc0   0x08005bc0   0x00000022   Code   RO         3271    i.cJSON_ParseWithOpts  cjson.o
    0x08005be2   0x08005be2   0x0000001a   Code   RO         3989    i.delay_ms          delay.o
    0x08005bfc   0x08005bfc   0x00000034   Code   RO         3990    i.delay_us          delay.o
    0x08005c30   0x08005c30   0x00000058   Code   RO         4961    i.frexp             m_ws.l(frexp.o)
    0x08005c88   0x08005c88   0x0000007a   Code   RO         3290    i.get_object_item   cjson.o
    0x08005d02   0x08005d02   0x00000074   Code   RO         4998    i.ldexp             m_ws.l(ldexp.o)
    0x08005d76   0x08005d76   0x00000002   PAD
    0x08005d78   0x08005d78   0x000000e8   Code   RO           15    i.main              main.o
    0x08005e60   0x08005e60   0x000000d0   Code   RO         3292    i.parse_array       cjson.o
    0x08005f30   0x08005f30   0x00000040   Code   RO         3293    i.parse_hex4        cjson.o
    0x08005f70   0x08005f70   0x000000f0   Code   RO         3294    i.parse_number      cjson.o
    0x08006060   0x08006060   0x0000010a   Code   RO         3295    i.parse_object      cjson.o
    0x0800616a   0x0800616a   0x0000010c   Code   RO         3296    i.parse_string      cjson.o
    0x08006276   0x08006276   0x00000002   PAD
    0x08006278   0x08006278   0x000000fc   Code   RO         3297    i.parse_value       cjson.o
    0x08006374   0x08006374   0x0000001c   Code   RO         4695    i.strtod            m_ws.l(strtod.o)
    0x08006390   0x08006390   0x000000d2   Code   RO         3306    i.utf16_literal_to_utf8  cjson.o
    0x08006462   0x08006462   0x00000002   PAD
    0x08006464   0x08006464   0x0000002c   Code   RO         4885    locale$$code        c_w.l(lc_ctype_c.o)
    0x08006490   0x08006490   0x0000002c   Code   RO         4888    locale$$code        c_w.l(lc_numeric_c.o)
    0x080064bc   0x080064bc   0x00000062   Code   RO         4956    x$fpl$d2f           fz_ws.l(d2f.o)
    0x0800651e   0x0800651e   0x00000002   PAD
    0x08006520   0x08006520   0x00000010   Code   RO         4803    x$fpl$dcheck1       fz_ws.l(dcheck1.o)
    0x08006530   0x08006530   0x00000018   Code   RO         4805    x$fpl$dcmpinf       fz_ws.l(dcmpi.o)
    0x08006548   0x08006548   0x00000078   Code   RO         4666    x$fpl$deqf          fz_ws.l(deqf.o)
    0x080065c0   0x080065c0   0x0000005e   Code   RO         4668    x$fpl$dfix          fz_ws.l(dfix.o)
    0x0800661e   0x0800661e   0x00000002   PAD
    0x08006620   0x08006620   0x00000078   Code   RO         4682    x$fpl$dleqf         fz_ws.l(dleqf.o)
    0x08006698   0x08006698   0x0000009c   Code   RO         4807    x$fpl$dnaninf       fz_ws.l(dnaninf.o)
    0x08006734   0x08006734   0x0000006c   Code   RO         4684    x$fpl$drleqf        fz_ws.l(drleqf.o)
    0x080067a0   0x080067a0   0x0000000a   Code   RO         4994    x$fpl$fretinf       fz_ws.l(fretinf.o)
    0x080067aa   0x080067aa   0x00000006   Code   RO         4905    x$fpl$ieeestatus    fz_ws.l(istatus.o)
    0x080067b0   0x080067b0   0x00000064   Code   RO         4907    x$fpl$retnan        fz_ws.l(retnan.o)
    0x08006814   0x08006814   0x0000005c   Code   RO         4690    x$fpl$scalbn        fz_ws.l(scalbn.o)
    0x08006870   0x08006870   0x00000004   Code   RO         4692    x$fpl$scanf1        fz_ws.l(scanf1.o)
    0x08006874   0x08006874   0x00000008   Code   RO         4909    x$fpl$scanf2        fz_ws.l(scanf2.o)
    0x0800687c   0x0800687c   0x00000030   Code   RO         4958    x$fpl$trapveneer    fz_ws.l(trapv.o)
    0x080068ac   0x080068ac   0x00000000   Code   RO         4813    x$fpl$usenofp       fz_ws.l(usenofp.o)
    0x080068ac   0x080068ac   0x00000012   Data   RO         1043    .constdata          stm32f1xx_hal_rcc.o
    0x080068be   0x080068be   0x00000010   Data   RO         3170    .constdata          system_stm32f1xx.o
    0x080068ce   0x080068ce   0x00000008   Data   RO         3171    .constdata          system_stm32f1xx.o
    0x080068d6   0x080068d6   0x00000011   Data   RO         4619    .constdata          c_w.l(__printf_flags_ss_wp.o)
    0x080068e7   0x080068e7   0x00000001   PAD
    0x080068e8   0x080068e8   0x00000094   Data   RO         4860    .constdata          c_w.l(bigflt0.o)
    0x0800697c   0x0800697c   0x00000079   Data   RO         3840    .conststring        esp8266.o
    0x080069f5   0x080069f5   0x00000003   PAD
    0x080069f8   0x080069f8   0x00000020   Data   RO         5055    Region$$Table       anon$$obj.o
    0x08006a18   0x08006a18   0x00000008   Data   RO         4899    c$$dinf             fz_ws.l(fpconst.o)
    0x08006a20   0x08006a20   0x00000008   Data   RO         4902    c$$dmax             fz_ws.l(fpconst.o)
    0x08006a28   0x08006a28   0x00000110   Data   RO         4884    locale$$data        c_w.l(lc_ctype_c.o)
    0x08006b38   0x08006b38   0x0000001c   Data   RO         4887    locale$$data        c_w.l(lc_numeric_c.o)


    Execution Region RW_IRAM1 (Exec base: 0x20000000, Load base: 0x08006b54, Size: 0x00000ee0, Max: 0x00005000, ABSOLUTE)

    Exec Addr    Load Addr    Size         Type   Attr      Idx    E Section Name        Object

    0x20000000   0x08006b54   0x0000000c   Data   RW          880    .data               stm32f1xx_hal.o
    0x2000000c   0x08006b60   0x00000004   Data   RW         3172    .data               system_stm32f1xx.o
    0x20000010   0x08006b64   0x00000014   Data   RW         3308    .data               cjson.o
    0x20000024   0x08006b78   0x00000004   Data   RW         3841    .data               esp8266.o
    0x20000028   0x08006b7c   0x00000018   Data   RW         3941    .data               mqtt_publisher.o
    0x20000040   0x08006b94   0x00000008   Data   RW         3991    .data               delay.o
    0x20000048        -       0x00000058   Zero   RW          238    .bss                spi.o
    0x200000a0        -       0x00000048   Zero   RW          280    .bss                tim.o
    0x200000e8        -       0x00000118   Zero   RW          323    .bss                usart.o
    0x20000200        -       0x00000200   Zero   RW         3839    .bss                esp8266.o
    0x20000400        -       0x00000480   Zero   RW         4115    .bss                oled.o
    0x20000880        -       0x00000060   Zero   RW         4817    .bss                c_w.l(libspace.o)
    0x200008e0        -       0x00000200   Zero   RW            2    HEAP                startup_stm32f103xb.o
    0x20000ae0        -       0x00000400   Zero   RW            1    STACK               startup_stm32f103xb.o


==============================================================================

Image component sizes


      Code (inc. data)   RO Data    RW Data    ZI Data      Debug   Object Name

      2154         70          0         20          0      21142   cjson.o
       114         18          0          8          0       1587   delay.o
        60          4          0          0          0        758   dma.o
       104          8          0          0          0        506   ds1302.o
      4448       2060        121          4        512      12308   esp8266.o
       296         18          0          0          0       1019   gpio.o
       330         92          0          0          0     434964   main.o
        24          8          0         24          0       1467   mqtt_publisher.o
       690         28          0          0       1152       5793   oled.o
       358         18          0          0          0       4475   rc522.o
       200         24          0          0         88       1645   spi.o
        64         26        236          0       1536        808   startup_stm32f103xb.o
       164         28          0         12          0       5869   stm32f1xx_hal.o
       198         14          0          0          0      28923   stm32f1xx_hal_cortex.o
       808         36          0          0          0       4958   stm32f1xx_hal_dma.o
       490         34          0          0          0       2880   stm32f1xx_hal_gpio.o
        60          8          0          0          0        866   stm32f1xx_hal_msp.o
      1240         84         18          0          0       5088   stm32f1xx_hal_rcc.o
      1152          8          0          0          0       6690   stm32f1xx_hal_spi.o
       848         12          0          0          0       9137   stm32f1xx_hal_tim.o
       108         12          0          0          0       2385   stm32f1xx_hal_tim_ex.o
      2024         24          0          0          0      14747   stm32f1xx_hal_uart.o
       156         36          0          0          0       6691   stm32f1xx_it.o
         2          0         24          4          0       1107   system_stm32f1xx.o
       164         18          0          0         72       1646   tim.o
       176         12          0          0          0       1078   uln2003.o
       412         44          0          0        280       2513   usart.o

    ----------------------------------------------------------------------
     16884       2744        434         72       3640     581050   Object Totals
         0          0         32          0          0          0   (incl. Generated)
        40          0          3          0          0          0   (incl. Padding)

    ----------------------------------------------------------------------

      Code (inc. data)   RO Data    RW Data    ZI Data      Debug   Library Member Name

        56          6          0          0          0         88   __2snprintf.o
        44          6          0          0          0         84   __2sprintf.o
         8          0          0          0          0         68   __main.o
       392          4         17          0          0         92   __printf_flags_ss_wp.o
        14          0          0          0          0         68   __printf_wp.o
         0          0          0          0          0          0   __rtentry.o
        12          0          0          0          0          0   __rtentry2.o
         6          0          0          0          0          0   __rtentry4.o
        52          8          0          0          0          0   __scatter.o
        26          0          0          0          0          0   __scatter_copy.o
        28          0          0          0          0          0   __scatter_zi.o
        28          0          0          0          0         68   _chval.o
        44          0          0          0          0        108   _printf_char.o
        48          6          0          0          0         96   _printf_char_common.o
         6          0          0          0          0          0   _printf_d.o
       120         16          0          0          0         92   _printf_dec.o
       178          0          0          0          0         88   _printf_intcommon.o
         0          0          0          0          0          0   _printf_percent.o
         4          0          0          0          0          0   _printf_percent_end.o
         6          0          0          0          0          0   _printf_s.o
        82          0          0          0          0         80   _printf_str.o
         6          0          0          0          0          0   _printf_u.o
        22          0          0          0          0        100   _rserrno.o
        64          0          0          0          0         84   _sgetc.o
        16          0          0          0          0         68   _snputc.o
        10          0          0          0          0         68   _sputc.o
       158          0          0          0          0         92   _strtoul.o
        26          0          0          0          0         80   atoi.o
       228          4        148          0          0         96   bigflt0.o
      1924        136          0          0          0        756   btod.o
        10          0          0          0          0         68   defsig_exit.o
        50          0          0          0          0         88   defsig_general.o
        80         58          0          0          0         76   defsig_rtmem_inner.o
        14          0          0          0          0         80   defsig_rtmem_outer.o
        18          0          0          0          0         80   exit.o
        94          0          0          0          0         80   h1_alloc.o
        52          0          0          0          0         68   h1_extend.o
        78          0          0          0          0         80   h1_free.o
        14          0          0          0          0         84   h1_init.o
       184          0          0          0          0         92   h1_realloc.o
         6          0          0          0          0        152   heapauxi.o
         4          0          0          0          0        136   hguard.o
         0          0          0          0          0          0   indicate_semi.o
       138          0          0          0          0        168   init_alloc.o
        18          0          0          0          0         76   isspace.o
        44         10        272          0          0         76   lc_ctype_c.o
        44         10         28          0          0         76   lc_numeric_c.o
         2          0          0          0          0          0   libinit.o
        38          0          0          0          0          0   libinit2.o
         2          0          0          0          0          0   libshutdown.o
         2          0          0          0          0          0   libshutdown2.o
         8          4          0          0         96         68   libspace.o
        38          0          0          0          0         68   llshl.o
         0          0          0          0          0          0   maybetermalloc1.o
        16          4          0          0          0         76   rt_ctype_table.o
         8          4          0          0          0         68   rt_errno_addr_intlibspace.o
         8          4          0          0          0         68   rt_heap_descriptor_intlibspace.o
         8          4          0          0          0         68   rt_locale_intlibspace.o
        68          0          0          0          0         68   rt_memclr.o
        78          0          0          0          0         80   rt_memclr_w.o
       138          0          0          0          0         68   rt_memcpy_v6.o
       100          0          0          0          0         80   rt_memcpy_w.o
         2          0          0          0          0          0   rtexit.o
        10          0          0          0          0          0   rtexit2.o
      1272         16          0          0          0        168   scanf_fp.o
       800         14          0          0          0        100   scanf_hexfp.o
       308         16          0          0          0        100   scanf_infnan.o
        20          0          0          0          0         68   strchr.o
       128          0          0          0          0         68   strcmpv7m.o
        62          0          0          0          0         76   strlen.o
       150          0          0          0          0         80   strncmp.o
        36          0          0          0          0         80   strstr.o
       164         14          0          0          0        120   strtod.o
       112          0          0          0          0         88   strtol.o
        12          4          0          0          0         68   sys_exit.o
        74          0          0          0          0         80   sys_stackheap_outer.o
        14          0          0          0          0         76   sys_wrch.o
        26          0          0          0          0         76   tolower.o
         2          0          0          0          0         68   use_no_semi.o
        98          4          0          0          0         92   d2f.o
        16          4          0          0          0         68   dcheck1.o
        24          0          0          0          0         68   dcmpi.o
       120          4          0          0          0         92   deqf.o
        94          4          0          0          0         92   dfix.o
       120          4          0          0          0         92   dleqf.o
       156          4          0          0          0         92   dnaninf.o
       108          0          0          0          0         80   drleqf.o
         0          0         16          0          0          0   fpconst.o
        10          0          0          0          0         68   fretinf.o
         6          0          0          0          0         68   istatus.o
       100          0          0          0          0         68   retnan.o
        92          0          0          0          0         68   scalbn.o
         4          0          0          0          0         68   scanf1.o
         8          0          0          0          0         84   scanf2.o
        48          0          0          0          0         68   trapv.o
         0          0          0          0          0          0   usenofp.o
        30          6          0          0          0        136   dunder.o
        88          8          0          0          0         76   frexp.o
       138          0          0          0          0        160   ldexp.o
       204          4          0          0          0        168   narrow.o
        28          0          0          0          0         80   strtod.o

    ----------------------------------------------------------------------
      9676        392        482          0         96       7572   Library Totals
        22          2          1          0          0          0   (incl. Padding)

    ----------------------------------------------------------------------

      Code (inc. data)   RO Data    RW Data    ZI Data      Debug   Library Name

      8162        348        465          0         96       5784   c_w.l
      1004         24         16          0          0       1168   fz_ws.l
       488         18          0          0          0        620   m_ws.l

    ----------------------------------------------------------------------
      9676        392        482          0         96       7572   Library Totals

    ----------------------------------------------------------------------

==============================================================================


      Code (inc. data)   RO Data    RW Data    ZI Data      Debug   

     26560       3136        916         72       3736     576762   Grand Totals
     26560       3136        916         72       3736     576762   ELF Image Totals
     26560       3136        916         72          0          0   ROM Totals

==============================================================================

    Total RO  Size (Code + RO Data)                27476 (  26.83kB)
    Total RW  Size (RW Data + ZI Data)              3808 (   3.72kB)
    Total ROM Size (Code + RO Data + RW Data)      27548 (  26.90kB)

==============================================================================

