Component: ARM Compiler 5.06 update 6 (build 750) Tool: armlink [4d35ed]

==============================================================================

Section Cross References

    startup_stm32f103xb.o(STACK) refers (Special) to heapauxi.o(.text) for __use_two_region_memory
    startup_stm32f103xb.o(HEAP) refers (Special) to heapauxi.o(.text) for __use_two_region_memory
    startup_stm32f103xb.o(RESET) refers (Special) to heapauxi.o(.text) for __use_two_region_memory
    startup_stm32f103xb.o(RESET) refers to startup_stm32f103xb.o(STACK) for __initial_sp
    startup_stm32f103xb.o(RESET) refers to startup_stm32f103xb.o(.text) for Reset_Handler
    startup_stm32f103xb.o(RESET) refers to stm32f1xx_it.o(i.NMI_Handler) for NMI_Handler
    startup_stm32f103xb.o(RESET) refers to stm32f1xx_it.o(i.HardFault_Handler) for HardFault_Handler
    startup_stm32f103xb.o(RESET) refers to stm32f1xx_it.o(i.MemManage_Handler) for MemManage_Handler
    startup_stm32f103xb.o(RESET) refers to stm32f1xx_it.o(i.BusFault_Handler) for BusFault_Handler
    startup_stm32f103xb.o(RESET) refers to stm32f1xx_it.o(i.UsageFault_Handler) for UsageFault_Handler
    startup_stm32f103xb.o(RESET) refers to stm32f1xx_it.o(i.SVC_Handler) for SVC_Handler
    startup_stm32f103xb.o(RESET) refers to stm32f1xx_it.o(i.DebugMon_Handler) for DebugMon_Handler
    startup_stm32f103xb.o(RESET) refers to stm32f1xx_it.o(i.PendSV_Handler) for PendSV_Handler
    startup_stm32f103xb.o(RESET) refers to stm32f1xx_it.o(i.SysTick_Handler) for SysTick_Handler
    startup_stm32f103xb.o(RESET) refers to stm32f1xx_it.o(i.DMA1_Channel4_IRQHandler) for DMA1_Channel4_IRQHandler
    startup_stm32f103xb.o(RESET) refers to stm32f1xx_it.o(i.DMA1_Channel5_IRQHandler) for DMA1_Channel5_IRQHandler
    startup_stm32f103xb.o(RESET) refers to stm32f1xx_it.o(i.TIM4_IRQHandler) for TIM4_IRQHandler
    startup_stm32f103xb.o(RESET) refers to stm32f1xx_it.o(i.SPI1_IRQHandler) for SPI1_IRQHandler
    startup_stm32f103xb.o(RESET) refers to stm32f1xx_it.o(i.USART1_IRQHandler) for USART1_IRQHandler
    startup_stm32f103xb.o(.text) refers (Special) to heapauxi.o(.text) for __use_two_region_memory
    startup_stm32f103xb.o(.text) refers to system_stm32f1xx.o(i.SystemInit) for SystemInit
    startup_stm32f103xb.o(.text) refers to __main.o(!!!main) for __main
    startup_stm32f103xb.o(.text) refers to startup_stm32f103xb.o(HEAP) for Heap_Mem
    startup_stm32f103xb.o(.text) refers to startup_stm32f103xb.o(STACK) for Stack_Mem
    main.o(i.SystemClock_Config) refers to rt_memclr_w.o(.text) for __aeabi_memclr4
    main.o(i.SystemClock_Config) refers to stm32f1xx_hal_rcc.o(i.HAL_RCC_OscConfig) for HAL_RCC_OscConfig
    main.o(i.SystemClock_Config) refers to stm32f1xx_hal_rcc.o(i.HAL_RCC_ClockConfig) for HAL_RCC_ClockConfig
    main.o(i.main) refers to stm32f1xx_hal.o(i.HAL_Init) for HAL_Init
    main.o(i.main) refers to main.o(i.SystemClock_Config) for SystemClock_Config
    main.o(i.main) refers to gpio.o(i.MX_GPIO_Init) for MX_GPIO_Init
    main.o(i.main) refers to dma.o(i.MX_DMA_Init) for MX_DMA_Init
    main.o(i.main) refers to usart.o(i.MX_USART1_UART_Init) for MX_USART1_UART_Init
    main.o(i.main) refers to tim.o(i.MX_TIM4_Init) for MX_TIM4_Init
    main.o(i.main) refers to usart.o(i.MX_USART2_UART_Init) for MX_USART2_UART_Init
    main.o(i.main) refers to spi.o(i.MX_SPI1_Init) for MX_SPI1_Init
    main.o(i.main) refers to delay.o(i.Delay_Init) for Delay_Init
    main.o(i.main) refers to oled.o(i.OLED_Init) for OLED_Init
    main.o(i.main) refers to oled.o(i.OLED_ShowString) for OLED_ShowString
    main.o(i.main) refers to oled.o(i.OLED_Refresh) for OLED_Refresh
    main.o(i.main) refers to esp8266.o(i.ESP8266_Init) for ESP8266_Init
    main.o(i.main) refers to stm32f1xx_hal_uart.o(i.HAL_UART_Transmit) for HAL_UART_Transmit
    main.o(i.main) refers to delay.o(i.delay_ms) for delay_ms
    main.o(i.main) refers to esp8266.o(i.ESP8266_ConnectWiFi) for ESP8266_ConnectWiFi
    main.o(i.main) refers to esp8266.o(i.ESP8266_ConnectCloud) for ESP8266_ConnectCloud
    main.o(i.main) refers to usart.o(.bss) for huart2
    gpio.o(i.MX_GPIO_Init) refers to stm32f1xx_hal_gpio.o(i.HAL_GPIO_WritePin) for HAL_GPIO_WritePin
    gpio.o(i.MX_GPIO_Init) refers to stm32f1xx_hal_gpio.o(i.HAL_GPIO_Init) for HAL_GPIO_Init
    dma.o(i.MX_DMA_Init) refers to stm32f1xx_hal_cortex.o(i.HAL_NVIC_SetPriority) for HAL_NVIC_SetPriority
    dma.o(i.MX_DMA_Init) refers to stm32f1xx_hal_cortex.o(i.HAL_NVIC_EnableIRQ) for HAL_NVIC_EnableIRQ
    spi.o(i.HAL_SPI_MspDeInit) refers to stm32f1xx_hal_gpio.o(i.HAL_GPIO_DeInit) for HAL_GPIO_DeInit
    spi.o(i.HAL_SPI_MspDeInit) refers to stm32f1xx_hal_cortex.o(i.HAL_NVIC_DisableIRQ) for HAL_NVIC_DisableIRQ
    spi.o(i.HAL_SPI_MspInit) refers to stm32f1xx_hal_gpio.o(i.HAL_GPIO_Init) for HAL_GPIO_Init
    spi.o(i.HAL_SPI_MspInit) refers to stm32f1xx_hal_cortex.o(i.HAL_NVIC_SetPriority) for HAL_NVIC_SetPriority
[...]
    ../fplib/ddiv.s                          0x00000000   Number         0  ddiv.o ABSOLUTE
    ../fplib/deqf.s                          0x00000000   Number         0  deqf.o ABSOLUTE
    ../fplib/dfix.s                          0x00000000   Number         0  dfix.o ABSOLUTE
    ../fplib/dfixu.s                         0x00000000   Number         0  dfixu.o ABSOLUTE
    ../fplib/dflt.s                          0x00000000   Number         0  dflt_clz.o ABSOLUTE
    ../fplib/dleqf.s                         0x00000000   Number         0  dleqf.o ABSOLUTE
    ../fplib/dmul.s                          0x00000000   Number         0  dmul.o ABSOLUTE
    ../fplib/dnaninf.s                       0x00000000   Number         0  dnaninf.o ABSOLUTE
    ../fplib/dretinf.s                       0x00000000   Number         0  dretinf.o ABSOLUTE
    ../fplib/drleqf.s                        0x00000000   Number         0  drleqf.o ABSOLUTE
    ../fplib/f2d.s                           0x00000000   Number         0  f2d.o ABSOLUTE
    ../fplib/fnaninf.s                       0x00000000   Number         0  fnaninf.o ABSOLUTE
    ../fplib/fpconst.s                       0x00000000   Number         0  fpconst.o ABSOLUTE
    ../fplib/fpinit.s                        0x00000000   Number         0  fpinit.o ABSOLUTE
    ../fplib/fretinf.s                       0x00000000   Number         0  fretinf.o ABSOLUTE
    ../fplib/istatus.s                       0x00000000   Number         0  istatus.o ABSOLUTE
    ../fplib/printf1.s                       0x00000000   Number         0  printf1.o ABSOLUTE
    ../fplib/retnan.s                        0x00000000   Number         0  retnan.o ABSOLUTE
    ../fplib/scalbn.s                        0x00000000   Number         0  scalbn.o ABSOLUTE
    ../fplib/scanf1.s                        0x00000000   Number         0  scanf1.o ABSOLUTE
    ../fplib/scanf2.s                        0x00000000   Number         0  scanf2.o ABSOLUTE
    ../fplib/scanf2a.s                       0x00000000   Number         0  scanf2a.o ABSOLUTE
    ../fplib/scanf2b.s                       0x00000000   Number         0  scanf2b.o ABSOLUTE
    ../fplib/trapv.s                         0x00000000   Number         0  trapv.o ABSOLUTE
    ../fplib/usenofp.s                       0x00000000   Number         0  usenofp.o ABSOLUTE
    ../mathlib/dunder.c                      0x00000000   Number         0  dunder.o ABSOLUTE
    ../mathlib/fpclassify.c                  0x00000000   Number         0  fpclassify.o ABSOLUTE
    ../mathlib/frexp.c                       0x00000000   Number         0  frexp.o ABSOLUTE
    ../mathlib/ldexp.c                       0x00000000   Number         0  ldexp.o ABSOLUTE
    ../mathlib/ldexp.c                       0x00000000   Number         0  ldexp_x.o ABSOLUTE
    ../mathlib/narrow.c                      0x00000000   Number         0  narrow.o ABSOLUTE
    ../mathlib/qnan.c                        0x00000000   Number         0  qnan.o ABSOLUTE
    ../mathlib/strtod.c                      0x00000000   Number         0  strtod.o ABSOLUTE
    ..\App\RC522.c                           0x00000000   Number         0  rc522.o ABSOLUTE
    ..\App\cJSON.c                           0x00000000   Number         0  cjson.o ABSOLUTE
    ..\App\delay.c                           0x00000000   Number         0  delay.o ABSOLUTE
    ..\App\ds1302.c                          0x00000000   Number         0  ds1302.o ABSOLUTE
    ..\App\esp8266.c                         0x00000000   Number         0  esp8266.o ABSOLUTE
    ..\App\mqtt_publisher.c                  0x00000000   Number         0  mqtt_publisher.o ABSOLUTE
    ..\App\oled.c                            0x00000000   Number         0  oled.o ABSOLUTE
    ..\App\uln2003.c                         0x00000000   Number         0  uln2003.o ABSOLUTE
    ..\Core\Src\dma.c                        0x00000000   Number         0  dma.o ABSOLUTE
    ..\Core\Src\gpio.c                       0x00000000   Number         0  gpio.o ABSOLUTE
    ..\Core\Src\main.c                       0x00000000   Number         0  main.o ABSOLUTE
    ..\Core\Src\spi.c                        0x00000000   Number         0  spi.o ABSOLUTE
    ..\Core\Src\stm32f1xx_hal_msp.c          0x00000000   Number         0  stm32f1xx_hal_msp.o ABSOLUTE
    ..\Core\Src\stm32f1xx_it.c               0x00000000   Number         0  stm32f1xx_it.o ABSOLUTE
    ..\Core\Src\system_stm32f1xx.c           0x00000000   Number         0  system_stm32f1xx.o ABSOLUTE
    ..\Core\Src\tim.c                        0x00000000   Number         0  tim.o ABSOLUTE
    ..\Core\Src\usart.c                      0x00000000   Number         0  usart.o ABSOLUTE
    ..\Drivers\STM32F1xx_HAL_Driver\Src\stm32f1xx_hal.c 0x00000000   Number         0  stm32f1xx_hal.o ABSOLUTE
    ..\Drivers\STM32F1xx_HAL_Driver\Src\stm32f1xx_hal_cortex.c 0x00000000   Number         0  stm32f1xx_hal_cortex.o ABSOLUTE
    ..\Drivers\STM32F1xx_HAL_Driver\Src\stm32f1xx_hal_dma.c 0x00000000   Number         0  stm32f1xx_hal_dma.o ABSOLUTE
    ..\Drivers\STM32F1xx_HAL_Driver\Src\stm32f1xx_hal_exti.c 0x00000000   Number         0  stm32f1xx_hal_exti.o ABSOLUTE
    ..\Drivers\STM32F1xx_HAL_Driver\Src\stm32f1xx_hal_flash.c 0x00000000   Number         0  stm32f1xx_hal_flash.o ABSOLUTE
    ..\Drivers\STM32F1xx_HAL_Driver\Src\stm32f1xx_hal_flash_ex.c 0x00000000   Number         0  stm32f1xx_hal_flash_ex.o ABSOLUTE
    ..\Drivers\STM32F1xx_HAL_Driver\Src\stm32f1xx_hal_gpio.c 0x00000000   Number         0  stm32f1xx_hal_gpio.o ABSOLUTE
    ..\Drivers\STM32F1xx_HAL_Driver\Src\stm32f1xx_hal_gpio_ex.c 0x00000000   Number         0  stm32f1xx_hal_gpio_ex.o ABSOLUTE
    ..\Drivers\STM32F1xx_HAL_Driver\Src\stm32f1xx_hal_pwr.c 0x00000000   Number         0  stm32f1xx_hal_pwr.o ABSOLUTE
    ..\Drivers\STM32F1xx_HAL_Driver\Src\stm32f1xx_hal_rcc.c 0x00000000   Number         0  stm32f1xx_hal_rcc.o ABSOLUTE
    ..\Drivers\STM32F1xx_HAL_Driver\Src\stm32f1xx_hal_rcc_ex.c 0x00000000   Number         0  stm32f1xx_hal_rcc_ex.o ABSOLUTE
    ..\Drivers\STM32F1xx_HAL_Driver\Src\stm32f1xx_hal_spi.c 0x00000000   Number         0  stm32f1xx_hal_spi.o ABSOLUTE
    ..\Drivers\STM32F1xx_HAL_Driver\Src\stm32f1xx_hal_tim.c 0x00000000   Number         0  stm32f1xx_hal_tim.o ABSOLUTE
    ..\Drivers\STM32F1xx_HAL_Driver\Src\stm32f1xx_hal_tim_ex.c 0x00000000   Number         0  stm32f1xx_hal_tim_ex.o ABSOLUTE
    ..\Drivers\STM32F1xx_HAL_Driver\Src\stm32f1xx_hal_uart.c 0x00000000   Number         0  stm32f1xx_hal_uart.o ABSOLUTE
    ..\\App\\RC522.c                         0x00000000   Number         0  rc522.o ABSOLUTE
    ..\\App\\delay.c                         0x00000000   Number         0  delay.o ABSOLUTE
    ..\\App\\ds1302.c                        0x00000000   Number         0  ds1302.o ABSOLUTE
    ..\\App\\esp8266.c                       0x00000000   Number         0  esp8266.o ABSOLUTE
    ..\\App\\mqtt_publisher.c                0x00000000   Number         0  mqtt_publisher.o ABSOLUTE
    ..\\App\\oled.c                          0x00000000   Number         0  oled.o ABSOLUTE
    ..\\App\\uln2003.c                       0x00000000   Number         0  uln2003.o ABSOLUTE
    dc.s                                     0x00000000   Number         0  dc.o ABSOLUTE
    startup_stm32f103xb.s                    0x00000000   Number         0  startup_stm32f103xb.o ABSOLUTE
    RESET                                    0x08000000   Section      236  startup_stm32f103xb.o(RESET)
    !!!main                                  0x080000ec   Section        8  __main.o(!!!main)
    !!!scatter                               0x080000f4   Section       52  __scatter.o(!!!scatter)
    !!handler_copy                           0x08000128   Section       26  __scatter_copy.o(!!handler_copy)
    !!handler_zi                             0x08000144   Section       28  __scatter_zi.o(!!handler_zi)
    .ARM.Collect$$_printf_percent$$00000000  0x08000160   Section        0  _printf_percent.o(.ARM.Collect$$_printf_percent$$00000000)
    .ARM.Collect$$_printf_percent$$00000014  0x08000160   Section        6  _printf_s.o(.ARM.Collect$$_printf_percent$$00000014)
    .ARM.Collect$$_printf_percent$$00000017  0x08000166   Section        4  _printf_percent_end.o(.ARM.Collect$$_printf_percent$$00000017)
    .ARM.Collect$$libinit$$00000000          0x0800016a   Section        2  libinit.o(.ARM.Collect$$libinit$$00000000)
    .ARM.Collect$$libinit$$00000002          0x0800016c   Section        0  libinit2.o(.ARM.Collect$$libinit$$00000002)
    .ARM.Collect$$libinit$$00000004          0x0800016c   Section        0  libinit2.o(.ARM.Collect$$libinit$$00000004)
    .ARM.Collect$$libinit$$0000000A          0x0800016c   Section        0  libinit2.o(.ARM.Collect$$libinit$$0000000A)
    .ARM.Collect$$libinit$$0000000C          0x0800016c   Section        0  libinit2.o(.ARM.Collect$$libinit$$0000000C)
    .ARM.Collect$$libinit$$0000000E          0x0800016c   Section        0  libinit2.o(.ARM.Collect$$libinit$$0000000E)
    .ARM.Collect$$libinit$$00000011          0x0800016c   Section        0  libinit2.o(.ARM.Collect$$libinit$$00000011)
    .ARM.Collect$$libinit$$00000013          0x0800016c   Section        0  libinit2.o(.ARM.Collect$$libinit$$00000013)
    .ARM.Collect$$libinit$$00000015          0x0800016c   Section        0  libinit2.o(.ARM.Collect$$libinit$$00000015)
    .ARM.Collect$$libinit$$00000017          0x0800016c   Section        0  libinit2.o(.ARM.Collect$$libinit$$00000017)
    .ARM.Collect$$libinit$$00000019          0x0800016c   Section        0  libinit2.o(.ARM.Collect$$libinit$$00000019)
    .ARM.Collect$$libinit$$0000001B          0x0800016c   Section        0  libinit2.o(.ARM.Collect$$libinit$$0000001B)
    .ARM.Collect$$libinit$$0000001D          0x0800016c   Section        0  libinit2.o(.ARM.Collect$$libinit$$0000001D)
    .ARM.Collect$$libinit$$0000001F          0x0800016c   Section        0  libinit2.o(.ARM.Collect$$libinit$$0000001F)
    .ARM.Collect$$libinit$$00000021          0x0800016c   Section        0  libinit2.o(.ARM.Collect$$libinit$$00000021)
    .ARM.Collect$$libinit$$00000023          0x0800016c   Section        0  libinit2.o(.ARM.Collect$$libinit$$00000023)
    .ARM.Collect$$libinit$$00000025          0x0800016c   Section        0  libinit2.o(.ARM.Collect$$libinit$$00000025)
    .ARM.Collect$$libinit$$0000002C          0x0800016c   Section        0  libinit2.o(.ARM.Collect$$libinit$$0000002C)
    .ARM.Collect$$libinit$$0000002E          0x0800016c   Section        0  libinit2.o(.ARM.Collect$$libinit$$0000002E)
    .ARM.Collect$$libinit$$00000030          0x0800016c   Section        0  libinit2.o(.ARM.Collect$$libinit$$00000030)
    .ARM.Collect$$libinit$$00000032          0x0800016c   Section        0  libinit2.o(.ARM.Collect$$libinit$$00000032)
    .ARM.Collect$$libinit$$00000033          0x0800016c   Section        2  libinit2.o(.ARM.Collect$$libinit$$00000033)
    .ARM.Collect$$libshutdown$$00000000      0x0800016e   Section        2  libshutdown.o(.ARM.Collect$$libshutdown$$00000000)
    .ARM.Collect$$libshutdown$$00000002      0x08000170   Section        0  libshutdown2.o(.ARM.Collect$$libshutdown$$00000002)
    .ARM.Collect$$libshutdown$$00000004      0x08000170   Section        0  libshutdown2.o(.ARM.Collect$$libshutdown$$00000004)
    .ARM.Collect$$libshutdown$$00000007      0x08000170   Section        0  libshutdown2.o(.ARM.Collect$$libshutdown$$00000007)
    .ARM.Collect$$libshutdown$$0000000A      0x08000170   Section        0  libshutdown2.o(.ARM.Collect$$libshutdown$$0000000A)
    .ARM.Collect$$libshutdown$$0000000C      0x08000170   Section        0  libshutdown2.o(.ARM.Collect$$libshutdown$$0000000C)
    .ARM.Collect$$libshutdown$$0000000F      0x08000170   Section        0  libshutdown2.o(.ARM.Collect$$libshutdown$$0000000F)
    .ARM.Collect$$libshutdown$$00000010      0x08000170   Section        2  libshutdown2.o(.ARM.Collect$$libshutdown$$00000010)
    .ARM.Collect$$rtentry$$00000000          0x08000172   Section        0  __rtentry.o(.ARM.Collect$$rtentry$$00000000)
    .ARM.Collect$$rtentry$$00000002          0x08000172   Section        0  __rtentry2.o(.ARM.Collect$$rtentry$$00000002)
    .ARM.Collect$$rtentry$$00000004          0x08000172   Section        6  __rtentry4.o(.ARM.Collect$$rtentry$$00000004)
    .ARM.Collect$$rtentry$$00000009          0x08000178   Section        0  __rtentry2.o(.ARM.Collect$$rtentry$$00000009)
    .ARM.Collect$$rtentry$$0000000A          0x08000178   Section        4  __rtentry2.o(.ARM.Collect$$rtentry$$0000000A)
    .ARM.Collect$$rtentry$$0000000C          0x0800017c   Section        0  __rtentry2.o(.ARM.Collect$$rtentry$$0000000C)
    .ARM.Collect$$rtentry$$0000000D          0x0800017c   Section        8  __rtentry2.o(.ARM.Collect$$rtentry$$0000000D)
    .ARM.Collect$$rtexit$$00000000           0x08000184   Section        2  rtexit.o(.ARM.Collect$$rtexit$$00000000)
    .ARM.Collect$$rtexit$$00000002           0x08000186   Section        0  rtexit2.o(.ARM.Collect$$rtexit$$00000002)
    .ARM.Collect$$rtexit$$00000003           0x08000186   Section        4  rtexit2.o(.ARM.Collect$$rtexit$$00000003)
    .ARM.Collect$$rtexit$$00000004           0x0800018a   Section        6  rtexit2.o(.ARM.Collect$$rtexit$$00000004)
    .text                                    0x08000190   Section       64  startup_stm32f103xb.o(.text)
    .text                                    0x080001d0   Section        0  __2snprintf.o(.text)
    .text                                    0x08000208   Section        0  _printf_str.o(.text)
    .text                                    0x0800025c   Section        0  __printf_flags_ss_wp.o(.text)
    .text                                    0x080003e4   Section        0  strstr.o(.text)
    .text                                    0x08000408   Section        0  strlen.o(.text)
    .text                                    0x08000446   Section      138  rt_memcpy_v6.o(.text)
    .text                                    0x080004d0   Section      100  rt_memcpy_w.o(.text)
    .text                                    0x08000534   Section       68  rt_memclr.o(.text)
    .text                                    0x08000578   Section       78  rt_memclr_w.o(.text)
    .text                                    0x080005c6   Section        0  heapauxi.o(.text)
    .text                                    0x080005cc   Section        0  _printf_char_common.o(.text)
    _printf_input_char                       0x080005cd   Thumb Code    10  _printf_char_common.o(.text)
    .text                                    0x080005fc   Section        0  _sputc.o(.text)
    .text                                    0x08000606   Section        0  _snputc.o(.text)
    .text                                    0x08000616   Section        0  _printf_char.o(.text)
    .text                                    0x08000644   Section        8  libspace.o(.text)
    .text                                    0x0800064c   Section        2  use_no_semi.o(.text)
    .text                                    0x0800064e   Section       74  sys_stackheap_outer.o(.text)
    .text                                    0x0800064e   Section        0  indicate_semi.o(.text)
    .text                                    0x08000698   Section        0  exit.o(.text)
    .text                                    0x080006ac   Section        0  sys_exit.o(.text)
    i.BusFault_Handler                       0x080006b8   Section        0  stm32f1xx_it.o(i.BusFault_Handler)
    i.DMA1_Channel4_IRQHandler               0x080006bc   Section        0  stm32f1xx_it.o(i.DMA1_Channel4_IRQHandler)
    i.DMA1_Channel5_IRQHandler               0x080006c8   Section        0  stm32f1xx_it.o(i.DMA1_Channel5_IRQHandler)
    i.DMA_SetConfig                          0x080006d4   Section        0  stm32f1xx_hal_dma.o(i.DMA_SetConfig)
    DMA_SetConfig                            0x080006d5   Thumb Code    42  stm32f1xx_hal_dma.o(i.DMA_SetConfig)
    i.DebugMon_Handler                       0x080006fe   Section        0  stm32f1xx_it.o(i.DebugMon_Handler)
    i.Delay_Init                             0x08000700   Section        0  delay.o(i.Delay_Init)
    i.ESP8266_Clear                          0x08000724   Section        0  esp8266.o(i.ESP8266_Clear)
    i.ESP8266_ConnectCloud                   0x08000740   Section        0  esp8266.o(i.ESP8266_ConnectCloud)
    i.ESP8266_ConnectWiFi                    0x08000ab0   Section        0  esp8266.o(i.ESP8266_ConnectWiFi)
    i.ESP8266_Init                           0x08000b7c   Section        0  esp8266.o(i.ESP8266_Init)
    i.ESP8266_SendCmd                        0x08000d6c   Section        0  esp8266.o(i.ESP8266_SendCmd)
    i.ESP8266_WaitRecive                     0x08000ebc   Section        0  esp8266.o(i.ESP8266_WaitRecive)
    i.Error_Handler                          0x08000ee0   Section        0  main.o(i.Error_Handler)
    i.HAL_DMA_Abort                          0x08000ee4   Section        0  stm32f1xx_hal_dma.o(i.HAL_DMA_Abort)
    i.HAL_DMA_Abort_IT                       0x08000f2c   Section        0  stm32f1xx_hal_dma.o(i.HAL_DMA_Abort_IT)
    i.HAL_DMA_IRQHandler                     0x08000fc4   Section        0  stm32f1xx_hal_dma.o(i.HAL_DMA_IRQHandler)
    i.HAL_DMA_Init                           0x08001118   Section        0  stm32f1xx_hal_dma.o(i.HAL_DMA_Init)
    i.HAL_DMA_Start_IT                       0x08001174   Section        0  stm32f1xx_hal_dma.o(i.HAL_DMA_Start_IT)
    i.HAL_GPIO_Init                          0x080011e4   Section        0  stm32f1xx_hal_gpio.o(i.HAL_GPIO_Init)
    i.HAL_GPIO_WritePin                      0x080013c4   Section        0  stm32f1xx_hal_gpio.o(i.HAL_GPIO_WritePin)
    i.HAL_GetTick                            0x080013d0   Section        0  stm32f1xx_hal.o(i.HAL_GetTick)
    i.HAL_IncTick                            0x080013dc   Section        0  stm32f1xx_hal.o(i.HAL_IncTick)
    i.HAL_Init                               0x080013ec   Section        0  stm32f1xx_hal.o(i.HAL_Init)
    i.HAL_InitTick                           0x08001410   Section        0  stm32f1xx_hal.o(i.HAL_InitTick)
    i.HAL_MspInit                            0x08001450   Section        0  stm32f1xx_hal_msp.o(i.HAL_MspInit)
    i.HAL_NVIC_EnableIRQ                     0x0800148c   Section        0  stm32f1xx_hal_cortex.o(i.HAL_NVIC_EnableIRQ)
    i.HAL_NVIC_SetPriority                   0x080014a8   Section        0  stm32f1xx_hal_cortex.o(i.HAL_NVIC_SetPriority)
    i.HAL_NVIC_SetPriorityGrouping           0x080014e8   Section        0  stm32f1xx_hal_cortex.o(i.HAL_NVIC_SetPriorityGrouping)
    i.HAL_RCC_ClockConfig                    0x0800150c   Section        0  stm32f1xx_hal_rcc.o(i.HAL_RCC_ClockConfig)
    i.HAL_RCC_GetPCLK1Freq                   0x08001638   Section        0  stm32f1xx_hal_rcc.o(i.HAL_RCC_GetPCLK1Freq)
    i.HAL_RCC_GetPCLK2Freq                   0x08001658   Section        0  stm32f1xx_hal_rcc.o(i.HAL_RCC_GetPCLK2Freq)
    i.HAL_RCC_GetSysClockFreq                0x08001678   Section        0  stm32f1xx_hal_rcc.o(i.HAL_RCC_GetSysClockFreq)
    i.HAL_RCC_OscConfig                      0x080016c4   Section        0  stm32f1xx_hal_rcc.o(i.HAL_RCC_OscConfig)
    i.HAL_SPI_ErrorCallback                  0x080019e4   Section        0  stm32f1xx_hal_spi.o(i.HAL_SPI_ErrorCallback)
    i.HAL_SPI_IRQHandler                     0x080019e8   Section        0  stm32f1xx_hal_spi.o(i.HAL_SPI_IRQHandler)
    i.HAL_SPI_Init                           0x08001ac8   Section        0  stm32f1xx_hal_spi.o(i.HAL_SPI_Init)
    i.HAL_SPI_MspInit                        0x08001b7c   Section        0  spi.o(i.HAL_SPI_MspInit)
    i.HAL_SYSTICK_Config                     0x08001bfc   Section        0  stm32f1xx_hal_cortex.o(i.HAL_SYSTICK_Config)
    i.HAL_TIMEx_BreakCallback                0x08001c24   Section        0  stm32f1xx_hal_tim_ex.o(i.HAL_TIMEx_BreakCallback)
    i.HAL_TIMEx_CommutCallback               0x08001c26   Section        0  stm32f1xx_hal_tim_ex.o(i.HAL_TIMEx_CommutCallback)
    i.HAL_TIMEx_MasterConfigSynchronization  0x08001c28   Section        0  stm32f1xx_hal_tim_ex.o(i.HAL_TIMEx_MasterConfigSynchronization)
    i.HAL_TIM_Base_Init                      0x08001c90   Section        0  stm32f1xx_hal_tim.o(i.HAL_TIM_Base_Init)
    i.HAL_TIM_Base_MspInit                   0x08001cec   Section        0  tim.o(i.HAL_TIM_Base_MspInit)
    i.HAL_TIM_ConfigClockSource              0x08001d28   Section        0  stm32f1xx_hal_tim.o(i.HAL_TIM_ConfigClockSource)
    i.HAL_TIM_IC_CaptureCallback             0x08001e04   Section        0  stm32f1xx_hal_tim.o(i.HAL_TIM_IC_CaptureCallback)
    i.HAL_TIM_IRQHandler                     0x08001e06   Section        0  stm32f1xx_hal_tim.o(i.HAL_TIM_IRQHandler)
    i.HAL_TIM_OC_DelayElapsedCallback        0x08001f36   Section        0  stm32f1xx_hal_tim.o(i.HAL_TIM_OC_DelayElapsedCallback)
    i.HAL_TIM_PWM_PulseFinishedCallback      0x08001f38   Section        0  stm32f1xx_hal_tim.o(i.HAL_TIM_PWM_PulseFinishedCallback)
    i.HAL_TIM_PeriodElapsedCallback          0x08001f3c   Section        0  mqtt_publisher.o(i.HAL_TIM_PeriodElapsedCallback)
    i.HAL_TIM_TriggerCallback                0x08001f54   Section        0  stm32f1xx_hal_tim.o(i.HAL_TIM_TriggerCallback)
    i.HAL_UARTEx_RxEventCallback             0x08001f56   Section        0  stm32f1xx_hal_uart.o(i.HAL_UARTEx_RxEventCallback)
    i.HAL_UART_DMAStop                       0x08001f58   Section        0  stm32f1xx_hal_uart.o(i.HAL_UART_DMAStop)
    i.HAL_UART_ErrorCallback                 0x08001fc8   Section        0  stm32f1xx_hal_uart.o(i.HAL_UART_ErrorCallback)
    i.HAL_UART_IRQHandler                    0x08001fcc   Section        0  stm32f1xx_hal_uart.o(i.HAL_UART_IRQHandler)
    i.HAL_UART_Init                          0x08002238   Section        0  stm32f1xx_hal_uart.o(i.HAL_UART_Init)
    i.HAL_UART_MspInit                       0x0800229c   Section        0  usart.o(i.HAL_UART_MspInit)
    i.HAL_UART_Receive_DMA                   0x080023c0   Section        0  stm32f1xx_hal_uart.o(i.HAL_UART_Receive_DMA)
    i.HAL_UART_RxCpltCallback                0x080023dc   Section        0  esp8266.o(i.HAL_UART_RxCpltCallback)
    i.HAL_UART_RxHalfCpltCallback            0x08002408   Section        0  stm32f1xx_hal_uart.o(i.HAL_UART_RxHalfCpltCallback)
    i.HAL_UART_Transmit                      0x0800240a   Section        0  stm32f1xx_hal_uart.o(i.HAL_UART_Transmit)
    i.HAL_UART_TxCpltCallback                0x080024aa   Section        0  stm32f1xx_hal_uart.o(i.HAL_UART_TxCpltCallback)
    i.HardFault_Handler                      0x080024ac   Section        0  stm32f1xx_it.o(i.HardFault_Handler)
    i.I2C_Start                              0x080024b0   Section        0  oled.o(i.I2C_Start)
    i.I2C_Stop                               0x080024f4   Section        0  oled.o(i.I2C_Stop)
    i.I2C_WaitAck                            0x08002528   Section        0  oled.o(i.I2C_WaitAck)
    i.IIC_delay                              0x08002560   Section        0  oled.o(i.IIC_delay)
    i.MX_DMA_Init                            0x0800256c   Section        0  dma.o(i.MX_DMA_Init)
    i.MX_GPIO_Init                           0x080025a8   Section        0  gpio.o(i.MX_GPIO_Init)
    i.MX_SPI1_Init                           0x080026e4   Section        0  spi.o(i.MX_SPI1_Init)
    i.MX_TIM4_Init                           0x0800272c   Section        0  tim.o(i.MX_TIM4_Init)
    i.MX_USART1_UART_Init                    0x08002794   Section        0  usart.o(i.MX_USART1_UART_Init)
    i.MX_USART2_UART_Init                    0x080027d4   Section        0  usart.o(i.MX_USART2_UART_Init)
    i.MemManage_Handler                      0x0800280c   Section        0  stm32f1xx_it.o(i.MemManage_Handler)
    i.NMI_Handler                            0x0800280e   Section        0  stm32f1xx_it.o(i.NMI_Handler)
    i.OLED_Clear                             0x08002810   Section        0  oled.o(i.OLED_Clear)
    i.OLED_DrawPoint                         0x0800283c   Section        0  oled.o(i.OLED_DrawPoint)
    i.OLED_Init                              0x08002868   Section        0  oled.o(i.OLED_Init)
    i.OLED_Refresh                           0x08002944   Section        0  oled.o(i.OLED_Refresh)
    i.OLED_ShowChar                          0x080029ac   Section        0  oled.o(i.OLED_ShowChar)
    i.OLED_ShowString                        0x08002a90   Section        0  oled.o(i.OLED_ShowString)
    i.OLED_WR_Byte                           0x08002acc   Section        0  oled.o(i.OLED_WR_Byte)
    i.PendSV_Handler                         0x08002b02   Section        0  stm32f1xx_it.o(i.PendSV_Handler)
    i.SPI1_IRQHandler                        0x08002b04   Section        0  stm32f1xx_it.o(i.SPI1_IRQHandler)
    i.SPI_DMAAbortOnError                    0x08002b10   Section        0  stm32f1xx_hal_spi.o(i.SPI_DMAAbortOnError)
    SPI_DMAAbortOnError                      0x08002b11   Thumb Code    16  stm32f1xx_hal_spi.o(i.SPI_DMAAbortOnError)
    i.SVC_Handler                            0x08002b20   Section        0  stm32f1xx_it.o(i.SVC_Handler)
    i.Send_Byte                              0x08002b24   Section        0  oled.o(i.Send_Byte)
    i.SysTick_Handler                        0x08002b78   Section        0  stm32f1xx_it.o(i.SysTick_Handler)
    i.SystemClock_Config                     0x08002b7c   Section        0  main.o(i.SystemClock_Config)
    i.SystemInit                             0x08002bda   Section        0  system_stm32f1xx.o(i.SystemInit)
    i.TIM4_IRQHandler                        0x08002bdc   Section        0  stm32f1xx_it.o(i.TIM4_IRQHandler)
    i.TIM_Base_SetConfig                     0x08002be8   Section        0  stm32f1xx_hal_tim.o(i.TIM_Base_SetConfig)
    i.TIM_ETR_SetConfig                      0x08002c60   Section        0  stm32f1xx_hal_tim.o(i.TIM_ETR_SetConfig)
    i.TIM_ITRx_SetConfig                     0x08002c74   Section        0  stm32f1xx_hal_tim.o(i.TIM_ITRx_SetConfig)
    TIM_ITRx_SetConfig                       0x08002c75   Thumb Code    16  stm32f1xx_hal_tim.o(i.TIM_ITRx_SetConfig)
    i.TIM_TI1_ConfigInputStage               0x08002c84   Section        0  stm32f1xx_hal_tim.o(i.TIM_TI1_ConfigInputStage)
    TIM_TI1_ConfigInputStage                 0x08002c85   Thumb Code    34  stm32f1xx_hal_tim.o(i.TIM_TI1_ConfigInputStage)
    i.TIM_TI2_ConfigInputStage               0x08002ca6   Section        0  stm32f1xx_hal_tim.o(i.TIM_TI2_ConfigInputStage)
    TIM_TI2_ConfigInputStage                 0x08002ca7   Thumb Code    36  stm32f1xx_hal_tim.o(i.TIM_TI2_ConfigInputStage)
    i.UART_DMAAbortOnError                   0x08002cca   Section        0  stm32f1xx_hal_uart.o(i.UART_DMAAbortOnError)
    UART_DMAAbortOnError                     0x08002ccb   Thumb Code    16  stm32f1xx_hal_uart.o(i.UART_DMAAbortOnError)
    i.UART_DMAError                          0x08002cda   Section        0  stm32f1xx_hal_uart.o(i.UART_DMAError)
    UART_DMAError                            0x08002cdb   Thumb Code    74  stm32f1xx_hal_uart.o(i.UART_DMAError)
    i.UART_DMAReceiveCplt                    0x08002d24   Section        0  stm32f1xx_hal_uart.o(i.UART_DMAReceiveCplt)
    UART_DMAReceiveCplt                      0x08002d25   Thumb Code   134  stm32f1xx_hal_uart.o(i.UART_DMAReceiveCplt)
    i.UART_DMARxHalfCplt                     0x08002daa   Section        0  stm32f1xx_hal_uart.o(i.UART_DMARxHalfCplt)
    UART_DMARxHalfCplt                       0x08002dab   Thumb Code    30  stm32f1xx_hal_uart.o(i.UART_DMARxHalfCplt)
    i.UART_EndRxTransfer                     0x08002dc8   Section        0  stm32f1xx_hal_uart.o(i.UART_EndRxTransfer)
    UART_EndRxTransfer                       0x08002dc9   Thumb Code    78  stm32f1xx_hal_uart.o(i.UART_EndRxTransfer)
    i.UART_EndTxTransfer                     0x08002e16   Section        0  stm32f1xx_hal_uart.o(i.UART_EndTxTransfer)
    UART_EndTxTransfer                       0x08002e17   Thumb Code    28  stm32f1xx_hal_uart.o(i.UART_EndTxTransfer)
    i.UART_Receive_IT                        0x08002e32   Section        0  stm32f1xx_hal_uart.o(i.UART_Receive_IT)
    UART_Receive_IT                          0x08002e33   Thumb Code   194  stm32f1xx_hal_uart.o(i.UART_Receive_IT)
    i.UART_SetConfig                         0x08002ef4   Section        0  stm32f1xx_hal_uart.o(i.UART_SetConfig)
    UART_SetConfig                           0x08002ef5   Thumb Code   178  stm32f1xx_hal_uart.o(i.UART_SetConfig)
    i.UART_Start_Receive_DMA                 0x08002fac   Section        0  stm32f1xx_hal_uart.o(i.UART_Start_Receive_DMA)
    i.UART_WaitOnFlagUntilTimeout            0x0800303c   Section        0  stm32f1xx_hal_uart.o(i.UART_WaitOnFlagUntilTimeout)
    UART_WaitOnFlagUntilTimeout              0x0800303d   Thumb Code   114  stm32f1xx_hal_uart.o(i.UART_WaitOnFlagUntilTimeout)
    i.USART1_IRQHandler                      0x080030b0   Section        0  stm32f1xx_it.o(i.USART1_IRQHandler)
    i.UsageFault_Handler                     0x08003108   Section        0  stm32f1xx_it.o(i.UsageFault_Handler)
    i.__NVIC_SetPriority                     0x0800310a   Section        0  stm32f1xx_hal_cortex.o(i.__NVIC_SetPriority)
    __NVIC_SetPriority                       0x0800310b   Thumb Code    32  stm32f1xx_hal_cortex.o(i.__NVIC_SetPriority)
    i._is_digit                              0x0800312a   Section        0  __printf_wp.o(i._is_digit)
    i.delay_ms                               0x08003138   Section        0  delay.o(i.delay_ms)
    i.delay_us                               0x08003154   Section        0  delay.o(i.delay_us)
    i.main                                   0x08003188   Section        0  main.o(i.main)
    .constdata                               0x08003234   Section       18  stm32f1xx_hal_rcc.o(.constdata)
    aPredivFactorTable                       0x08003234   Data           2  stm32f1xx_hal_rcc.o(.constdata)
    aPLLMULFactorTable                       0x08003236   Data          16  stm32f1xx_hal_rcc.o(.constdata)
    .constdata                               0x08003246   Section       16  system_stm32f1xx.o(.constdata)
    .constdata                               0x08003256   Section        8  system_stm32f1xx.o(.constdata)
    .constdata                               0x0800325e   Section     6632  oled.o(.constdata)
    .constdata                               0x08004c46   Section       17  __printf_flags_ss_wp.o(.constdata)
    maptable                                 0x08004c46   Data          17  __printf_flags_ss_wp.o(.constdata)
    .conststring                             0x08004c58   Section      121  esp8266.o(.conststring)
    .data                                    0x20000000   Section       12  stm32f1xx_hal.o(.data)
    .data                                    0x2000000c   Section        4  system_stm32f1xx.o(.data)
    .data                                    0x20000010   Section        4  esp8266.o(.data)
    .data                                    0x20000014   Section       24  mqtt_publisher.o(.data)
    mqtt_pub_flag                            0x20000014   Data           1  mqtt_publisher.o(.data)
    last_pub                                 0x20000018   Data           4  mqtt_publisher.o(.data)
    .data                                    0x2000002c   Section        8  delay.o(.data)
    fac_us                                   0x2000002c   Data           4  delay.o(.data)
    fac_ms                                   0x20000030   Data           4  delay.o(.data)
    .bss                                     0x20000034   Section       88  spi.o(.bss)
    .bss                                     0x2000008c   Section       72  tim.o(.bss)
    .bss                                     0x200000d4   Section      280  usart.o(.bss)
    .bss                                     0x200001ec   Section      512  esp8266.o(.bss)
    .bss                                     0x200003ec   Section     1152  oled.o(.bss)
    .bss                                     0x2000086c   Section       96  libspace.o(.bss)
    HEAP                                     0x200008d0   Section      512  startup_stm32f103xb.o(HEAP)
    Heap_Mem                                 0x200008d0   Data         512  startup_stm32f103xb.o(HEAP)
    STACK                                    0x20000ad0   Section     1024  startup_stm32f103xb.o(STACK)
    Stack_Mem                                0x20000ad0   Data        1024  startup_stm32f103xb.o(STACK)
    __initial_sp                             0x20000ed0   Data           0  startup_stm32f103xb.o(STACK)

    Global Symbols

    Symbol Name                              Value     Ov Type        Size  Object(Section)

    BuildAttributes$$THM_ISAv4$P$D$K$B$S$PE$A:L22UL41UL21$X:L11$S22US41US21$IEEE1$IW$USESV6$~STKCKD$USESV7$~SHL$OTIME$ROPI$IEEEX$EBA8$UX$STANDARDLIB$REQ8$PRES8$EABIv2 0x00000000   Number         0  anon$$obj.o ABSOLUTE
    __ARM_use_no_argv                        0x00000000   Number         0  main.o ABSOLUTE
    _printf_flags                            0x00000000   Number         0  printf_stubs.o ABSOLUTE
    _printf_return_value                     0x00000000   Number         0  printf_stubs.o ABSOLUTE
    _printf_sizespec                         0x00000000   Number         0  printf_stubs.o ABSOLUTE
    _printf_widthprec                        0x00000000   Number         0  printf_stubs.o ABSOLUTE
    __ARM_exceptions_init                     - Undefined Weak Reference
    __alloca_initialize                       - Undefined Weak Reference
    __arm_preinit_                            - Undefined Weak Reference
    __cpp_initialize__aeabi_                  - Undefined Weak Reference
    __cxa_finalize                            - Undefined Weak Reference
    __sigvec_lookup                           - Undefined Weak Reference
    __user_heap_extent                        - Undefined Weak Reference
    _atexit_init                              - Undefined Weak Reference
    _call_atexit_fns                          - Undefined Weak Reference
    _clock_init                               - Undefined Weak Reference
    _fp_trap_init                             - Undefined Weak Reference
    _fp_trap_shutdown                         - Undefined Weak Reference
    _get_lc_collate                           - Undefined Weak Reference
    _get_lc_monetary                          - Undefined Weak Reference
    _get_lc_time                              - Undefined Weak Reference
    _getenv_init                              - Undefined Weak Reference
    _handle_redirection                       - Undefined Weak Reference
    _initio                                   - Undefined Weak Reference
    _mutex_acquire                            - Undefined Weak Reference
    _mutex_free                               - Undefined Weak Reference
    _mutex_release                            - Undefined Weak Reference
    _printf_mbtowc                            - Undefined Weak Reference
    _printf_truncate_signed                   - Undefined Weak Reference
    _printf_truncate_unsigned                 - Undefined Weak Reference
    _rand_init                                - Undefined Weak Reference
    _scanf_int                                - Undefined Weak Reference
    _scanf_longlong                           - Undefined Weak Reference
    _scanf_mbtowc                             - Undefined Weak Reference
    _scanf_string                             - Undefined Weak Reference
    _scanf_wctomb                             - Undefined Weak Reference
    _scanf_wstring                            - Undefined Weak Reference
    _signal_finish                            - Undefined Weak Reference
    _signal_init                              - Undefined Weak Reference
    _terminateio                              - Undefined Weak Reference
    __Vectors_Size                           0x000000ec   Number         0  startup_stm32f103xb.o ABSOLUTE
    __Vectors                                0x08000000   Data           4  startup_stm32f103xb.o(RESET)
    __Vectors_End                            0x080000ec   Data           0  startup_stm32f103xb.o(RESET)
    __main                                   0x080000ed   Thumb Code     8  __main.o(!!!main)
    __scatterload                            0x080000f5   Thumb Code     0  __scatter.o(!!!scatter)
    __scatterload_rt2                        0x080000f5   Thumb Code    44  __scatter.o(!!!scatter)
    __scatterload_rt2_thumb_only             0x080000f5   Thumb Code     0  __scatter.o(!!!scatter)
    __scatterload_null                       0x08000103   Thumb Code     0  __scatter.o(!!!scatter)
    __scatterload_copy                       0x08000129   Thumb Code    26  __scatter_copy.o(!!handler_copy)
    __scatterload_zeroinit                   0x08000145   Thumb Code    28  __scatter_zi.o(!!handler_zi)
    _printf_percent                          0x08000161   Thumb Code     0  _printf_percent.o(.ARM.Collect$$_printf_percent$$00000000)
    _printf_s                                0x08000161   Thumb Code     0  _printf_s.o(.ARM.Collect$$_printf_percent$$00000014)
    _printf_percent_end                      0x08000167   Thumb Code     0  _printf_percent_end.o(.ARM.Collect$$_printf_percent$$00000017)
    __rt_lib_init                            0x0800016b   Thumb Code     0  libinit.o(.ARM.Collect$$libinit$$00000000)
    __rt_lib_init_alloca_1                   0x0800016d   Thumb Code     0  libinit2.o(.ARM.Collect$$libinit$$0000002E)
    __rt_lib_init_argv_1                     0x0800016d   Thumb Code     0  libinit2.o(.ARM.Collect$$libinit$$0000002C)
    __rt_lib_init_atexit_1                   0x0800016d   Thumb Code     0  libinit2.o(.ARM.Collect$$libinit$$0000001B)
    __rt_lib_init_clock_1                    0x0800016d   Thumb Code     0  libinit2.o(.ARM.Collect$$libinit$$00000021)
    __rt_lib_init_cpp_1                      0x0800016d   Thumb Code     0  libinit2.o(.ARM.Collect$$libinit$$00000032)
    __rt_lib_init_exceptions_1               0x0800016d   Thumb Code     0  libinit2.o(.ARM.Collect$$libinit$$00000030)
    __rt_lib_init_fp_1                       0x0800016d   Thumb Code     0  libinit2.o(.ARM.Collect$$libinit$$00000002)
    __rt_lib_init_fp_trap_1                  0x0800016d   Thumb Code     0  libinit2.o(.ARM.Collect$$libinit$$0000001F)
    __rt_lib_init_getenv_1                   0x0800016d   Thumb Code     0  libinit2.o(.ARM.Collect$$libinit$$00000023)
    __rt_lib_init_heap_1                     0x0800016d   Thumb Code     0  libinit2.o(.ARM.Collect$$libinit$$0000000A)
    __rt_lib_init_lc_collate_1               0x0800016d   Thumb Code     0  libinit2.o(.ARM.Collect$$libinit$$00000011)
    __rt_lib_init_lc_ctype_1                 0x0800016d   Thumb Code     0  libinit2.o(.ARM.Collect$$libinit$$00000013)
    __rt_lib_init_lc_monetary_1              0x0800016d   Thumb Code     0  libinit2.o(.ARM.Collect$$libinit$$00000015)
    __rt_lib_init_lc_numeric_1               0x0800016d   Thumb Code     0  libinit2.o(.ARM.Collect$$libinit$$00000017)
    __rt_lib_init_lc_time_1                  0x0800016d   Thumb Code     0  libinit2.o(.ARM.Collect$$libinit$$00000019)
    __rt_lib_init_preinit_1                  0x0800016d   Thumb Code     0  libinit2.o(.ARM.Collect$$libinit$$00000004)
    __rt_lib_init_rand_1                     0x0800016d   Thumb Code     0  libinit2.o(.ARM.Collect$$libinit$$0000000E)
    __rt_lib_init_return                     0x0800016d   Thumb Code     0  libinit2.o(.ARM.Collect$$libinit$$00000033)
    __rt_lib_init_signal_1                   0x0800016d   Thumb Code     0  libinit2.o(.ARM.Collect$$libinit$$0000001D)
    __rt_lib_init_stdio_1                    0x0800016d   Thumb Code     0  libinit2.o(.ARM.Collect$$libinit$$00000025)
    __rt_lib_init_user_alloc_1               0x0800016d   Thumb Code     0  libinit2.o(.ARM.Collect$$libinit$$0000000C)
    __rt_lib_shutdown                        0x0800016f   Thumb Code     0  libshutdown.o(.ARM.Collect$$libshutdown$$00000000)
    __rt_lib_shutdown_cpp_1                  0x08000171   Thumb Code     0  libshutdown2.o(.ARM.Collect$$libshutdown$$00000002)
    __rt_lib_shutdown_fp_trap_1              0x08000171   Thumb Code     0  libshutdown2.o(.ARM.Collect$$libshutdown$$00000007)
    __rt_lib_shutdown_heap_1                 0x08000171   Thumb Code     0  libshutdown2.o(.ARM.Collect$$libshutdown$$0000000F)
    __rt_lib_shutdown_return                 0x08000171   Thumb Code     0  libshutdown2.o(.ARM.Collect$$libshutdown$$00000010)
    __rt_lib_shutdown_signal_1               0x08000171   Thumb Code     0  libshutdown2.o(.ARM.Collect$$libshutdown$$0000000A)
    __rt_lib_shutdown_stdio_1                0x08000171   Thumb Code     0  libshutdown2.o(.ARM.Collect$$libshutdown$$00000004)
    __rt_lib_shutdown_user_alloc_1           0x08000171   Thumb Code     0  libshutdown2.o(.ARM.Collect$$libshutdown$$0000000C)
    __rt_entry                               0x08000173   Thumb Code     0  __rtentry.o(.ARM.Collect$$rtentry$$00000000)
    __rt_entry_presh_1                       0x08000173   Thumb Code     0  __rtentry2.o(.ARM.Collect$$rtentry$$00000002)
    __rt_entry_sh                            0x08000173   Thumb Code     0  __rtentry4.o(.ARM.Collect$$rtentry$$00000004)
    __rt_entry_li                            0x08000179   Thumb Code     0  __rtentry2.o(.ARM.Collect$$rtentry$$0000000A)
    __rt_entry_postsh_1                      0x08000179   Thumb Code     0  __rtentry2.o(.ARM.Collect$$rtentry$$00000009)
    __rt_entry_main                          0x0800017d   Thumb Code     0  __rtentry2.o(.ARM.Collect$$rtentry$$0000000D)
    __rt_entry_postli_1                      0x0800017d   Thumb Code     0  __rtentry2.o(.ARM.Collect$$rtentry$$0000000C)
    __rt_exit                                0x08000185   Thumb Code     0  rtexit.o(.ARM.Collect$$rtexit$$00000000)
    __rt_exit_ls                             0x08000187   Thumb Code     0  rtexit2.o(.ARM.Collect$$rtexit$$00000003)
    __rt_exit_prels_1                        0x08000187   Thumb Code     0  rtexit2.o(.ARM.Collect$$rtexit$$00000002)
    __rt_exit_exit                           0x0800018b   Thumb Code     0  rtexit2.o(.ARM.Collect$$rtexit$$00000004)
    Reset_Handler                            0x08000191   Thumb Code     8  startup_stm32f103xb.o(.text)
    ADC1_2_IRQHandler                        0x080001ab   Thumb Code     0  startup_stm32f103xb.o(.text)
    CAN1_RX1_IRQHandler                      0x080001ab   Thumb Code     0  startup_stm32f103xb.o(.text)
    CAN1_SCE_IRQHandler                      0x080001ab   Thumb Code     0  startup_stm32f103xb.o(.text)
    DMA1_Channel1_IRQHandler                 0x080001ab   Thumb Code     0  startup_stm32f103xb.o(.text)
    DMA1_Channel2_IRQHandler                 0x080001ab   Thumb Code     0  startup_stm32f103xb.o(.text)
    DMA1_Channel3_IRQHandler                 0x080001ab   Thumb Code     0  startup_stm32f103xb.o(.text)
    DMA1_Channel6_IRQHandler                 0x080001ab   Thumb Code     0  startup_stm32f103xb.o(.text)
    DMA1_Channel7_IRQHandler                 0x080001ab   Thumb Code     0  startup_stm32f103xb.o(.text)
    EXTI0_IRQHandler                         0x080001ab   Thumb Code     0  startup_stm32f103xb.o(.text)
    EXTI15_10_IRQHandler                     0x080001ab   Thumb Code     0  startup_stm32f103xb.o(.text)
    EXTI1_IRQHandler                         0x080001ab   Thumb Code     0  startup_stm32f103xb.o(.text)
    EXTI2_IRQHandler                         0x080001ab   Thumb Code     0  startup_stm32f103xb.o(.text)
    EXTI3_IRQHandler                         0x080001ab   Thumb Code     0  startup_stm32f103xb.o(.text)
    EXTI4_IRQHandler                         0x080001ab   Thumb Code     0  startup_stm32f103xb.o(.text)
    EXTI9_5_IRQHandler                       0x080001ab   Thumb Code     0  startup_stm32f103xb.o(.text)
    FLASH_IRQHandler                         0x080001ab   Thumb Code     0  startup_stm32f103xb.o(.text)
    I2C1_ER_IRQHandler                       0x080001ab   Thumb Code     0  startup_stm32f103xb.o(.text)
    I2C1_EV_IRQHandler                       0x080001ab   Thumb Code     0  startup_stm32f103xb.o(.text)
    I2C2_ER_IRQHandler                       0x080001ab   Thumb Code     0  startup_stm32f103xb.o(.text)
    I2C2_EV_IRQHandler                       0x080001ab   Thumb Code     0  startup_stm32f103xb.o(.text)
    PVD_IRQHandler                           0x080001ab   Thumb Code     0  startup_stm32f103xb.o(.text)
    RCC_IRQHandler                           0x080001ab   Thumb Code     0  startup_stm32f103xb.o(.text)
    RTC_Alarm_IRQHandler                     0x080001ab   Thumb Code     0  startup_stm32f103xb.o(.text)
    RTC_IRQHandler                           0x080001ab   Thumb Code     0  startup_stm32f103xb.o(.text)
    SPI2_IRQHandler                          0x080001ab   Thumb Code     0  startup_stm32f103xb.o(.text)
    TAMPER_IRQHandler                        0x080001ab   Thumb Code     0  startup_stm32f103xb.o(.text)
    TIM1_BRK_IRQHandler                      0x080001ab   Thumb Code     0  startup_stm32f103xb.o(.text)
    TIM1_CC_IRQHandler                       0x080001ab   Thumb Code     0  startup_stm32f103xb.o(.text)
    TIM1_TRG_COM_IRQHandler                  0x080001ab   Thumb Code     0  startup_stm32f103xb.o(.text)
    TIM1_UP_IRQHandler                       0x080001ab   Thumb Code     0  startup_stm32f103xb.o(.text)
    TIM2_IRQHandler                          0x080001ab   Thumb Code     0  startup_stm32f103xb.o(.text)
    TIM3_IRQHandler                          0x080001ab   Thumb Code     0  startup_stm32f103xb.o(.text)
    USART2_IRQHandler                        0x080001ab   Thumb Code     0  startup_stm32f103xb.o(.text)
    USART3_IRQHandler                        0x080001ab   Thumb Code     0  startup_stm32f103xb.o(.text)
    USBWakeUp_IRQHandler                     0x080001ab   Thumb Code     0  startup_stm32f103xb.o(.text)
    USB_HP_CAN1_TX_IRQHandler                0x080001ab   Thumb Code     0  startup_stm32f103xb.o(.text)
    USB_LP_CAN1_RX0_IRQHandler               0x080001ab   Thumb Code     0  startup_stm32f103xb.o(.text)
    WWDG_IRQHandler                          0x080001ab   Thumb Code     0  startup_stm32f103xb.o(.text)
    __user_initial_stackheap                 0x080001ad   Thumb Code     0  startup_stm32f103xb.o(.text)
    __2snprintf                              0x080001d1   Thumb Code    50  __2snprintf.o(.text)
    _printf_str                              0x08000209   Thumb Code    82  _printf_str.o(.text)
    __printf                                 0x0800025d   Thumb Code   388  __printf_flags_ss_wp.o(.text)
    strstr                                   0x080003e5   Thumb Code    36  strstr.o(.text)
    strlen                                   0x08000409   Thumb Code    62  strlen.o(.text)
    __aeabi_memcpy                           0x08000447   Thumb Code     0  rt_memcpy_v6.o(.text)
    __rt_memcpy                              0x08000447   Thumb Code   138  rt_memcpy_v6.o(.text)
    _memcpy_lastbytes                        0x080004ad   Thumb Code     0  rt_memcpy_v6.o(.text)
    __aeabi_memcpy4                          0x080004d1   Thumb Code     0  rt_memcpy_w.o(.text)
    __aeabi_memcpy8                          0x080004d1   Thumb Code     0  rt_memcpy_w.o(.text)
    __rt_memcpy_w                            0x080004d1   Thumb Code   100  rt_memcpy_w.o(.text)
    _memcpy_lastbytes_aligned                0x08000519   Thumb Code     0  rt_memcpy_w.o(.text)
    __aeabi_memclr                           0x08000535   Thumb Code     0  rt_memclr.o(.text)
    __rt_memclr                              0x08000535   Thumb Code    68  rt_memclr.o(.text)
    _memset                                  0x08000539   Thumb Code     0  rt_memclr.o(.text)
    __aeabi_memclr4                          0x08000579   Thumb Code     0  rt_memclr_w.o(.text)
    __aeabi_memclr8                          0x08000579   Thumb Code     0  rt_memclr_w.o(.text)
    __rt_memclr_w                            0x08000579   Thumb Code    78  rt_memclr_w.o(.text)
    _memset_w                                0x0800057d   Thumb Code     0  rt_memclr_w.o(.text)
    __use_two_region_memory                  0x080005c7   Thumb Code     2  heapauxi.o(.text)
    __rt_heap_escrow                         0x080005c9   Thumb Code     2  heapauxi.o(.text)
    __rt_heap_expand                         0x080005cb   Thumb Code     2  heapauxi.o(.text)
    _printf_char_common                      0x080005d7   Thumb Code    32  _printf_char_common.o(.text)
    _sputc                                   0x080005fd   Thumb Code    10  _sputc.o(.text)
    _snputc                                  0x08000607   Thumb Code    16  _snputc.o(.text)
    _printf_cs_common                        0x08000617   Thumb Code    20  _printf_char.o(.text)
    _printf_char                             0x0800062b   Thumb Code    16  _printf_char.o(.text)
    _printf_string                           0x0800063b   Thumb Code     8  _printf_char.o(.text)
    __user_libspace                          0x08000645   Thumb Code     8  libspace.o(.text)
    __user_perproc_libspace                  0x08000645   Thumb Code     0  libspace.o(.text)
    __user_perthread_libspace                0x08000645   Thumb Code     0  libspace.o(.text)
    __I$use$semihosting                      0x0800064d   Thumb Code     0  use_no_semi.o(.text)
    __use_no_semihosting_swi                 0x0800064d   Thumb Code     2  use_no_semi.o(.text)
    __semihosting_library_function           0x0800064f   Thumb Code     0  indicate_semi.o(.text)
    __user_setup_stackheap                   0x0800064f   Thumb Code    74  sys_stackheap_outer.o(.text)
    exit                                     0x08000699   Thumb Code    18  exit.o(.text)
    _sys_exit                                0x080006ad   Thumb Code     8  sys_exit.o(.text)
    BusFault_Handler                         0x080006b9   Thumb Code     2  stm32f1xx_it.o(i.BusFault_Handler)
    DMA1_Channel4_IRQHandler                 0x080006bd   Thumb Code     6  stm32f1xx_it.o(i.DMA1_Channel4_IRQHandler)
    DMA1_Channel5_IRQHandler                 0x080006c9   Thumb Code     6  stm32f1xx_it.o(i.DMA1_Channel5_IRQHandler)
    DebugMon_Handler                         0x080006ff   Thumb Code     2  stm32f1xx_it.o(i.DebugMon_Handler)
    Delay_Init                               0x08000701   Thumb Code    24  delay.o(i.Delay_Init)
    ESP8266_Clear                            0x08000725   Thumb Code    20  esp8266.o(i.ESP8266_Clear)
    ESP8266_ConnectCloud                     0x08000741   Thumb Code   434  esp8266.o(i.ESP8266_ConnectCloud)
    ESP8266_ConnectWiFi                      0x08000ab1   Thumb Code    76  esp8266.o(i.ESP8266_ConnectWiFi)
    ESP8266_Init                             0x08000b7d   Thumb Code   210  esp8266.o(i.ESP8266_Init)
    ESP8266_SendCmd                          0x08000d6d   Thumb Code   272  esp8266.o(i.ESP8266_SendCmd)
    ESP8266_WaitRecive                       0x08000ebd   Thumb Code    32  esp8266.o(i.ESP8266_WaitRecive)
    Error_Handler                            0x08000ee1   Thumb Code     4  main.o(i.Error_Handler)
    HAL_DMA_Abort                            0x08000ee5   Thumb Code    70  stm32f1xx_hal_dma.o(i.HAL_DMA_Abort)
    HAL_DMA_Abort_IT                         0x08000f2d   Thumb Code   148  stm32f1xx_hal_dma.o(i.HAL_DMA_Abort_IT)
    HAL_DMA_IRQHandler                       0x08000fc5   Thumb Code   316  stm32f1xx_hal_dma.o(i.HAL_DMA_IRQHandler)
    HAL_DMA_Init                             0x08001119   Thumb Code    84  stm32f1xx_hal_dma.o(i.HAL_DMA_Init)
    HAL_DMA_Start_IT                         0x08001175   Thumb Code   112  stm32f1xx_hal_dma.o(i.HAL_DMA_Start_IT)
    HAL_GPIO_Init                            0x080011e5   Thumb Code   446  stm32f1xx_hal_gpio.o(i.HAL_GPIO_Init)
    HAL_GPIO_WritePin                        0x080013c5   Thumb Code    10  stm32f1xx_hal_gpio.o(i.HAL_GPIO_WritePin)
    HAL_GetTick                              0x080013d1   Thumb Code     6  stm32f1xx_hal.o(i.HAL_GetTick)
    HAL_IncTick                              0x080013dd   Thumb Code    12  stm32f1xx_hal.o(i.HAL_IncTick)
    HAL_Init                                 0x080013ed   Thumb Code    32  stm32f1xx_hal.o(i.HAL_Init)
    HAL_InitTick                             0x08001411   Thumb Code    54  stm32f1xx_hal.o(i.HAL_InitTick)
    HAL_MspInit                              0x08001451   Thumb Code    52  stm32f1xx_hal_msp.o(i.HAL_MspInit)
    HAL_NVIC_EnableIRQ                       0x0800148d   Thumb Code    26  stm32f1xx_hal_cortex.o(i.HAL_NVIC_EnableIRQ)
    HAL_NVIC_SetPriority                     0x080014a9   Thumb Code    60  stm32f1xx_hal_cortex.o(i.HAL_NVIC_SetPriority)
    HAL_NVIC_SetPriorityGrouping             0x080014e9   Thumb Code    26  stm32f1xx_hal_cortex.o(i.HAL_NVIC_SetPriorityGrouping)
    HAL_RCC_ClockConfig                      0x0800150d   Thumb Code   280  stm32f1xx_hal_rcc.o(i.HAL_RCC_ClockConfig)
    HAL_RCC_GetPCLK1Freq                     0x08001639   Thumb Code    20  stm32f1xx_hal_rcc.o(i.HAL_RCC_GetPCLK1Freq)
    HAL_RCC_GetPCLK2Freq                     0x08001659   Thumb Code    20  stm32f1xx_hal_rcc.o(i.HAL_RCC_GetPCLK2Freq)
    HAL_RCC_GetSysClockFreq                  0x08001679   Thumb Code    58  stm32f1xx_hal_rcc.o(i.HAL_RCC_GetSysClockFreq)
    HAL_RCC_OscConfig                        0x080016c5   Thumb Code   778  stm32f1xx_hal_rcc.o(i.HAL_RCC_OscConfig)
    HAL_SPI_ErrorCallback                    0x080019e5   Thumb Code     2  stm32f1xx_hal_spi.o(i.HAL_SPI_ErrorCallback)
    HAL_SPI_IRQHandler                       0x080019e9   Thumb Code   220  stm32f1xx_hal_spi.o(i.HAL_SPI_IRQHandler)
    HAL_SPI_Init                             0x08001ac9   Thumb Code   178  stm32f1xx_hal_spi.o(i.HAL_SPI_Init)
    HAL_SPI_MspInit                          0x08001b7d   Thumb Code   114  spi.o(i.HAL_SPI_MspInit)
    HAL_SYSTICK_Config                       0x08001bfd   Thumb Code    40  stm32f1xx_hal_cortex.o(i.HAL_SYSTICK_Config)
    HAL_TIMEx_BreakCallback                  0x08001c25   Thumb Code     2  stm32f1xx_hal_tim_ex.o(i.HAL_TIMEx_BreakCallback)
    HAL_TIMEx_CommutCallback                 0x08001c27   Thumb Code     2  stm32f1xx_hal_tim_ex.o(i.HAL_TIMEx_CommutCallback)
    HAL_TIMEx_MasterConfigSynchronization    0x08001c29   Thumb Code    92  stm32f1xx_hal_tim_ex.o(i.HAL_TIMEx_MasterConfigSynchronization)
    HAL_TIM_Base_Init                        0x08001c91   Thumb Code    90  stm32f1xx_hal_tim.o(i.HAL_TIM_Base_Init)
    HAL_TIM_Base_MspInit                     0x08001ced   Thumb Code    50  tim.o(i.HAL_TIM_Base_MspInit)
    HAL_TIM_ConfigClockSource                0x08001d29   Thumb Code   220  stm32f1xx_hal_tim.o(i.HAL_TIM_ConfigClockSource)
    HAL_TIM_IC_CaptureCallback               0x08001e05   Thumb Code     2  stm32f1xx_hal_tim.o(i.HAL_TIM_IC_CaptureCallback)
    HAL_TIM_IRQHandler                       0x08001e07   Thumb Code   304  stm32f1xx_hal_tim.o(i.HAL_TIM_IRQHandler)
    HAL_TIM_OC_DelayElapsedCallback          0x08001f37   Thumb Code     2  stm32f1xx_hal_tim.o(i.HAL_TIM_OC_DelayElapsedCallback)
    HAL_TIM_PWM_PulseFinishedCallback        0x08001f39   Thumb Code     2  stm32f1xx_hal_tim.o(i.HAL_TIM_PWM_PulseFinishedCallback)
    HAL_TIM_PeriodElapsedCallback            0x08001f3d   Thumb Code    16  mqtt_publisher.o(i.HAL_TIM_PeriodElapsedCallback)
    HAL_TIM_TriggerCallback                  0x08001f55   Thumb Code     2  stm32f1xx_hal_tim.o(i.HAL_TIM_TriggerCallback)
    HAL_UARTEx_RxEventCallback               0x08001f57   Thumb Code     2  stm32f1xx_hal_uart.o(i.HAL_UARTEx_RxEventCallback)
    HAL_UART_DMAStop                         0x08001f59   Thumb Code   112  stm32f1xx_hal_uart.o(i.HAL_UART_DMAStop)
    HAL_UART_ErrorCallback                   0x08001fc9   Thumb Code     2  stm32f1xx_hal_uart.o(i.HAL_UART_ErrorCallback)
    HAL_UART_IRQHandler                      0x08001fcd   Thumb Code   616  stm32f1xx_hal_uart.o(i.HAL_UART_IRQHandler)
    HAL_UART_Init                            0x08002239   Thumb Code   100  stm32f1xx_hal_uart.o(i.HAL_UART_Init)
    HAL_UART_MspInit                         0x0800229d   Thumb Code   266  usart.o(i.HAL_UART_MspInit)
    HAL_UART_Receive_DMA                     0x080023c1   Thumb Code    28  stm32f1xx_hal_uart.o(i.HAL_UART_Receive_DMA)
    HAL_UART_RxCpltCallback                  0x080023dd   Thumb Code    32  esp8266.o(i.HAL_UART_RxCpltCallback)
    HAL_UART_RxHalfCpltCallback              0x08002409   Thumb Code     2  stm32f1xx_hal_uart.o(i.HAL_UART_RxHalfCpltCallback)
    HAL_UART_Transmit                        0x0800240b   Thumb Code   160  stm32f1xx_hal_uart.o(i.HAL_UART_Transmit)
    HAL_UART_TxCpltCallback                  0x080024ab   Thumb Code     2  stm32f1xx_hal_uart.o(i.HAL_UART_TxCpltCallback)
    HardFault_Handler                        0x080024ad   Thumb Code     2  stm32f1xx_it.o(i.HardFault_Handler)
    I2C_Start                                0x080024b1   Thumb Code    64  oled.o(i.I2C_Start)
    I2C_Stop                                 0x080024f5   Thumb Code    46  oled.o(i.I2C_Stop)
    I2C_WaitAck                              0x08002529   Thumb Code    52  oled.o(i.I2C_WaitAck)
    IIC_delay                                0x08002561   Thumb Code    10  oled.o(i.IIC_delay)
    MX_DMA_Init                              0x0800256d   Thumb Code    56  dma.o(i.MX_DMA_Init)
    MX_GPIO_Init                             0x080025a9   Thumb Code   296  gpio.o(i.MX_GPIO_Init)
    MX_SPI1_Init                             0x080026e5   Thumb Code    62  spi.o(i.MX_SPI1_Init)
    MX_TIM4_Init                             0x0800272d   Thumb Code    96  tim.o(i.MX_TIM4_Init)
    MX_USART1_UART_Init                      0x08002795   Thumb Code    54  usart.o(i.MX_USART1_UART_Init)
    MX_USART2_UART_Init                      0x080027d5   Thumb Code    48  usart.o(i.MX_USART2_UART_Init)
    MemManage_Handler                        0x0800280d   Thumb Code     2  stm32f1xx_it.o(i.MemManage_Handler)
    NMI_Handler                              0x0800280f   Thumb Code     2  stm32f1xx_it.o(i.NMI_Handler)
    OLED_Clear                               0x08002811   Thumb Code    40  oled.o(i.OLED_Clear)
    OLED_DrawPoint                           0x0800283d   Thumb Code    40  oled.o(i.OLED_DrawPoint)
    OLED_Init                                0x08002869   Thumb Code   218  oled.o(i.OLED_Init)
    OLED_Refresh                             0x08002945   Thumb Code   100  oled.o(i.OLED_Refresh)
    OLED_ShowChar                            0x080029ad   Thumb Code   212  oled.o(i.OLED_ShowChar)
    OLED_ShowString                          0x08002a91   Thumb Code    60  oled.o(i.OLED_ShowString)
    OLED_WR_Byte                             0x08002acd   Thumb Code    54  oled.o(i.OLED_WR_Byte)
    PendSV_Handler                           0x08002b03   Thumb Code     2  stm32f1xx_it.o(i.PendSV_Handler)
    SPI1_IRQHandler                          0x08002b05   Thumb Code     6  stm32f1xx_it.o(i.SPI1_IRQHandler)
    SVC_Handler                              0x08002b21   Thumb Code     2  stm32f1xx_it.o(i.SVC_Handler)
    Send_Byte                                0x08002b25   Thumb Code    78  oled.o(i.Send_Byte)
    SysTick_Handler                          0x08002b79   Thumb Code     4  stm32f1xx_it.o(i.SysTick_Handler)
    SystemClock_Config                       0x08002b7d   Thumb Code    94  main.o(i.SystemClock_Config)
    SystemInit                               0x08002bdb   Thumb Code     2  system_stm32f1xx.o(i.SystemInit)
    TIM4_IRQHandler                          0x08002bdd   Thumb Code     6  stm32f1xx_it.o(i.TIM4_IRQHandler)
    TIM_Base_SetConfig                       0x08002be9   Thumb Code   108  stm32f1xx_hal_tim.o(i.TIM_Base_SetConfig)
    TIM_ETR_SetConfig                        0x08002c61   Thumb Code    20  stm32f1xx_hal_tim.o(i.TIM_ETR_SetConfig)
    UART_Start_Receive_DMA                   0x08002fad   Thumb Code   130  stm32f1xx_hal_uart.o(i.UART_Start_Receive_DMA)
    USART1_IRQHandler                        0x080030b1   Thumb Code    76  stm32f1xx_it.o(i.USART1_IRQHandler)
    UsageFault_Handler                       0x08003109   Thumb Code     2  stm32f1xx_it.o(i.UsageFault_Handler)
    _is_digit                                0x0800312b   Thumb Code    14  __printf_wp.o(i._is_digit)
    delay_ms                                 0x08003139   Thumb Code    26  delay.o(i.delay_ms)
    delay_us                                 0x08003155   Thumb Code    46  delay.o(i.delay_us)
    main                                     0x08003189   Thumb Code   128  main.o(i.main)
    AHBPrescTable                            0x08003246   Data          16  system_stm32f1xx.o(.constdata)
    APBPrescTable                            0x08003256   Data           8  system_stm32f1xx.o(.constdata)
    asc2_0806                                0x0800325e   Data         552  oled.o(.constdata)
    asc2_1206                                0x08003486   Data        1140  oled.o(.constdata)
    asc2_1608                                0x080038fa   Data        1520  oled.o(.constdata)
    asc2_2412                                0x08003eea   Data        3420  oled.o(.constdata)
    Region$$Table$$Base                      0x08004cd4   Number         0  anon$$obj.o(Region$$Table)
    Region$$Table$$Limit                     0x08004cf4   Number         0  anon$$obj.o(Region$$Table)
    uwTickFreq                               0x20000000   Data           1  stm32f1xx_hal.o(.data)
    uwTickPrio                               0x20000004   Data           4  stm32f1xx_hal.o(.data)
    uwTick                                   0x20000008   Data           4  stm32f1xx_hal.o(.data)
    SystemCoreClock                          0x2000000c   Data           4  system_stm32f1xx.o(.data)
    esp8266_cnt                              0x20000010   Data           2  esp8266.o(.data)
    esp8266_cntPre                           0x20000012   Data           2  esp8266.o(.data)
    msg_id                                   0x2000001c   Data           4  mqtt_publisher.o(.data)
    g_light_value                            0x20000020   Data           4  mqtt_publisher.o(.data)
    temp                                     0x20000024   Data           4  mqtt_publisher.o(.data)
    humi                                     0x20000028   Data           4  mqtt_publisher.o(.data)
    hspi1                                    0x20000034   Data          88  spi.o(.bss)
    htim4                                    0x2000008c   Data          72  tim.o(.bss)
    huart1                                   0x200000d4   Data          72  usart.o(.bss)
    huart2                                   0x2000011c   Data          72  usart.o(.bss)
    hdma_usart1_tx                           0x20000164   Data          68  usart.o(.bss)
    hdma_usart1_rx                           0x200001a8   Data          68  usart.o(.bss)
    esp8266_buf                              0x200001ec   Data         512  esp8266.o(.bss)
    OLED_GRAM                                0x200003ec   Data        1152  oled.o(.bss)
    __libspace_start                         0x2000086c   Data          96  libspace.o(.bss)
    __temporary_stack_top$libspace           0x200008cc   Data           0  libspace.o(.bss)



==============================================================================

Memory Map of the image

  Image Entry point : 0x080000ed

  Load Region LR_IROM1 (Base: 0x08000000, Size: 0x00004d28, Max: 0x00010000, ABSOLUTE)

    Execution Region ER_IROM1 (Exec base: 0x08000000, Load base: 0x08000000, Size: 0x00004cf4, Max: 0x00010000, ABSOLUTE)

    Exec Addr    Load Addr    Size         Type   Attr      Idx    E Section Name        Object

    0x08000000   0x08000000   0x000000ec   Data   RO            3    RESET               startup_stm32f103xb.o
    0x080000ec   0x080000ec   0x00000008   Code   RO         4609  * !!!main             c_w.l(__main.o)
    0x080000f4   0x080000f4   0x00000034   Code   RO         5012    !!!scatter          c_w.l(__scatter.o)
    0x08000128   0x08000128   0x0000001a   Code   RO         5014    !!handler_copy      c_w.l(__scatter_copy.o)
    0x08000142   0x08000142   0x00000002   PAD
    0x08000144   0x08000144   0x0000001c   Code   RO         5016    !!handler_zi        c_w.l(__scatter_zi.o)
    0x08000160   0x08000160   0x00000000   Code   RO         4582    .ARM.Collect$$_printf_percent$$00000000  c_w.l(_printf_percent.o)
    0x08000160   0x08000160   0x00000006   Code   RO         4576    .ARM.Collect$$_printf_percent$$00000014  c_w.l(_printf_s.o)
    0x08000166   0x08000166   0x00000004   Code   RO         4700    .ARM.Collect$$_printf_percent$$00000017  c_w.l(_printf_percent_end.o)
    0x0800016a   0x0800016a   0x00000002   Code   RO         4910    .ARM.Collect$$libinit$$00000000  c_w.l(libinit.o)
    0x0800016c   0x0800016c   0x00000000   Code   RO         4714    .ARM.Collect$$libinit$$00000002  c_w.l(libinit2.o)
    0x0800016c   0x0800016c   0x00000000   Code   RO         4716    .ARM.Collect$$libinit$$00000004  c_w.l(libinit2.o)
    0x0800016c   0x0800016c   0x00000000   Code   RO         4719    .ARM.Collect$$libinit$$0000000A  c_w.l(libinit2.o)
    0x0800016c   0x0800016c   0x00000000   Code   RO         4721    .ARM.Collect$$libinit$$0000000C  c_w.l(libinit2.o)
    0x0800016c   0x0800016c   0x00000000   Code   RO         4723    .ARM.Collect$$libinit$$0000000E  c_w.l(libinit2.o)
    0x0800016c   0x0800016c   0x00000000   Code   RO         4726    .ARM.Collect$$libinit$$00000011  c_w.l(libinit2.o)
    0x0800016c   0x0800016c   0x00000000   Code   RO         4728    .ARM.Collect$$libinit$$00000013  c_w.l(libinit2.o)
    0x0800016c   0x0800016c   0x00000000   Code   RO         4730    .ARM.Collect$$libinit$$00000015  c_w.l(libinit2.o)
    0x0800016c   0x0800016c   0x00000000   Code   RO         4732    .ARM.Collect$$libinit$$00000017  c_w.l(libinit2.o)
    0x0800016c   0x0800016c   0x00000000   Code   RO         4734    .ARM.Collect$$libinit$$00000019  c_w.l(libinit2.o)
    0x0800016c   0x0800016c   0x00000000   Code   RO         4736    .ARM.Collect$$libinit$$0000001B  c_w.l(libinit2.o)
    0x0800016c   0x0800016c   0x00000000   Code   RO         4738    .ARM.Collect$$libinit$$0000001D  c_w.l(libinit2.o)
    0x0800016c   0x0800016c   0x00000000   Code   RO         4740    .ARM.Collect$$libinit$$0000001F  c_w.l(libinit2.o)
    0x0800016c   0x0800016c   0x00000000   Code   RO         4742    .ARM.Collect$$libinit$$00000021  c_w.l(libinit2.o)
    0x0800016c   0x0800016c   0x00000000   Code   RO         4744    .ARM.Collect$$libinit$$00000023  c_w.l(libinit2.o)
    0x0800016c   0x0800016c   0x00000000   Code   RO         4746    .ARM.Collect$$libinit$$00000025  c_w.l(libinit2.o)
    0x0800016c   0x0800016c   0x00000000   Code   RO         4750    .ARM.Collect$$libinit$$0000002C  c_w.l(libinit2.o)
    0x0800016c   0x0800016c   0x00000000   Code   RO         4752    .ARM.Collect$$libinit$$0000002E  c_w.l(libinit2.o)
    0x0800016c   0x0800016c   0x00000000   Code   RO         4754    .ARM.Collect$$libinit$$00000030  c_w.l(libinit2.o)
    0x0800016c   0x0800016c   0x00000000   Code   RO         4756    .ARM.Collect$$libinit$$00000032  c_w.l(libinit2.o)
    0x0800016c   0x0800016c   0x00000002   Code   RO         4757    .ARM.Collect$$libinit$$00000033  c_w.l(libinit2.o)
    0x0800016e   0x0800016e   0x00000002   Code   RO         5007    .ARM.Collect$$libshutdown$$00000000  c_w.l(libshutdown.o)
    0x08000170   0x08000170   0x00000000   Code   RO         4934    .ARM.Collect$$libshutdown$$00000002  c_w.l(libshutdown2.o)
    0x08000170   0x08000170   0x00000000   Code   RO         4936    .ARM.Collect$$libshutdown$$00000004  c_w.l(libshutdown2.o)
    0x08000170   0x08000170   0x00000000   Code   RO         4939    .ARM.Collect$$libshutdown$$00000007  c_w.l(libshutdown2.o)
    0x08000170   0x08000170   0x00000000   Code   RO         4942    .ARM.Collect$$libshutdown$$0000000A  c_w.l(libshutdown2.o)
    0x08000170   0x08000170   0x00000000   Code   RO         4944    .ARM.Collect$$libshutdown$$0000000C  c_w.l(libshutdown2.o)
    0x08000170   0x08000170   0x00000000   Code   RO         4947    .ARM.Collect$$libshutdown$$0000000F  c_w.l(libshutdown2.o)
    0x08000170   0x08000170   0x00000002   Code   RO         4948    .ARM.Collect$$libshutdown$$00000010  c_w.l(libshutdown2.o)
    0x08000172   0x08000172   0x00000000   Code   RO         4655    .ARM.Collect$$rtentry$$00000000  c_w.l(__rtentry.o)
    0x08000172   0x08000172   0x00000000   Code   RO         4775    .ARM.Collect$$rtentry$$00000002  c_w.l(__rtentry2.o)
    0x08000172   0x08000172   0x00000006   Code   RO         4787    .ARM.Collect$$rtentry$$00000004  c_w.l(__rtentry4.o)
    0x08000178   0x08000178   0x00000000   Code   RO         4777    .ARM.Collect$$rtentry$$00000009  c_w.l(__rtentry2.o)
    0x08000178   0x08000178   0x00000004   Code   RO         4778    .ARM.Collect$$rtentry$$0000000A  c_w.l(__rtentry2.o)
    0x0800017c   0x0800017c   0x00000000   Code   RO         4780    .ARM.Collect$$rtentry$$0000000C  c_w.l(__rtentry2.o)
    0x0800017c   0x0800017c   0x00000008   Code   RO         4781    .ARM.Collect$$rtentry$$0000000D  c_w.l(__rtentry2.o)
    0x08000184   0x08000184   0x00000002   Code   RO         4921    .ARM.Collect$$rtexit$$00000000  c_w.l(rtexit.o)
    0x08000186   0x08000186   0x00000000   Code   RO         4966    .ARM.Collect$$rtexit$$00000002  c_w.l(rtexit2.o)
    0x08000186   0x08000186   0x00000004   Code   RO         4967    .ARM.Collect$$rtexit$$00000003  c_w.l(rtexit2.o)
    0x0800018a   0x0800018a   0x00000006   Code   RO         4968    .ARM.Collect$$rtexit$$00000004  c_w.l(rtexit2.o)
    0x08000190   0x08000190   0x00000040   Code   RO            4    .text               startup_stm32f103xb.o
    0x080001d0   0x080001d0   0x00000038   Code   RO         4521    .text               c_w.l(__2snprintf.o)
    0x08000208   0x08000208   0x00000052   Code   RO         4531    .text               c_w.l(_printf_str.o)
    0x0800025a   0x0800025a   0x00000002   PAD
    0x0800025c   0x0800025c   0x00000188   Code   RO         4573    .text               c_w.l(__printf_flags_ss_wp.o)
    0x080003e4   0x080003e4   0x00000024   Code   RO         4589    .text               c_w.l(strstr.o)
    0x08000408   0x08000408   0x0000003e   Code   RO         4593    .text               c_w.l(strlen.o)
    0x08000446   0x08000446   0x0000008a   Code   RO         4597    .text               c_w.l(rt_memcpy_v6.o)
    0x080004d0   0x080004d0   0x00000064   Code   RO         4599    .text               c_w.l(rt_memcpy_w.o)
    0x08000534   0x08000534   0x00000044   Code   RO         4601    .text               c_w.l(rt_memclr.o)
    0x08000578   0x08000578   0x0000004e   Code   RO         4603    .text               c_w.l(rt_memclr_w.o)
    0x080005c6   0x080005c6   0x00000006   Code   RO         4607    .text               c_w.l(heapauxi.o)
    0x080005cc   0x080005cc   0x00000030   Code   RO         4692    .text               c_w.l(_printf_char_common.o)
    0x080005fc   0x080005fc   0x0000000a   Code   RO         4694    .text               c_w.l(_sputc.o)
    0x08000606   0x08000606   0x00000010   Code   RO         4696    .text               c_w.l(_snputc.o)
    0x08000616   0x08000616   0x0000002c   Code   RO         4698    .text               c_w.l(_printf_char.o)
    0x08000642   0x08000642   0x00000002   PAD
    0x08000644   0x08000644   0x00000008   Code   RO         4771    .text               c_w.l(libspace.o)
    0x0800064c   0x0800064c   0x00000002   Code   RO         4878    .text               c_w.l(use_no_semi.o)
    0x0800064e   0x0800064e   0x00000000   Code   RO         4880    .text               c_w.l(indicate_semi.o)
    0x0800064e   0x0800064e   0x0000004a   Code   RO         4881    .text               c_w.l(sys_stackheap_outer.o)
    0x08000698   0x08000698   0x00000012   Code   RO         4895    .text               c_w.l(exit.o)
    0x080006aa   0x080006aa   0x00000002   PAD
    0x080006ac   0x080006ac   0x0000000c   Code   RO         4919    .text               c_w.l(sys_exit.o)
    0x080006b8   0x080006b8   0x00000002   Code   RO          354    i.BusFault_Handler  stm32f1xx_it.o
    0x080006ba   0x080006ba   0x00000002   PAD
    0x080006bc   0x080006bc   0x0000000c   Code   RO          355    i.DMA1_Channel4_IRQHandler  stm32f1xx_it.o
    0x080006c8   0x080006c8   0x0000000c   Code   RO          356    i.DMA1_Channel5_IRQHandler  stm32f1xx_it.o
    0x080006d4   0x080006d4   0x0000002a   Code   RO         1222    i.DMA_SetConfig     stm32f1xx_hal_dma.o
    0x080006fe   0x080006fe   0x00000002   Code   RO          357    i.DebugMon_Handler  stm32f1xx_it.o
    0x08000700   0x08000700   0x00000024   Code   RO         3975    i.Delay_Init        delay.o
    0x08000724   0x08000724   0x0000001c   Code   RO         3815    i.ESP8266_Clear     esp8266.o
    0x08000740   0x08000740   0x00000370   Code   RO         3816    i.ESP8266_ConnectCloud  esp8266.o
    0x08000ab0   0x08000ab0   0x000000cc   Code   RO         3817    i.ESP8266_ConnectWiFi  esp8266.o
    0x08000b7c   0x08000b7c   0x000001f0   Code   RO         3818    i.ESP8266_Init      esp8266.o
    0x08000d6c   0x08000d6c   0x00000150   Code   RO         3822    i.ESP8266_SendCmd   esp8266.o
    0x08000ebc   0x08000ebc   0x00000024   Code   RO         3824    i.ESP8266_WaitRecive  esp8266.o
    0x08000ee0   0x08000ee0   0x00000004   Code   RO           13    i.Error_Handler     main.o
    0x08000ee4   0x08000ee4   0x00000046   Code   RO         1223    i.HAL_DMA_Abort     stm32f1xx_hal_dma.o
    0x08000f2a   0x08000f2a   0x00000002   PAD
    0x08000f2c   0x08000f2c   0x00000098   Code   RO         1224    i.HAL_DMA_Abort_IT  stm32f1xx_hal_dma.o
    0x08000fc4   0x08000fc4   0x00000154   Code   RO         1228    i.HAL_DMA_IRQHandler  stm32f1xx_hal_dma.o
    0x08001118   0x08001118   0x0000005c   Code   RO         1229    i.HAL_DMA_Init      stm32f1xx_hal_dma.o
    0x08001174   0x08001174   0x00000070   Code   RO         1233    i.HAL_DMA_Start_IT  stm32f1xx_hal_dma.o
    0x080011e4   0x080011e4   0x000001e0   Code   RO         1159    i.HAL_GPIO_Init     stm32f1xx_hal_gpio.o
    0x080013c4   0x080013c4   0x0000000a   Code   RO         1163    i.HAL_GPIO_WritePin  stm32f1xx_hal_gpio.o
    0x080013ce   0x080013ce   0x00000002   PAD
    0x080013d0   0x080013d0   0x0000000c   Code   RO          853    i.HAL_GetTick       stm32f1xx_hal.o
    0x080013dc   0x080013dc   0x00000010   Code   RO          859    i.HAL_IncTick       stm32f1xx_hal.o
    0x080013ec   0x080013ec   0x00000024   Code   RO          860    i.HAL_Init          stm32f1xx_hal.o
    0x08001410   0x08001410   0x00000040   Code   RO          861    i.HAL_InitTick      stm32f1xx_hal.o
    0x08001450   0x08001450   0x0000003c   Code   RO          460    i.HAL_MspInit       stm32f1xx_hal_msp.o
    0x0800148c   0x0800148c   0x0000001a   Code   RO         1319    i.HAL_NVIC_EnableIRQ  stm32f1xx_hal_cortex.o
    0x080014a6   0x080014a6   0x00000002   PAD
    0x080014a8   0x080014a8   0x00000040   Code   RO         1325    i.HAL_NVIC_SetPriority  stm32f1xx_hal_cortex.o
    0x080014e8   0x080014e8   0x00000024   Code   RO         1326    i.HAL_NVIC_SetPriorityGrouping  stm32f1xx_hal_cortex.o
    0x0800150c   0x0800150c   0x0000012c   Code   RO         1017    i.HAL_RCC_ClockConfig  stm32f1xx_hal_rcc.o
    0x08001638   0x08001638   0x00000020   Code   RO         1024    i.HAL_RCC_GetPCLK1Freq  stm32f1xx_hal_rcc.o
    0x08001658   0x08001658   0x00000020   Code   RO         1025    i.HAL_RCC_GetPCLK2Freq  stm32f1xx_hal_rcc.o
    0x08001678   0x08001678   0x0000004c   Code   RO         1026    i.HAL_RCC_GetSysClockFreq  stm32f1xx_hal_rcc.o
    0x080016c4   0x080016c4   0x00000320   Code   RO         1029    i.HAL_RCC_OscConfig  stm32f1xx_hal_rcc.o
    0x080019e4   0x080019e4   0x00000002   Code   RO          527    i.HAL_SPI_ErrorCallback  stm32f1xx_hal_spi.o
    0x080019e6   0x080019e6   0x00000002   PAD
    0x080019e8   0x080019e8   0x000000e0   Code   RO          530    i.HAL_SPI_IRQHandler  stm32f1xx_hal_spi.o
    0x08001ac8   0x08001ac8   0x000000b2   Code   RO          531    i.HAL_SPI_Init      stm32f1xx_hal_spi.o
    0x08001b7a   0x08001b7a   0x00000002   PAD
    0x08001b7c   0x08001b7c   0x00000080   Code   RO          223    i.HAL_SPI_MspInit   spi.o
    0x08001bfc   0x08001bfc   0x00000028   Code   RO         1330    i.HAL_SYSTICK_Config  stm32f1xx_hal_cortex.o
    0x08001c24   0x08001c24   0x00000002   Code   RO         2525    i.HAL_TIMEx_BreakCallback  stm32f1xx_hal_tim_ex.o
    0x08001c26   0x08001c26   0x00000002   Code   RO         2526    i.HAL_TIMEx_CommutCallback  stm32f1xx_hal_tim_ex.o
    0x08001c28   0x08001c28   0x00000068   Code   RO         2544    i.HAL_TIMEx_MasterConfigSynchronization  stm32f1xx_hal_tim_ex.o
    0x08001c90   0x08001c90   0x0000005a   Code   RO         1821    i.HAL_TIM_Base_Init  stm32f1xx_hal_tim.o
    0x08001cea   0x08001cea   0x00000002   PAD
    0x08001cec   0x08001cec   0x0000003c   Code   RO          265    i.HAL_TIM_Base_MspInit  tim.o
    0x08001d28   0x08001d28   0x000000dc   Code   RO         1830    i.HAL_TIM_ConfigClockSource  stm32f1xx_hal_tim.o
    0x08001e04   0x08001e04   0x00000002   Code   RO         1855    i.HAL_TIM_IC_CaptureCallback  stm32f1xx_hal_tim.o
    0x08001e06   0x08001e06   0x00000130   Code   RO         1869    i.HAL_TIM_IRQHandler  stm32f1xx_hal_tim.o
    0x08001f36   0x08001f36   0x00000002   Code   RO         1872    i.HAL_TIM_OC_DelayElapsedCallback  stm32f1xx_hal_tim.o
    0x08001f38   0x08001f38   0x00000002   Code   RO         1899    i.HAL_TIM_PWM_PulseFinishedCallback  stm32f1xx_hal_tim.o
    0x08001f3a   0x08001f3a   0x00000002   PAD
    0x08001f3c   0x08001f3c   0x00000018   Code   RO         3924    i.HAL_TIM_PeriodElapsedCallback  mqtt_publisher.o
    0x08001f54   0x08001f54   0x00000002   Code   RO         1912    i.HAL_TIM_TriggerCallback  stm32f1xx_hal_tim.o
    0x08001f56   0x08001f56   0x00000002   Code   RO         2804    i.HAL_UARTEx_RxEventCallback  stm32f1xx_hal_uart.o
    0x08001f58   0x08001f58   0x00000070   Code   RO         2816    i.HAL_UART_DMAStop  stm32f1xx_hal_uart.o
    0x08001fc8   0x08001fc8   0x00000002   Code   RO         2818    i.HAL_UART_ErrorCallback  stm32f1xx_hal_uart.o
    0x08001fca   0x08001fca   0x00000002   PAD
    0x08001fcc   0x08001fcc   0x0000026c   Code   RO         2821    i.HAL_UART_IRQHandler  stm32f1xx_hal_uart.o
    0x08002238   0x08002238   0x00000064   Code   RO         2822    i.HAL_UART_Init     stm32f1xx_hal_uart.o
    0x0800229c   0x0800229c   0x00000124   Code   RO          307    i.HAL_UART_MspInit  usart.o
    0x080023c0   0x080023c0   0x0000001c   Code   RO         2826    i.HAL_UART_Receive_DMA  stm32f1xx_hal_uart.o
    0x080023dc   0x080023dc   0x0000002c   Code   RO         3825    i.HAL_UART_RxCpltCallback  esp8266.o
    0x08002408   0x08002408   0x00000002   Code   RO         2829    i.HAL_UART_RxHalfCpltCallback  stm32f1xx_hal_uart.o
    0x0800240a   0x0800240a   0x000000a0   Code   RO         2830    i.HAL_UART_Transmit  stm32f1xx_hal_uart.o
    0x080024aa   0x080024aa   0x00000002   Code   RO         2833    i.HAL_UART_TxCpltCallback  stm32f1xx_hal_uart.o
    0x080024ac   0x080024ac   0x00000002   Code   RO          358    i.HardFault_Handler  stm32f1xx_it.o
    0x080024ae   0x080024ae   0x00000002   PAD
    0x080024b0   0x080024b0   0x00000044   Code   RO         4081    i.I2C_Start         oled.o
    0x080024f4   0x080024f4   0x00000034   Code   RO         4082    i.I2C_Stop          oled.o
    0x08002528   0x08002528   0x00000038   Code   RO         4083    i.I2C_WaitAck       oled.o
    0x08002560   0x08002560   0x0000000a   Code   RO         4084    i.IIC_delay         oled.o
    0x0800256a   0x0800256a   0x00000002   PAD
    0x0800256c   0x0800256c   0x0000003c   Code   RO          198    i.MX_DMA_Init       dma.o
    0x080025a8   0x080025a8   0x0000013c   Code   RO          174    i.MX_GPIO_Init      gpio.o
    0x080026e4   0x080026e4   0x00000048   Code   RO          224    i.MX_SPI1_Init      spi.o
    0x0800272c   0x0800272c   0x00000068   Code   RO          266    i.MX_TIM4_Init      tim.o
    0x08002794   0x08002794   0x00000040   Code   RO          308    i.MX_USART1_UART_Init  usart.o
    0x080027d4   0x080027d4   0x00000038   Code   RO          309    i.MX_USART2_UART_Init  usart.o
    0x0800280c   0x0800280c   0x00000002   Code   RO          359    i.MemManage_Handler  stm32f1xx_it.o
    0x0800280e   0x0800280e   0x00000002   Code   RO          360    i.NMI_Handler       stm32f1xx_it.o
    0x08002810   0x08002810   0x0000002c   Code   RO         4085    i.OLED_Clear        oled.o
    0x0800283c   0x0800283c   0x0000002c   Code   RO         4092    i.OLED_DrawPoint    oled.o
    0x08002868   0x08002868   0x000000da   Code   RO         4093    i.OLED_Init         oled.o
    0x08002942   0x08002942   0x00000002   PAD
    0x08002944   0x08002944   0x00000068   Code   RO         4095    i.OLED_Refresh      oled.o
    0x080029ac   0x080029ac   0x000000e4   Code   RO         4096    i.OLED_ShowChar     oled.o
    0x08002a90   0x08002a90   0x0000003c   Code   RO         4099    i.OLED_ShowString   oled.o
    0x08002acc   0x08002acc   0x00000036   Code   RO         4100    i.OLED_WR_Byte      oled.o
    0x08002b02   0x08002b02   0x00000002   Code   RO          361    i.PendSV_Handler    stm32f1xx_it.o
    0x08002b04   0x08002b04   0x0000000c   Code   RO          362    i.SPI1_IRQHandler   stm32f1xx_it.o
    0x08002b10   0x08002b10   0x00000010   Code   RO          558    i.SPI_DMAAbortOnError  stm32f1xx_hal_spi.o
    0x08002b20   0x08002b20   0x00000002   Code   RO          363    i.SVC_Handler       stm32f1xx_it.o
    0x08002b22   0x08002b22   0x00000002   PAD
    0x08002b24   0x08002b24   0x00000054   Code   RO         4101    i.Send_Byte         oled.o
    0x08002b78   0x08002b78   0x00000004   Code   RO          364    i.SysTick_Handler   stm32f1xx_it.o
    0x08002b7c   0x08002b7c   0x0000005e   Code   RO           14    i.SystemClock_Config  main.o
    0x08002bda   0x08002bda   0x00000002   Code   RO         3156    i.SystemInit        system_stm32f1xx.o
    0x08002bdc   0x08002bdc   0x0000000c   Code   RO          365    i.TIM4_IRQHandler   stm32f1xx_it.o
    0x08002be8   0x08002be8   0x00000078   Code   RO         1914    i.TIM_Base_SetConfig  stm32f1xx_hal_tim.o
    0x08002c60   0x08002c60   0x00000014   Code   RO         1925    i.TIM_ETR_SetConfig  stm32f1xx_hal_tim.o
    0x08002c74   0x08002c74   0x00000010   Code   RO         1926    i.TIM_ITRx_SetConfig  stm32f1xx_hal_tim.o
    0x08002c84   0x08002c84   0x00000022   Code   RO         1932    i.TIM_TI1_ConfigInputStage  stm32f1xx_hal_tim.o
    0x08002ca6   0x08002ca6   0x00000024   Code   RO         1934    i.TIM_TI2_ConfigInputStage  stm32f1xx_hal_tim.o
    0x08002cca   0x08002cca   0x00000010   Code   RO         2835    i.UART_DMAAbortOnError  stm32f1xx_hal_uart.o
    0x08002cda   0x08002cda   0x0000004a   Code   RO         2836    i.UART_DMAError     stm32f1xx_hal_uart.o
    0x08002d24   0x08002d24   0x00000086   Code   RO         2837    i.UART_DMAReceiveCplt  stm32f1xx_hal_uart.o
    0x08002daa   0x08002daa   0x0000001e   Code   RO         2839    i.UART_DMARxHalfCplt  stm32f1xx_hal_uart.o
    0x08002dc8   0x08002dc8   0x0000004e   Code   RO         2845    i.UART_EndRxTransfer  stm32f1xx_hal_uart.o
    0x08002e16   0x08002e16   0x0000001c   Code   RO         2846    i.UART_EndTxTransfer  stm32f1xx_hal_uart.o
    0x08002e32   0x08002e32   0x000000c2   Code   RO         2847    i.UART_Receive_IT   stm32f1xx_hal_uart.o
    0x08002ef4   0x08002ef4   0x000000b8   Code   RO         2848    i.UART_SetConfig    stm32f1xx_hal_uart.o
    0x08002fac   0x08002fac   0x00000090   Code   RO         2849    i.UART_Start_Receive_DMA  stm32f1xx_hal_uart.o
    0x0800303c   0x0800303c   0x00000072   Code   RO         2851    i.UART_WaitOnFlagUntilTimeout  stm32f1xx_hal_uart.o
    0x080030ae   0x080030ae   0x00000002   PAD
    0x080030b0   0x080030b0   0x00000058   Code   RO          366    i.USART1_IRQHandler  stm32f1xx_it.o
    0x08003108   0x08003108   0x00000002   Code   RO          367    i.UsageFault_Handler  stm32f1xx_it.o
    0x0800310a   0x0800310a   0x00000020   Code   RO         1332    i.__NVIC_SetPriority  stm32f1xx_hal_cortex.o
    0x0800312a   0x0800312a   0x0000000e   Code   RO         4566    i._is_digit         c_w.l(__printf_wp.o)
    0x08003138   0x08003138   0x0000001a   Code   RO         3976    i.delay_ms          delay.o
    0x08003152   0x08003152   0x00000002   PAD
    0x08003154   0x08003154   0x00000034   Code   RO         3977    i.delay_us          delay.o
    0x08003188   0x08003188   0x000000ac   Code   RO           15    i.main              main.o
    0x08003234   0x08003234   0x00000012   Data   RO         1030    .constdata          stm32f1xx_hal_rcc.o
    0x08003246   0x08003246   0x00000010   Data   RO         3157    .constdata          system_stm32f1xx.o
    0x08003256   0x08003256   0x00000008   Data   RO         3158    .constdata          system_stm32f1xx.o
    0x0800325e   0x0800325e   0x000019e8   Data   RO         4103    .constdata          oled.o
    0x08004c46   0x08004c46   0x00000011   Data   RO         4574    .constdata          c_w.l(__printf_flags_ss_wp.o)
    0x08004c57   0x08004c57   0x00000001   PAD
    0x08004c58   0x08004c58   0x00000079   Data   RO         3827    .conststring        esp8266.o
    0x08004cd1   0x08004cd1   0x00000003   PAD
    0x08004cd4   0x08004cd4   0x00000020   Data   RO         5010    Region$$Table       anon$$obj.o


    Execution Region RW_IRAM1 (Exec base: 0x20000000, Load base: 0x08004cf4, Size: 0x00000ed0, Max: 0x00005000, ABSOLUTE)

    Exec Addr    Load Addr    Size         Type   Attr      Idx    E Section Name        Object

    0x20000000   0x08004cf4   0x0000000c   Data   RW          867    .data               stm32f1xx_hal.o
    0x2000000c   0x08004d00   0x00000004   Data   RW         3159    .data               system_stm32f1xx.o
    0x20000010   0x08004d04   0x00000004   Data   RW         3828    .data               esp8266.o
    0x20000014   0x08004d08   0x00000018   Data   RW         3928    .data               mqtt_publisher.o
    0x2000002c   0x08004d20   0x00000008   Data   RW         3978    .data               delay.o
    0x20000034        -       0x00000058   Zero   RW          225    .bss                spi.o
    0x2000008c        -       0x00000048   Zero   RW          267    .bss                tim.o
    0x200000d4        -       0x00000118   Zero   RW          310    .bss                usart.o
    0x200001ec        -       0x00000200   Zero   RW         3826    .bss                esp8266.o
    0x200003ec        -       0x00000480   Zero   RW         4102    .bss                oled.o
    0x2000086c        -       0x00000060   Zero   RW         4772    .bss                c_w.l(libspace.o)
    0x200008cc   0x08004d28   0x00000004   PAD
    0x200008d0        -       0x00000200   Zero   RW            2    HEAP                startup_stm32f103xb.o
    0x20000ad0        -       0x00000400   Zero   RW            1    STACK               startup_stm32f103xb.o


==============================================================================

Image component sizes


      Code (inc. data)   RO Data    RW Data    ZI Data      Debug   Object Name

       114         18          0          8          0       1551   delay.o
        60          4          0          0          0        738   dma.o
      2024        948        121          4        512       7486   esp8266.o
       316         20          0          0          0       1015   gpio.o
       270         44          0          0          0     434624   main.o
        24          8          0         24          0       1435   mqtt_publisher.o
      1022         48       6632          0       1152       8036   oled.o
       200         24          0          0         88       1601   spi.o
        64         26        236          0       1536        796   startup_stm32f103xb.o
       128         24          0         12          0       5201   stm32f1xx_hal.o
       198         14          0          0          0      28863   stm32f1xx_hal_cortex.o
       808         36          0          0          0       4890   stm32f1xx_hal_dma.o
       490         34          0          0          0       2844   stm32f1xx_hal_gpio.o
        60          8          0          0          0        846   stm32f1xx_hal_msp.o
      1240         84         18          0          0       5028   stm32f1xx_hal_rcc.o
       420          4          0          0          0       3144   stm32f1xx_hal_spi.o
       848         12          0          0          0       8997   stm32f1xx_hal_tim.o
       108         12          0          0          0       2345   stm32f1xx_hal_tim_ex.o
      2024         24          0          0          0      14547   stm32f1xx_hal_uart.o
       156         36          0          0          0       6555   stm32f1xx_it.o
         2          0         24          4          0       1071   system_stm32f1xx.o
       164         18          0          0         72       1606   tim.o
       412         44          0          0        280       2469   usart.o

    ----------------------------------------------------------------------
     11182       1490       7066         52       3640     545688   Object Totals
         0          0         32          0          0          0   (incl. Generated)
        30          0          3          0          0          0   (incl. Padding)

    ----------------------------------------------------------------------

      Code (inc. data)   RO Data    RW Data    ZI Data      Debug   Library Member Name

        56          6          0          0          0         88   __2snprintf.o
         8          0          0          0          0         68   __main.o
       392          4         17          0          0         92   __printf_flags_ss_wp.o
        14          0          0          0          0         68   __printf_wp.o
         0          0          0          0          0          0   __rtentry.o
        12          0          0          0          0          0   __rtentry2.o
         6          0          0          0          0          0   __rtentry4.o
        52          8          0          0          0          0   __scatter.o
        26          0          0          0          0          0   __scatter_copy.o
        28          0          0          0          0          0   __scatter_zi.o
        44          0          0          0          0        108   _printf_char.o
        48          6          0          0          0         96   _printf_char_common.o
         0          0          0          0          0          0   _printf_percent.o
         4          0          0          0          0          0   _printf_percent_end.o
         6          0          0          0          0          0   _printf_s.o
        82          0          0          0          0         80   _printf_str.o
        16          0          0          0          0         68   _snputc.o
        10          0          0          0          0         68   _sputc.o
        18          0          0          0          0         80   exit.o
         6          0          0          0          0        152   heapauxi.o
         0          0          0          0          0          0   indicate_semi.o
         2          0          0          0          0          0   libinit.o
         2          0          0          0          0          0   libinit2.o
         2          0          0          0          0          0   libshutdown.o
         2          0          0          0          0          0   libshutdown2.o
         8          4          0          0         96         68   libspace.o
        68          0          0          0          0         68   rt_memclr.o
        78          0          0          0          0         80   rt_memclr_w.o
       138          0          0          0          0         68   rt_memcpy_v6.o
       100          0          0          0          0         80   rt_memcpy_w.o
         2          0          0          0          0          0   rtexit.o
        10          0          0          0          0          0   rtexit2.o
        62          0          0          0          0         76   strlen.o
        36          0          0          0          0         80   strstr.o
        12          4          0          0          0         68   sys_exit.o
        74          0          0          0          0         80   sys_stackheap_outer.o
         2          0          0          0          0         68   use_no_semi.o

    ----------------------------------------------------------------------
      1434         32         18          0        100       1704   Library Totals
         8          0          1          0          4          0   (incl. Padding)

    ----------------------------------------------------------------------

      Code (inc. data)   RO Data    RW Data    ZI Data      Debug   Library Name

      1426         32         17          0         96       1704   c_w.l

    ----------------------------------------------------------------------
      1434         32         18          0        100       1704   Library Totals

    ----------------------------------------------------------------------

==============================================================================


      Code (inc. data)   RO Data    RW Data    ZI Data      Debug   

     12616       1522       7084         52       3740     540992   Grand Totals
     12616       1522       7084         52       3740     540992   ELF Image Totals
     12616       1522       7084         52          0          0   ROM Totals

==============================================================================

    Total RO  Size (Code + RO Data)                19700 (  19.24kB)
    Total RW  Size (RW Data + ZI Data)              3792 (   3.70kB)
    Total ROM Size (Code + RO Data + RW Data)      19752 (  19.29kB)

==============================================================================

