<html>
<body>
<pre>
<h1>µVision Build Log</h1>
<h2>Tool Versions:</h2>
IDE-Version: ¦ÌVision V5.38.0.0
Copyright (C) 2022 ARM Ltd and ARM Germany GmbH. All rights reserved.
License Information: rio Admin, rio, LIC=WHYH9-41S13-VE9HA-1P9V9-F08QJ-H7N6D
 
Tool Versions:
Toolchain:       MDK-ARM Plus  Version: 5.38.0.0
Toolchain Path:  C:\Keil_v5\ARM\ARMCC\Bin
C Compiler:      Armcc.exe V5.06 update 6 (build 750)
Assembler:       Armasm.exe V5.06 update 6 (build 750)
Linker/Locator:  ArmLink.exe V5.06 update 6 (build 750)
Library Manager: ArmAr.exe V5.06 update 6 (build 750)
Hex Converter:   FromElf.exe V5.06 update 6 (build 750)
CPU DLL:         SARMCM3.DLL V5.38.0.0
Dialog DLL:      DCM.DLL V1.17.5.0
Target DLL:      CMSIS_AGDI.dll V1.33.15.0
Dialog DLL:      TCM.DLL V1.56.4.0
 
<h2>Project:</h2>
C:\Users\Admin\Desktop\0301\campus_library_2026\MDK-ARM\WIFI_UART1.uvprojx
Project File Date:  03/01/2026

<h2>Output:</h2>
*** Using Compiler 'V5.06 update 6 (build 750)', folder: 'C:\Keil_v5\ARM\ARMCC\Bin'
Build target 'WIFI_UART1'
compiling main.c...
../App/esp8266.h(54): warning:  #1-D: last line of file ends without a newline
  #endif /* __ESP8266_H */
../App/hc_sr505.h(13): warning:  #1-D: last line of file ends without a newline
  #endif
../App/rc522.h(151): warning:  #1-D: last line of file ends without a newline
  #endif
../Core/Src/main.c(211): warning:  #223-D: function "sprintf" declared implicitly
  							sprintf(data_show, "Reg:%02X%02X%02X%02X", cardid[0], cardid[1], cardid[2], cardid[3]);
../Core/Src/main.c(255): warning:  #223-D: function "sprintf" declared implicitly
  						sprintf(data_show, "Del:%02X%02X%02X%02X", cardid[0], cardid[1], cardid[2], cardid[3]);
../Core/Src/main.c(284): warning:  #223-D: function "sprintf" declared implicitly
  						sprintf(data_show, "ID:%02X%02X%02X%02X", cardid[0], cardid[1], cardid[2], cardid[3]);
../Core/Src/main.c(79): warning:  #177-D: variable "wifi_try"  was declared but never referenced
    uint8_t wifi_try = 0, mqtt_try = 0;
../Core/Src/main.c(79): warning:  #177-D: variable "mqtt_try"  was declared but never referenced
    uint8_t wifi_try = 0, mqtt_try = 0;
../Core/Src/main.c(80): warning:  #177-D: variable "cardid"  was declared but never referenced
  		  uint8_t cardid[4]={0x00,0x00,0x00,0x00};
../Core/Src/main.c(81): warning:  #177-D: variable "data_show"  was declared but never referenced
  		char data_show[20];
../Core/Src/main.c: 10 warnings, 0 errors
linking...
Program Size: Code=16684 RO-data=7008 RW-data=52 ZI-data=3772  
FromELF: creating hex file...
"WIFI_UART1\WIFI_UART1.axf" - 0 Error(s), 10 Warning(s).

<h2>Software Packages used:</h2>

Package Vendor: ARM
                http://www.keil.com/pack/ARM.CMSIS.5.9.0.pack
                ARM.CMSIS.5.9.0
                CMSIS (Common Microcontroller Software Interface Standard)
   * Component: CORE Version: 5.6.0

Package Vendor: Keil
                https://www.keil.com/pack/Keil.STM32F1xx_DFP.2.4.1.pack
                Keil.STM32F1xx_DFP.2.4.1
                STMicroelectronics STM32F1 Series Device Support, Drivers and Examples

<h2>Collection of Component include folders:</h2>
  ./RTE/_WIFI_UART1
  C:/Users/Admin/AppData/Local/Arm/Packs/ARM/CMSIS/5.9.0/CMSIS/Core/Include
  C:/Users/Admin/AppData/Local/Arm/Packs/Keil/STM32F1xx_DFP/2.4.1/Device/Include

<h2>Collection of Component Files used:</h2>

   * Component: ARM::CMSIS:CORE:5.6.0
      Include file:  CMSIS/Core/Include/tz_context.h
Build Time Elapsed:  00:00:01
</pre>
</body>
</html>
